<?xml version="1.0" encoding="ISO-8859-1" ?>
<link_info>
   <banner>TMS320C2000 Linker PC v21.6.0.LTS</banner>
   <copyright>Copyright (c) 1996-2018 Texas Instruments Incorporated</copyright>
   <link_time>0x62fe7d3f</link_time>
   <link_errors>0x0</link_errors>
   <output_file>C2000_Lib_Templete.out</output_file>
   <entry_point>
      <name>code_start</name>
      <address>0x80000</address>
   </entry_point>
   <input_file_list>
      <input_file id="fl-2">
         <path>.\App\src\</path>
         <kind>object</kind>
         <file>ads1256.obj</file>
         <name>ads1256.obj</name>
      </input_file>
      <input_file id="fl-3">
         <path>.\App\src\</path>
         <kind>object</kind>
         <file>gpioint.obj</file>
         <name>gpioint.obj</name>
      </input_file>
      <input_file id="fl-4">
         <path>.\App\src\</path>
         <kind>object</kind>
         <file>inventer.obj</file>
         <name>inventer.obj</name>
      </input_file>
      <input_file id="fl-5">
         <path>.\App\src\</path>
         <kind>object</kind>
         <file>key4x4.obj</file>
         <name>key4x4.obj</name>
      </input_file>
      <input_file id="fl-6">
         <path>.\App\src\</path>
         <kind>object</kind>
         <file>main.obj</file>
         <name>main.obj</name>
      </input_file>
      <input_file id="fl-7">
         <path>.\App\src\</path>
         <kind>object</kind>
         <file>my_led.obj</file>
         <name>my_led.obj</name>
      </input_file>
      <input_file id="fl-8">
         <path>.\App\src\</path>
         <kind>object</kind>
         <file>myadc.obj</file>
         <name>myadc.obj</name>
      </input_file>
      <input_file id="fl-9">
         <path>.\App\src\</path>
         <kind>object</kind>
         <file>mycmpss.obj</file>
         <name>mycmpss.obj</name>
      </input_file>
      <input_file id="fl-a">
         <path>.\App\src\</path>
         <kind>object</kind>
         <file>mydac.obj</file>
         <name>mydac.obj</name>
      </input_file>
      <input_file id="fl-b">
         <path>.\App\src\</path>
         <kind>object</kind>
         <file>myecap.obj</file>
         <name>myecap.obj</name>
      </input_file>
      <input_file id="fl-c">
         <path>.\App\src\</path>
         <kind>object</kind>
         <file>myfft.obj</file>
         <name>myfft.obj</name>
      </input_file>
      <input_file id="fl-d">
         <path>.\App\src\</path>
         <kind>object</kind>
         <file>mypid.obj</file>
         <name>mypid.obj</name>
      </input_file>
      <input_file id="fl-e">
         <path>.\App\src\</path>
         <kind>object</kind>
         <file>myuart.obj</file>
         <name>myuart.obj</name>
      </input_file>
      <input_file id="fl-f">
         <path>.\App\src\</path>
         <kind>object</kind>
         <file>oled.obj</file>
         <name>oled.obj</name>
      </input_file>
      <input_file id="fl-10">
         <path>.\App\src\</path>
         <kind>object</kind>
         <file>oledfront.obj</file>
         <name>oledfront.obj</name>
      </input_file>
      <input_file id="fl-11">
         <path>.\App\src\</path>
         <kind>object</kind>
         <file>sys.obj</file>
         <name>sys.obj</name>
      </input_file>
      <input_file id="fl-12">
         <path>.\App\src\</path>
         <kind>object</kind>
         <file>tlv5618.obj</file>
         <name>tlv5618.obj</name>
      </input_file>
      <input_file id="fl-13">
         <path>.\App\src\</path>
         <kind>object</kind>
         <file>tpl0401.obj</file>
         <name>tpl0401.obj</name>
      </input_file>
      <input_file id="fl-14">
         <path>.\Bsp\</path>
         <kind>object</kind>
         <file>board.obj</file>
         <name>board.obj</name>
      </input_file>
      <input_file id="fl-15">
         <path>.\Bsp\</path>
         <kind>object</kind>
         <file>c2000ware_libraries.obj</file>
         <name>c2000ware_libraries.obj</name>
      </input_file>
      <input_file id="fl-16">
         <path>.\C2000ware\</path>
         <kind>object</kind>
         <file>adc.obj</file>
         <name>adc.obj</name>
      </input_file>
      <input_file id="fl-17">
         <path>.\C2000ware\</path>
         <kind>object</kind>
         <file>asysctl.obj</file>
         <name>asysctl.obj</name>
      </input_file>
      <input_file id="fl-18">
         <path>.\C2000ware\</path>
         <kind>object</kind>
         <file>can.obj</file>
         <name>can.obj</name>
      </input_file>
      <input_file id="fl-19">
         <path>.\C2000ware\</path>
         <kind>object</kind>
         <file>cla.obj</file>
         <name>cla.obj</name>
      </input_file>
      <input_file id="fl-1a">
         <path>.\C2000ware\</path>
         <kind>object</kind>
         <file>clapromcrc.obj</file>
         <name>clapromcrc.obj</name>
      </input_file>
      <input_file id="fl-1b">
         <path>.\C2000ware\</path>
         <kind>object</kind>
         <file>clb.obj</file>
         <name>clb.obj</name>
      </input_file>
      <input_file id="fl-1c">
         <path>.\C2000ware\</path>
         <kind>object</kind>
         <file>cmpss.obj</file>
         <name>cmpss.obj</name>
      </input_file>
      <input_file id="fl-1d">
         <path>.\C2000ware\</path>
         <kind>object</kind>
         <file>cputimer.obj</file>
         <name>cputimer.obj</name>
      </input_file>
      <input_file id="fl-1e">
         <path>.\C2000ware\</path>
         <kind>object</kind>
         <file>dac.obj</file>
         <name>dac.obj</name>
      </input_file>
      <input_file id="fl-1f">
         <path>.\C2000ware\</path>
         <kind>object</kind>
         <file>dcc.obj</file>
         <name>dcc.obj</name>
      </input_file>
      <input_file id="fl-20">
         <path>.\C2000ware\</path>
         <kind>object</kind>
         <file>dcsm.obj</file>
         <name>dcsm.obj</name>
      </input_file>
      <input_file id="fl-21">
         <path>.\C2000ware\</path>
         <kind>object</kind>
         <file>dma.obj</file>
         <name>dma.obj</name>
      </input_file>
      <input_file id="fl-22">
         <path>.\C2000ware\</path>
         <kind>object</kind>
         <file>ecap.obj</file>
         <name>ecap.obj</name>
      </input_file>
      <input_file id="fl-23">
         <path>.\C2000ware\</path>
         <kind>object</kind>
         <file>epwm.obj</file>
         <name>epwm.obj</name>
      </input_file>
      <input_file id="fl-24">
         <path>.\C2000ware\</path>
         <kind>object</kind>
         <file>eqep.obj</file>
         <name>eqep.obj</name>
      </input_file>
      <input_file id="fl-25">
         <path>.\C2000ware\</path>
         <kind>object</kind>
         <file>erad.obj</file>
         <name>erad.obj</name>
      </input_file>
      <input_file id="fl-26">
         <path>.\C2000ware\</path>
         <kind>object</kind>
         <file>flash.obj</file>
         <name>flash.obj</name>
      </input_file>
      <input_file id="fl-27">
         <path>.\C2000ware\</path>
         <kind>object</kind>
         <file>fsi.obj</file>
         <name>fsi.obj</name>
      </input_file>
      <input_file id="fl-28">
         <path>.\C2000ware\</path>
         <kind>object</kind>
         <file>gpio.obj</file>
         <name>gpio.obj</name>
      </input_file>
      <input_file id="fl-29">
         <path>.\C2000ware\</path>
         <kind>object</kind>
         <file>hrcap.obj</file>
         <name>hrcap.obj</name>
      </input_file>
      <input_file id="fl-2a">
         <path>.\C2000ware\</path>
         <kind>object</kind>
         <file>hrpwm.obj</file>
         <name>hrpwm.obj</name>
      </input_file>
      <input_file id="fl-2b">
         <path>.\C2000ware\</path>
         <kind>object</kind>
         <file>i2c.obj</file>
         <name>i2c.obj</name>
      </input_file>
      <input_file id="fl-2c">
         <path>.\C2000ware\</path>
         <kind>object</kind>
         <file>interrupt.obj</file>
         <name>interrupt.obj</name>
      </input_file>
      <input_file id="fl-2d">
         <path>.\C2000ware\</path>
         <kind>object</kind>
         <file>lin.obj</file>
         <name>lin.obj</name>
      </input_file>
      <input_file id="fl-2e">
         <path>.\C2000ware\</path>
         <kind>object</kind>
         <file>memcfg.obj</file>
         <name>memcfg.obj</name>
      </input_file>
      <input_file id="fl-2f">
         <path>.\C2000ware\</path>
         <kind>object</kind>
         <file>pga.obj</file>
         <name>pga.obj</name>
      </input_file>
      <input_file id="fl-30">
         <path>.\C2000ware\</path>
         <kind>object</kind>
         <file>pmbus.obj</file>
         <name>pmbus.obj</name>
      </input_file>
      <input_file id="fl-31">
         <path>.\C2000ware\</path>
         <kind>object</kind>
         <file>sci.obj</file>
         <name>sci.obj</name>
      </input_file>
      <input_file id="fl-32">
         <path>.\C2000ware\</path>
         <kind>object</kind>
         <file>sdfm.obj</file>
         <name>sdfm.obj</name>
      </input_file>
      <input_file id="fl-33">
         <path>.\C2000ware\</path>
         <kind>object</kind>
         <file>spi.obj</file>
         <name>spi.obj</name>
      </input_file>
      <input_file id="fl-34">
         <path>.\C2000ware\</path>
         <kind>object</kind>
         <file>sysctl.obj</file>
         <name>sysctl.obj</name>
      </input_file>
      <input_file id="fl-35">
         <path>.\C2000ware\</path>
         <kind>object</kind>
         <file>version.obj</file>
         <name>version.obj</name>
      </input_file>
      <input_file id="fl-36">
         <path>.\C2000ware\</path>
         <kind>object</kind>
         <file>xbar.obj</file>
         <name>xbar.obj</name>
      </input_file>
      <input_file id="fl-37">
         <path>.\Device\</path>
         <kind>object</kind>
         <file>device.obj</file>
         <name>device.obj</name>
      </input_file>
      <input_file id="fl-38">
         <path>.\Device\</path>
         <kind>object</kind>
         <file>f28004x_codestartbranch.obj</file>
         <name>f28004x_codestartbranch.obj</name>
      </input_file>
      <input_file id="fl-44">
         <kind>object</kind>
         <file>&lt;internal&gt;</file>
         <name>&lt;internal&gt;</name>
      </input_file>
      <input_file id="fl-4b">
         <path>..\dsp\</path>
         <kind>archive</kind>
         <file>c28x_fpu_dsp_library_coff.lib</file>
         <name>RFFT_f32_mag.obj</name>
      </input_file>
      <input_file id="fl-4c">
         <path>..\dsp\</path>
         <kind>archive</kind>
         <file>c28x_fpu_dsp_library_coff.lib</file>
         <name>RFFT_f32_sincostable.obj</name>
      </input_file>
      <input_file id="fl-4d">
         <path>..\dsp\</path>
         <kind>archive</kind>
         <file>c28x_fpu_dsp_library_coff.lib</file>
         <name>RFFT_f32u.obj</name>
      </input_file>
      <input_file id="fl-4e">
         <path>..\dsp\</path>
         <kind>archive</kind>
         <file>c28x_fpu_dsp_library_coff.lib</file>
         <name>RFFT_f32.obj</name>
      </input_file>
      <input_file id="fl-4f">
         <path>D:\CCS\ccs1040\ccs\tools\compiler\ti-cgt-c2000_21.6.0.LTS\lib\</path>
         <kind>archive</kind>
         <file>rts2800_fpu32.lib</file>
         <name>s_cosf.c.obj</name>
      </input_file>
      <input_file id="fl-50">
         <path>D:\CCS\ccs1040\ccs\tools\compiler\ti-cgt-c2000_21.6.0.LTS\lib\</path>
         <kind>archive</kind>
         <file>rts2800_fpu32.lib</file>
         <name>s_sinf.c.obj</name>
      </input_file>
      <input_file id="fl-51">
         <path>D:\CCS\ccs1040\ccs\tools\compiler\ti-cgt-c2000_21.6.0.LTS\lib\</path>
         <kind>archive</kind>
         <file>rts2800_fpu32.lib</file>
         <name>boot28.asm.obj</name>
      </input_file>
      <input_file id="fl-52">
         <path>D:\CCS\ccs1040\ccs\tools\compiler\ti-cgt-c2000_21.6.0.LTS\lib\</path>
         <kind>archive</kind>
         <file>rts2800_fpu32.lib</file>
         <name>fs_div28.asm.obj</name>
      </input_file>
      <input_file id="fl-53">
         <path>D:\CCS\ccs1040\ccs\tools\compiler\ti-cgt-c2000_21.6.0.LTS\lib\</path>
         <kind>archive</kind>
         <file>rts2800_fpu32.lib</file>
         <name>i_div28.asm.obj</name>
      </input_file>
      <input_file id="fl-54">
         <path>D:\CCS\ccs1040\ccs\tools\compiler\ti-cgt-c2000_21.6.0.LTS\lib\</path>
         <kind>archive</kind>
         <file>rts2800_fpu32.lib</file>
         <name>cpy_tbl.c.obj</name>
      </input_file>
      <input_file id="fl-55">
         <path>D:\CCS\ccs1040\ccs\tools\compiler\ti-cgt-c2000_21.6.0.LTS\lib\</path>
         <kind>archive</kind>
         <file>rts2800_fpu32.lib</file>
         <name>memcpy.c.obj</name>
      </input_file>
      <input_file id="fl-56">
         <path>D:\CCS\ccs1040\ccs\tools\compiler\ti-cgt-c2000_21.6.0.LTS\lib\</path>
         <kind>archive</kind>
         <file>rts2800_fpu32.lib</file>
         <name>pre_init.c.obj</name>
      </input_file>
      <input_file id="fl-57">
         <path>D:\CCS\ccs1040\ccs\tools\compiler\ti-cgt-c2000_21.6.0.LTS\lib\</path>
         <kind>archive</kind>
         <file>rts2800_fpu32.lib</file>
         <name>startup.c.obj</name>
      </input_file>
      <input_file id="fl-58">
         <path>D:\CCS\ccs1040\ccs\tools\compiler\ti-cgt-c2000_21.6.0.LTS\lib\</path>
         <kind>archive</kind>
         <file>rts2800_fpu32.lib</file>
         <name>exit.c.obj</name>
      </input_file>
      <input_file id="fl-59">
         <path>D:\CCS\ccs1040\ccs\tools\compiler\ti-cgt-c2000_21.6.0.LTS\lib\</path>
         <kind>archive</kind>
         <file>rts2800_fpu32.lib</file>
         <name>_lock.c.obj</name>
      </input_file>
      <input_file id="fl-5a">
         <path>D:\CCS\ccs1040\ccs\tools\compiler\ti-cgt-c2000_21.6.0.LTS\lib\</path>
         <kind>archive</kind>
         <file>rts2800_fpu32.lib</file>
         <name>args_main.c.obj</name>
      </input_file>
      <input_file id="fl-5b">
         <path>D:\CCS\ccs1040\ccs\tools\compiler\ti-cgt-c2000_21.6.0.LTS\lib\</path>
         <kind>archive</kind>
         <file>rts2800_fpu32.lib</file>
         <name>strlen.c.obj</name>
      </input_file>
   </input_file_list>
   <object_component_list>
      <object_component id="oc-8e">
         <name>codestart</name>
         <load_address>0x80000</load_address>
         <run_address>0x80000</run_address>
         <size>0x2</size>
         <input_file_ref idref="fl-38"/>
      </object_component>
      <object_component id="oc-206">
         <name>.text</name>
         <load_address>0x82000</load_address>
         <run_address>0x82000</run_address>
         <size>0x4ce</size>
         <input_file_ref idref="fl-f"/>
      </object_component>
      <object_component id="oc-212">
         <name>.text</name>
         <load_address>0x824ce</load_address>
         <run_address>0x824ce</run_address>
         <size>0x2e0</size>
         <input_file_ref idref="fl-34"/>
      </object_component>
      <object_component id="oc-205">
         <name>.text</name>
         <load_address>0x827ae</load_address>
         <run_address>0x827ae</run_address>
         <size>0x1e2</size>
         <input_file_ref idref="fl-13"/>
      </object_component>
      <object_component id="oc-20f">
         <name>.text</name>
         <load_address>0x82990</load_address>
         <run_address>0x82990</run_address>
         <size>0x18c</size>
         <input_file_ref idref="fl-28"/>
      </object_component>
      <object_component id="oc-20b">
         <name>.text</name>
         <load_address>0x82b1c</load_address>
         <run_address>0x82b1c</run_address>
         <size>0x172</size>
         <input_file_ref idref="fl-5"/>
      </object_component>
      <object_component id="oc-1f9">
         <name>.text</name>
         <load_address>0x82c8e</load_address>
         <run_address>0x82c8e</run_address>
         <size>0x15c</size>
         <input_file_ref idref="fl-2c"/>
      </object_component>
      <object_component id="oc-20a">
         <name>.text</name>
         <load_address>0x82dea</load_address>
         <run_address>0x82dea</run_address>
         <size>0x145</size>
         <input_file_ref idref="fl-8"/>
      </object_component>
      <object_component id="oc-20c">
         <name>.text</name>
         <load_address>0x82f2f</load_address>
         <run_address>0x82f2f</run_address>
         <size>0xcc</size>
         <input_file_ref idref="fl-b"/>
      </object_component>
      <object_component id="oc-1fc">
         <name>.text</name>
         <load_address>0x82ffb</load_address>
         <run_address>0x82ffb</run_address>
         <size>0x2</size>
         <input_file_ref idref="fl-56"/>
      </object_component>
      <object_component id="oc-1fe">
         <name>.text</name>
         <load_address>0x82ffd</load_address>
         <run_address>0x82ffd</run_address>
         <size>0x1</size>
         <input_file_ref idref="fl-57"/>
      </object_component>
      <object_component id="oc-207">
         <name>.text</name>
         <load_address>0x83000</load_address>
         <run_address>0x83000</run_address>
         <size>0x140</size>
         <input_file_ref idref="fl-37"/>
      </object_component>
      <object_component id="oc-202">
         <name>.text</name>
         <load_address>0x83140</load_address>
         <run_address>0x83140</run_address>
         <size>0x129</size>
         <input_file_ref idref="fl-6"/>
      </object_component>
      <object_component id="oc-1af">
         <name>.text</name>
         <load_address>0x8326a</load_address>
         <run_address>0x8326a</run_address>
         <size>0x11d</size>
         <input_file_ref idref="fl-4e"/>
      </object_component>
      <object_component id="oc-1fb">
         <name>.text</name>
         <load_address>0x83387</load_address>
         <run_address>0x83387</run_address>
         <size>0xfb</size>
         <input_file_ref idref="fl-31"/>
      </object_component>
      <object_component id="oc-209">
         <name>.text</name>
         <load_address>0x83482</load_address>
         <run_address>0x83482</run_address>
         <size>0xe1</size>
         <input_file_ref idref="fl-e"/>
      </object_component>
      <object_component id="oc-214">
         <name>.text</name>
         <load_address>0x83564</load_address>
         <run_address>0x83564</run_address>
         <size>0xd4</size>
         <input_file_ref idref="fl-16"/>
      </object_component>
      <object_component id="oc-215">
         <name>.text</name>
         <load_address>0x83638</load_address>
         <run_address>0x83638</run_address>
         <size>0xcb</size>
         <input_file_ref idref="fl-21"/>
      </object_component>
      <object_component id="oc-1a0">
         <name>.text</name>
         <load_address>0x83704</load_address>
         <run_address>0x83704</run_address>
         <size>0x9c</size>
         <input_file_ref idref="fl-4b"/>
      </object_component>
      <object_component id="oc-1c5">
         <name>.text</name>
         <load_address>0x837a0</load_address>
         <run_address>0x837a0</run_address>
         <size>0x88</size>
         <input_file_ref idref="fl-52"/>
      </object_component>
      <object_component id="oc-1aa">
         <name>.text</name>
         <load_address>0x83828</load_address>
         <run_address>0x83828</run_address>
         <size>0x85</size>
         <input_file_ref idref="fl-4d"/>
      </object_component>
      <object_component id="oc-d9">
         <name>.text:retain</name>
         <load_address>0x838ad</load_address>
         <run_address>0x838ad</run_address>
         <size>0x68</size>
         <input_file_ref idref="fl-e"/>
      </object_component>
      <object_component id="oc-c4">
         <name>.text:retain</name>
         <load_address>0x83915</load_address>
         <run_address>0x83915</run_address>
         <size>0x59</size>
         <input_file_ref idref="fl-b"/>
      </object_component>
      <object_component id="oc-1be">
         <name>.text</name>
         <load_address>0x8396e</load_address>
         <run_address>0x8396e</run_address>
         <size>0x56</size>
         <input_file_ref idref="fl-51"/>
      </object_component>
      <object_component id="oc-200">
         <name>.text</name>
         <load_address>0x839c4</load_address>
         <run_address>0x839c4</run_address>
         <size>0x29</size>
         <input_file_ref idref="fl-58"/>
      </object_component>
      <object_component id="oc-208">
         <name>.text</name>
         <load_address>0x839ed</load_address>
         <run_address>0x839ed</run_address>
         <size>0x28</size>
         <input_file_ref idref="fl-14"/>
      </object_component>
      <object_component id="oc-1fd">
         <name>.text</name>
         <load_address>0x83a15</load_address>
         <run_address>0x83a15</run_address>
         <size>0x24</size>
         <input_file_ref idref="fl-54"/>
      </object_component>
      <object_component id="oc-1ca">
         <name>.text</name>
         <load_address>0x83a39</load_address>
         <run_address>0x83a39</run_address>
         <size>0x22</size>
         <input_file_ref idref="fl-53"/>
      </object_component>
      <object_component id="oc-201">
         <name>.text</name>
         <load_address>0x83a5b</load_address>
         <run_address>0x83a5b</run_address>
         <size>0x1d</size>
         <input_file_ref idref="fl-55"/>
      </object_component>
      <object_component id="oc-1ff">
         <name>.text</name>
         <load_address>0x83a78</load_address>
         <run_address>0x83a78</run_address>
         <size>0x12</size>
         <input_file_ref idref="fl-5a"/>
      </object_component>
      <object_component id="oc-216">
         <name>.text</name>
         <load_address>0x83a8a</load_address>
         <run_address>0x83a8a</run_address>
         <size>0xd</size>
         <input_file_ref idref="fl-22"/>
      </object_component>
      <object_component id="oc-20d">
         <name>.text</name>
         <load_address>0x83a97</load_address>
         <run_address>0x83a97</run_address>
         <size>0x9</size>
         <input_file_ref idref="fl-59"/>
      </object_component>
      <object_component id="oc-19b">
         <name>.text</name>
         <load_address>0x83aa0</load_address>
         <run_address>0x83aa0</run_address>
         <size>0x8</size>
         <input_file_ref idref="fl-38"/>
      </object_component>
      <object_component id="oc-213">
         <name>.text</name>
         <load_address>0x83aa8</load_address>
         <run_address>0x83aa8</run_address>
         <size>0x8</size>
         <input_file_ref idref="fl-5b"/>
      </object_component>
      <object_component id="oc-ba">
         <name>.cinit</name>
         <load_address>0x81000</load_address>
         <run_address>0x81000</run_address>
         <size>0x107</size>
         <input_file_ref idref="fl-a"/>
      </object_component>
      <object_component id="oc-d2">
         <name>.cinit</name>
         <load_address>0x81107</load_address>
         <run_address>0x81107</run_address>
         <size>0x1f</size>
         <input_file_ref idref="fl-d"/>
      </object_component>
      <object_component id="oc-a0">
         <name>.cinit</name>
         <load_address>0x81126</load_address>
         <run_address>0x81126</run_address>
         <size>0x15</size>
         <input_file_ref idref="fl-6"/>
      </object_component>
      <object_component id="oc-1e4">
         <name>.cinit</name>
         <load_address>0x8113b</load_address>
         <run_address>0x8113b</run_address>
         <size>0xe</size>
         <input_file_ref idref="fl-58"/>
      </object_component>
      <object_component id="oc-195">
         <name>.cinit</name>
         <load_address>0x81149</load_address>
         <run_address>0x81149</run_address>
         <size>0xa</size>
         <input_file_ref idref="fl-37"/>
      </object_component>
      <object_component id="oc-ca">
         <name>.cinit</name>
         <load_address>0x81153</load_address>
         <run_address>0x81153</run_address>
         <size>0xa</size>
         <input_file_ref idref="fl-c"/>
      </object_component>
      <object_component id="oc-99">
         <name>.cinit</name>
         <load_address>0x8115d</load_address>
         <run_address>0x8115d</run_address>
         <size>0x8</size>
         <input_file_ref idref="fl-5"/>
      </object_component>
      <object_component id="oc-204">
         <name>.cinit:__lock</name>
         <load_address>0x81165</load_address>
         <run_address>0x81165</run_address>
         <size>0x5</size>
         <input_file_ref idref="fl-59"/>
      </object_component>
      <object_component id="oc-20e">
         <name>.cinit:__unlock</name>
         <load_address>0x8116a</load_address>
         <run_address>0x8116a</run_address>
         <size>0x5</size>
         <input_file_ref idref="fl-59"/>
      </object_component>
      <object_component id="oc-b2">
         <name>.cinit</name>
         <load_address>0x8116f</load_address>
         <run_address>0x8116f</run_address>
         <size>0x4</size>
         <input_file_ref idref="fl-9"/>
      </object_component>
      <object_component id="oc-1c0">
         <name>.reset</name>
         <load_address>0x3fffc0</load_address>
         <run_address>0x3fffc0</run_address>
         <size>0x2</size>
         <input_file_ref idref="fl-51"/>
      </object_component>
      <object_component id="oc-1bf">
         <name>.stack</name>
         <uninitialized>true</uninitialized>
         <run_address>0x400</run_address>
         <size>0x0</size>
         <input_file_ref idref="fl-51"/>
      </object_component>
      <object_component id="oc-2ad">
         <name>.stack</name>
         <uninitialized>true</uninitialized>
         <run_address>0x400</run_address>
         <size>0x0</size>
      </object_component>
      <object_component id="oc-9a">
         <name>.ebss</name>
         <uninitialized>true</uninitialized>
         <run_address>0xacd0</run_address>
         <size>0x2</size>
         <input_file_ref idref="fl-5"/>
      </object_component>
      <object_component id="oc-a1">
         <name>.ebss</name>
         <uninitialized>true</uninitialized>
         <run_address>0xacb8</run_address>
         <size>0x6</size>
         <input_file_ref idref="fl-6"/>
      </object_component>
      <object_component id="oc-aa">
         <name>.ebss</name>
         <uninitialized>true</uninitialized>
         <run_address>0xacd2</run_address>
         <size>0x1</size>
         <input_file_ref idref="fl-8"/>
      </object_component>
      <object_component id="oc-b3">
         <name>.ebss</name>
         <uninitialized>true</uninitialized>
         <run_address>0xacd3</run_address>
         <size>0x1</size>
         <input_file_ref idref="fl-9"/>
      </object_component>
      <object_component id="oc-bb">
         <name>.ebss</name>
         <uninitialized>true</uninitialized>
         <run_address>0xacd4</run_address>
         <size>0x1</size>
         <input_file_ref idref="fl-a"/>
      </object_component>
      <object_component id="oc-c3">
         <name>.ebss</name>
         <uninitialized>true</uninitialized>
         <run_address>0xacb0</run_address>
         <size>0x8</size>
         <input_file_ref idref="fl-b"/>
      </object_component>
      <object_component id="oc-1fa">
         <name>.ebss:_ecap3Cap1Count</name>
         <uninitialized>true</uninitialized>
         <run_address>0xacc6</run_address>
         <size>0x4</size>
         <input_file_ref idref="fl-b"/>
      </object_component>
      <object_component id="oc-cb">
         <name>.ebss</name>
         <uninitialized>true</uninitialized>
         <run_address>0xac9c</run_address>
         <size>0x14</size>
         <input_file_ref idref="fl-c"/>
      </object_component>
      <object_component id="oc-d3">
         <name>.ebss</name>
         <uninitialized>true</uninitialized>
         <run_address>0xac80</run_address>
         <size>0x1c</size>
         <input_file_ref idref="fl-d"/>
      </object_component>
      <object_component id="oc-210">
         <name>.ebss:_OLED_GRAM</name>
         <uninitialized>true</uninitialized>
         <run_address>0xa800</run_address>
         <size>0x480</size>
         <input_file_ref idref="fl-f"/>
      </object_component>
      <object_component id="oc-196">
         <name>.ebss</name>
         <uninitialized>true</uninitialized>
         <run_address>0xacca</run_address>
         <size>0x4</size>
         <input_file_ref idref="fl-37"/>
      </object_component>
      <object_component id="oc-1e5">
         <name>.ebss</name>
         <uninitialized>true</uninitialized>
         <run_address>0xacc0</run_address>
         <size>0x6</size>
         <input_file_ref idref="fl-58"/>
      </object_component>
      <object_component id="oc-203">
         <name>.ebss:__lock</name>
         <uninitialized>true</uninitialized>
         <run_address>0xacbe</run_address>
         <size>0x2</size>
         <input_file_ref idref="fl-59"/>
      </object_component>
      <object_component id="oc-217">
         <name>.ebss:__unlock</name>
         <uninitialized>true</uninitialized>
         <run_address>0xacce</run_address>
         <size>0x2</size>
         <input_file_ref idref="fl-59"/>
      </object_component>
      <object_component id="oc-a2">
         <name>.econst:.string</name>
         <load_address>0x84000</load_address>
         <run_address>0x84000</run_address>
         <size>0xe</size>
         <input_file_ref idref="fl-6"/>
      </object_component>
      <object_component id="oc-da">
         <name>.econst:.string</name>
         <load_address>0x8400e</load_address>
         <run_address>0x8400e</run_address>
         <size>0xe</size>
         <input_file_ref idref="fl-e"/>
      </object_component>
      <object_component id="oc-ab">
         <name>ramgs1</name>
         <uninitialized>true</uninitialized>
         <run_address>0xe880</run_address>
         <size>0x100</size>
         <input_file_ref idref="fl-8"/>
      </object_component>
      <object_component id="oc-bc">
         <name>ramgs1</name>
         <uninitialized>true</uninitialized>
         <run_address>0xe980</run_address>
         <size>0x100</size>
         <input_file_ref idref="fl-a"/>
      </object_component>
      <object_component id="oc-cc">
         <name>ramgs1</name>
         <uninitialized>true</uninitialized>
         <run_address>0xe000</run_address>
         <size>0x880</size>
         <input_file_ref idref="fl-c"/>
      </object_component>
      <object_component id="oc-e5">
         <name>asc21608</name>
         <load_address>0x9a000</load_address>
         <run_address>0x9a000</run_address>
         <size>0x5f0</size>
         <input_file_ref idref="fl-10"/>
      </object_component>
      <object_component id="oc-211">
         <name>.TI.ramfunc</name>
         <load_address>0x81178</load_address>
         <run_address>0x8000</run_address>
         <size>0x72</size>
         <input_file_ref idref="fl-26"/>
      </object_component>
      <object_component id="oc-b4">
         <name>.TI.ramfunc:retain</name>
         <load_address>0x811ea</load_address>
         <run_address>0x8072</run_address>
         <size>0x3b</size>
         <input_file_ref idref="fl-9"/>
      </object_component>
      <object_component id="oc-bd">
         <name>.TI.ramfunc:retain</name>
         <load_address>0x81225</load_address>
         <run_address>0x80ad</run_address>
         <size>0x2d</size>
         <input_file_ref idref="fl-a"/>
      </object_component>
      <object_component id="oc-ac">
         <name>.TI.ramfunc:retain</name>
         <load_address>0x81252</load_address>
         <run_address>0x80da</run_address>
         <size>0x27</size>
         <input_file_ref idref="fl-8"/>
      </object_component>
      <object_component id="oc-185">
         <name>.TI.ramfunc</name>
         <load_address>0x81279</load_address>
         <run_address>0x8101</run_address>
         <size>0x4</size>
         <input_file_ref idref="fl-34"/>
      </object_component>
      <object_component id="oc-8f">
         <name>.debug_info</name>
         <load_address>0x0</load_address>
         <run_address>0x0</run_address>
         <size>0x5e1</size>
         <input_file_ref idref="fl-2"/>
      </object_component>
      <object_component id="oc-94">
         <name>.debug_info</name>
         <load_address>0x5e1</load_address>
         <run_address>0x5e1</run_address>
         <size>0x183</size>
         <input_file_ref idref="fl-3"/>
      </object_component>
      <object_component id="oc-96">
         <name>.debug_info</name>
         <load_address>0x764</load_address>
         <run_address>0x764</run_address>
         <size>0x184</size>
         <input_file_ref idref="fl-4"/>
      </object_component>
      <object_component id="oc-98">
         <name>.debug_info</name>
         <load_address>0x8e8</load_address>
         <run_address>0x8e8</run_address>
         <size>0xbcc</size>
         <input_file_ref idref="fl-5"/>
      </object_component>
      <object_component id="oc-9f">
         <name>.debug_info</name>
         <load_address>0x14b4</load_address>
         <run_address>0x14b4</run_address>
         <size>0xf6f</size>
         <input_file_ref idref="fl-6"/>
      </object_component>
      <object_component id="oc-a7">
         <name>.debug_info</name>
         <load_address>0x2423</load_address>
         <run_address>0x2423</run_address>
         <size>0x182</size>
         <input_file_ref idref="fl-7"/>
      </object_component>
      <object_component id="oc-a9">
         <name>.debug_info</name>
         <load_address>0x25a5</load_address>
         <run_address>0x25a5</run_address>
         <size>0x1d23</size>
         <input_file_ref idref="fl-8"/>
      </object_component>
      <object_component id="oc-b1">
         <name>.debug_info</name>
         <load_address>0x42c8</load_address>
         <run_address>0x42c8</run_address>
         <size>0x14fc</size>
         <input_file_ref idref="fl-9"/>
      </object_component>
      <object_component id="oc-b9">
         <name>.debug_info</name>
         <load_address>0x57c4</load_address>
         <run_address>0x57c4</run_address>
         <size>0x87c</size>
         <input_file_ref idref="fl-a"/>
      </object_component>
      <object_component id="oc-c2">
         <name>.debug_info</name>
         <load_address>0x6040</load_address>
         <run_address>0x6040</run_address>
         <size>0x168b</size>
         <input_file_ref idref="fl-b"/>
      </object_component>
      <object_component id="oc-c9">
         <name>.debug_info</name>
         <load_address>0x76cb</load_address>
         <run_address>0x76cb</run_address>
         <size>0x6da</size>
         <input_file_ref idref="fl-c"/>
      </object_component>
      <object_component id="oc-d1">
         <name>.debug_info</name>
         <load_address>0x7da5</load_address>
         <run_address>0x7da5</run_address>
         <size>0x5cf</size>
         <input_file_ref idref="fl-d"/>
      </object_component>
      <object_component id="oc-d8">
         <name>.debug_info</name>
         <load_address>0x8374</load_address>
         <run_address>0x8374</run_address>
         <size>0xf92</size>
         <input_file_ref idref="fl-e"/>
      </object_component>
      <object_component id="oc-df">
         <name>.debug_info</name>
         <load_address>0x9306</load_address>
         <run_address>0x9306</run_address>
         <size>0x1de2</size>
         <input_file_ref idref="fl-f"/>
      </object_component>
      <object_component id="oc-e4">
         <name>.debug_info</name>
         <load_address>0xb0e8</load_address>
         <run_address>0xb0e8</run_address>
         <size>0x1d0</size>
         <input_file_ref idref="fl-10"/>
      </object_component>
      <object_component id="oc-e7">
         <name>.debug_info</name>
         <load_address>0xb2b8</load_address>
         <run_address>0xb2b8</run_address>
         <size>0x17f</size>
         <input_file_ref idref="fl-11"/>
      </object_component>
      <object_component id="oc-e9">
         <name>.debug_info</name>
         <load_address>0xb437</load_address>
         <run_address>0xb437</run_address>
         <size>0x5b9</size>
         <input_file_ref idref="fl-12"/>
      </object_component>
      <object_component id="oc-ee">
         <name>.debug_info</name>
         <load_address>0xb9f0</load_address>
         <run_address>0xb9f0</run_address>
         <size>0x13f3</size>
         <input_file_ref idref="fl-13"/>
      </object_component>
      <object_component id="oc-f3">
         <name>.debug_info</name>
         <load_address>0xcde3</load_address>
         <run_address>0xcde3</run_address>
         <size>0x734</size>
         <input_file_ref idref="fl-14"/>
      </object_component>
      <object_component id="oc-f8">
         <name>.debug_info</name>
         <load_address>0xd517</load_address>
         <run_address>0xd517</run_address>
         <size>0x33b</size>
         <input_file_ref idref="fl-15"/>
      </object_component>
      <object_component id="oc-fd">
         <name>.debug_info</name>
         <load_address>0xd852</load_address>
         <run_address>0xd852</run_address>
         <size>0x9db</size>
         <input_file_ref idref="fl-16"/>
      </object_component>
      <object_component id="oc-102">
         <name>.debug_info</name>
         <load_address>0xe22d</load_address>
         <run_address>0xe22d</run_address>
         <size>0x185</size>
         <input_file_ref idref="fl-17"/>
      </object_component>
      <object_component id="oc-104">
         <name>.debug_info</name>
         <load_address>0xe3b2</load_address>
         <run_address>0xe3b2</run_address>
         <size>0x4fa</size>
         <input_file_ref idref="fl-18"/>
      </object_component>
      <object_component id="oc-109">
         <name>.debug_info</name>
         <load_address>0xe8ac</load_address>
         <run_address>0xe8ac</run_address>
         <size>0x9c5</size>
         <input_file_ref idref="fl-19"/>
      </object_component>
      <object_component id="oc-10e">
         <name>.debug_info</name>
         <load_address>0xf271</load_address>
         <run_address>0xf271</run_address>
         <size>0x188</size>
         <input_file_ref idref="fl-1a"/>
      </object_component>
      <object_component id="oc-110">
         <name>.debug_info</name>
         <load_address>0xf3f9</load_address>
         <run_address>0xf3f9</run_address>
         <size>0x408</size>
         <input_file_ref idref="fl-1b"/>
      </object_component>
      <object_component id="oc-115">
         <name>.debug_info</name>
         <load_address>0xf801</load_address>
         <run_address>0xf801</run_address>
         <size>0x3ca</size>
         <input_file_ref idref="fl-1c"/>
      </object_component>
      <object_component id="oc-11a">
         <name>.debug_info</name>
         <load_address>0xfbcb</load_address>
         <run_address>0xfbcb</run_address>
         <size>0x425</size>
         <input_file_ref idref="fl-1d"/>
      </object_component>
      <object_component id="oc-11f">
         <name>.debug_info</name>
         <load_address>0xfff0</load_address>
         <run_address>0xfff0</run_address>
         <size>0x3db</size>
         <input_file_ref idref="fl-1e"/>
      </object_component>
      <object_component id="oc-124">
         <name>.debug_info</name>
         <load_address>0x103cb</load_address>
         <run_address>0x103cb</run_address>
         <size>0x57e</size>
         <input_file_ref idref="fl-1f"/>
      </object_component>
      <object_component id="oc-129">
         <name>.debug_info</name>
         <load_address>0x10949</load_address>
         <run_address>0x10949</run_address>
         <size>0x90b</size>
         <input_file_ref idref="fl-20"/>
      </object_component>
      <object_component id="oc-12e">
         <name>.debug_info</name>
         <load_address>0x11254</load_address>
         <run_address>0x11254</run_address>
         <size>0xf6c</size>
         <input_file_ref idref="fl-21"/>
      </object_component>
      <object_component id="oc-133">
         <name>.debug_info</name>
         <load_address>0x121c0</load_address>
         <run_address>0x121c0</run_address>
         <size>0x4d2</size>
         <input_file_ref idref="fl-22"/>
      </object_component>
      <object_component id="oc-138">
         <name>.debug_info</name>
         <load_address>0x12692</load_address>
         <run_address>0x12692</run_address>
         <size>0xbd9</size>
         <input_file_ref idref="fl-23"/>
      </object_component>
      <object_component id="oc-13d">
         <name>.debug_info</name>
         <load_address>0x1326b</load_address>
         <run_address>0x1326b</run_address>
         <size>0x3a1</size>
         <input_file_ref idref="fl-24"/>
      </object_component>
      <object_component id="oc-142">
         <name>.debug_info</name>
         <load_address>0x1360c</load_address>
         <run_address>0x1360c</run_address>
         <size>0xc2f</size>
         <input_file_ref idref="fl-25"/>
      </object_component>
      <object_component id="oc-147">
         <name>.debug_info</name>
         <load_address>0x1423b</load_address>
         <run_address>0x1423b</run_address>
         <size>0x6e0</size>
         <input_file_ref idref="fl-26"/>
      </object_component>
      <object_component id="oc-14c">
         <name>.debug_info</name>
         <load_address>0x1491b</load_address>
         <run_address>0x1491b</run_address>
         <size>0x540</size>
         <input_file_ref idref="fl-27"/>
      </object_component>
      <object_component id="oc-151">
         <name>.debug_info</name>
         <load_address>0x14e5b</load_address>
         <run_address>0x14e5b</run_address>
         <size>0xf7e</size>
         <input_file_ref idref="fl-28"/>
      </object_component>
      <object_component id="oc-156">
         <name>.debug_info</name>
         <load_address>0x15dd9</load_address>
         <run_address>0x15dd9</run_address>
         <size>0x183</size>
         <input_file_ref idref="fl-29"/>
      </object_component>
      <object_component id="oc-158">
         <name>.debug_info</name>
         <load_address>0x15f5c</load_address>
         <run_address>0x15f5c</run_address>
         <size>0x183</size>
         <input_file_ref idref="fl-2a"/>
      </object_component>
      <object_component id="oc-15a">
         <name>.debug_info</name>
         <load_address>0x160df</load_address>
         <run_address>0x160df</run_address>
         <size>0x3c6</size>
         <input_file_ref idref="fl-2b"/>
      </object_component>
      <object_component id="oc-15f">
         <name>.debug_info</name>
         <load_address>0x164a5</load_address>
         <run_address>0x164a5</run_address>
         <size>0x98c</size>
         <input_file_ref idref="fl-2c"/>
      </object_component>
      <object_component id="oc-164">
         <name>.debug_info</name>
         <load_address>0x16e31</load_address>
         <run_address>0x16e31</run_address>
         <size>0x565</size>
         <input_file_ref idref="fl-2d"/>
      </object_component>
      <object_component id="oc-169">
         <name>.debug_info</name>
         <load_address>0x17396</load_address>
         <run_address>0x17396</run_address>
         <size>0x48c</size>
         <input_file_ref idref="fl-2e"/>
      </object_component>
      <object_component id="oc-16e">
         <name>.debug_info</name>
         <load_address>0x17822</load_address>
         <run_address>0x17822</run_address>
         <size>0x181</size>
         <input_file_ref idref="fl-2f"/>
      </object_component>
      <object_component id="oc-170">
         <name>.debug_info</name>
         <load_address>0x179a3</load_address>
         <run_address>0x179a3</run_address>
         <size>0x470</size>
         <input_file_ref idref="fl-30"/>
      </object_component>
      <object_component id="oc-175">
         <name>.debug_info</name>
         <load_address>0x17e13</load_address>
         <run_address>0x17e13</run_address>
         <size>0xc95</size>
         <input_file_ref idref="fl-31"/>
      </object_component>
      <object_component id="oc-17a">
         <name>.debug_info</name>
         <load_address>0x18aa8</load_address>
         <run_address>0x18aa8</run_address>
         <size>0x4d8</size>
         <input_file_ref idref="fl-32"/>
      </object_component>
      <object_component id="oc-17f">
         <name>.debug_info</name>
         <load_address>0x18f80</load_address>
         <run_address>0x18f80</run_address>
         <size>0x7b4</size>
         <input_file_ref idref="fl-33"/>
      </object_component>
      <object_component id="oc-184">
         <name>.debug_info</name>
         <load_address>0x19734</load_address>
         <run_address>0x19734</run_address>
         <size>0x1405</size>
         <input_file_ref idref="fl-34"/>
      </object_component>
      <object_component id="oc-18a">
         <name>.debug_info</name>
         <load_address>0x1ab39</load_address>
         <run_address>0x1ab39</run_address>
         <size>0x355</size>
         <input_file_ref idref="fl-35"/>
      </object_component>
      <object_component id="oc-18f">
         <name>.debug_info</name>
         <load_address>0x1ae8e</load_address>
         <run_address>0x1ae8e</run_address>
         <size>0x2e0c</size>
         <input_file_ref idref="fl-36"/>
      </object_component>
      <object_component id="oc-194">
         <name>.debug_info</name>
         <load_address>0x1dc9a</load_address>
         <run_address>0x1dc9a</run_address>
         <size>0x10bf</size>
         <input_file_ref idref="fl-37"/>
      </object_component>
      <object_component id="oc-19d">
         <name>.debug_info</name>
         <load_address>0x1ed59</load_address>
         <run_address>0x1ed59</run_address>
         <size>0x135</size>
         <input_file_ref idref="fl-38"/>
      </object_component>
      <object_component id="oc-1a2">
         <name>.debug_info</name>
         <load_address>0x1ee8e</load_address>
         <run_address>0x1ee8e</run_address>
         <size>0x185</size>
         <input_file_ref idref="fl-4b"/>
      </object_component>
      <object_component id="oc-1a5">
         <name>.debug_info</name>
         <load_address>0x1f013</load_address>
         <run_address>0x1f013</run_address>
         <size>0x4e1</size>
         <input_file_ref idref="fl-4c"/>
      </object_component>
      <object_component id="oc-1ac">
         <name>.debug_info</name>
         <load_address>0x1f4f4</load_address>
         <run_address>0x1f4f4</run_address>
         <size>0x23c</size>
         <input_file_ref idref="fl-4d"/>
      </object_component>
      <object_component id="oc-1b1">
         <name>.debug_info</name>
         <load_address>0x1f730</load_address>
         <run_address>0x1f730</run_address>
         <size>0x2a9</size>
         <input_file_ref idref="fl-4e"/>
      </object_component>
      <object_component id="oc-1b4">
         <name>.debug_info</name>
         <load_address>0x1f9d9</load_address>
         <run_address>0x1f9d9</run_address>
         <size>0x349</size>
         <input_file_ref idref="fl-4f"/>
      </object_component>
      <object_component id="oc-1b9">
         <name>.debug_info</name>
         <load_address>0x1fd22</load_address>
         <run_address>0x1fd22</run_address>
         <size>0x349</size>
         <input_file_ref idref="fl-50"/>
      </object_component>
      <object_component id="oc-1c1">
         <name>.debug_info</name>
         <load_address>0x2006b</load_address>
         <run_address>0x2006b</run_address>
         <size>0x173</size>
         <input_file_ref idref="fl-51"/>
      </object_component>
      <object_component id="oc-1c6">
         <name>.debug_info</name>
         <load_address>0x201de</load_address>
         <run_address>0x201de</run_address>
         <size>0x114</size>
         <input_file_ref idref="fl-52"/>
      </object_component>
      <object_component id="oc-1cb">
         <name>.debug_info</name>
         <load_address>0x202f2</load_address>
         <run_address>0x202f2</run_address>
         <size>0x141</size>
         <input_file_ref idref="fl-53"/>
      </object_component>
      <object_component id="oc-1cf">
         <name>.debug_info</name>
         <load_address>0x20433</load_address>
         <run_address>0x20433</run_address>
         <size>0x561</size>
         <input_file_ref idref="fl-54"/>
      </object_component>
      <object_component id="oc-1d4">
         <name>.debug_info</name>
         <load_address>0x20994</load_address>
         <run_address>0x20994</run_address>
         <size>0x43a</size>
         <input_file_ref idref="fl-55"/>
      </object_component>
      <object_component id="oc-1d9">
         <name>.debug_info</name>
         <load_address>0x20dce</load_address>
         <run_address>0x20dce</run_address>
         <size>0x3ad</size>
         <input_file_ref idref="fl-56"/>
      </object_component>
      <object_component id="oc-1de">
         <name>.debug_info</name>
         <load_address>0x2117b</load_address>
         <run_address>0x2117b</run_address>
         <size>0x3aa</size>
         <input_file_ref idref="fl-57"/>
      </object_component>
      <object_component id="oc-1e3">
         <name>.debug_info</name>
         <load_address>0x21525</load_address>
         <run_address>0x21525</run_address>
         <size>0x544</size>
         <input_file_ref idref="fl-58"/>
      </object_component>
      <object_component id="oc-1ea">
         <name>.debug_info</name>
         <load_address>0x21a69</load_address>
         <run_address>0x21a69</run_address>
         <size>0x4cc</size>
         <input_file_ref idref="fl-59"/>
      </object_component>
      <object_component id="oc-1ef">
         <name>.debug_info</name>
         <load_address>0x21f35</load_address>
         <run_address>0x21f35</run_address>
         <size>0x467</size>
         <input_file_ref idref="fl-5a"/>
      </object_component>
      <object_component id="oc-1f4">
         <name>.debug_info</name>
         <load_address>0x2239c</load_address>
         <run_address>0x2239c</run_address>
         <size>0x4aa</size>
         <input_file_ref idref="fl-5b"/>
      </object_component>
      <object_component id="oc-2b0">
         <name>.debug_info</name>
         <load_address>0x22846</load_address>
         <run_address>0x22846</run_address>
         <size>0xa4</size>
      </object_component>
      <object_component id="oc-90">
         <name>.debug_frame</name>
         <load_address>0x0</load_address>
         <run_address>0x0</run_address>
         <size>0x28</size>
         <input_file_ref idref="fl-2"/>
      </object_component>
      <object_component id="oc-9b">
         <name>.debug_frame</name>
         <load_address>0x28</load_address>
         <run_address>0x28</run_address>
         <size>0x6c</size>
         <input_file_ref idref="fl-5"/>
      </object_component>
      <object_component id="oc-a3">
         <name>.debug_frame</name>
         <load_address>0x94</load_address>
         <run_address>0x94</run_address>
         <size>0xc0</size>
         <input_file_ref idref="fl-6"/>
      </object_component>
      <object_component id="oc-ad">
         <name>.debug_frame</name>
         <load_address>0x154</load_address>
         <run_address>0x154</run_address>
         <size>0xec</size>
         <input_file_ref idref="fl-8"/>
      </object_component>
      <object_component id="oc-b5">
         <name>.debug_frame</name>
         <load_address>0x240</load_address>
         <run_address>0x240</run_address>
         <size>0xac</size>
         <input_file_ref idref="fl-9"/>
      </object_component>
      <object_component id="oc-be">
         <name>.debug_frame</name>
         <load_address>0x2ec</load_address>
         <run_address>0x2ec</run_address>
         <size>0x64</size>
         <input_file_ref idref="fl-a"/>
      </object_component>
      <object_component id="oc-c5">
         <name>.debug_frame</name>
         <load_address>0x350</load_address>
         <run_address>0x350</run_address>
         <size>0x120</size>
         <input_file_ref idref="fl-b"/>
      </object_component>
      <object_component id="oc-cd">
         <name>.debug_frame</name>
         <load_address>0x470</load_address>
         <run_address>0x470</run_address>
         <size>0x28</size>
         <input_file_ref idref="fl-c"/>
      </object_component>
      <object_component id="oc-d4">
         <name>.debug_frame</name>
         <load_address>0x498</load_address>
         <run_address>0x498</run_address>
         <size>0x28</size>
         <input_file_ref idref="fl-d"/>
      </object_component>
      <object_component id="oc-db">
         <name>.debug_frame</name>
         <load_address>0x4c0</load_address>
         <run_address>0x4c0</run_address>
         <size>0x16c</size>
         <input_file_ref idref="fl-e"/>
      </object_component>
      <object_component id="oc-e0">
         <name>.debug_frame</name>
         <load_address>0x62c</load_address>
         <run_address>0x62c</run_address>
         <size>0x3b0</size>
         <input_file_ref idref="fl-f"/>
      </object_component>
      <object_component id="oc-ea">
         <name>.debug_frame</name>
         <load_address>0x9dc</load_address>
         <run_address>0x9dc</run_address>
         <size>0x28</size>
         <input_file_ref idref="fl-12"/>
      </object_component>
      <object_component id="oc-ef">
         <name>.debug_frame</name>
         <load_address>0xa04</load_address>
         <run_address>0xa04</run_address>
         <size>0x1d0</size>
         <input_file_ref idref="fl-13"/>
      </object_component>
      <object_component id="oc-f4">
         <name>.debug_frame</name>
         <load_address>0xbd4</load_address>
         <run_address>0xbd4</run_address>
         <size>0x74</size>
         <input_file_ref idref="fl-14"/>
      </object_component>
      <object_component id="oc-f9">
         <name>.debug_frame</name>
         <load_address>0xc48</load_address>
         <run_address>0xc48</run_address>
         <size>0x28</size>
         <input_file_ref idref="fl-15"/>
      </object_component>
      <object_component id="oc-fe">
         <name>.debug_frame</name>
         <load_address>0xc70</load_address>
         <run_address>0xc70</run_address>
         <size>0xb0</size>
         <input_file_ref idref="fl-16"/>
      </object_component>
      <object_component id="oc-105">
         <name>.debug_frame</name>
         <load_address>0xd20</load_address>
         <run_address>0xd20</run_address>
         <size>0x28</size>
         <input_file_ref idref="fl-18"/>
      </object_component>
      <object_component id="oc-10a">
         <name>.debug_frame</name>
         <load_address>0xd48</load_address>
         <run_address>0xd48</run_address>
         <size>0x28</size>
         <input_file_ref idref="fl-19"/>
      </object_component>
      <object_component id="oc-111">
         <name>.debug_frame</name>
         <load_address>0xd70</load_address>
         <run_address>0xd70</run_address>
         <size>0x28</size>
         <input_file_ref idref="fl-1b"/>
      </object_component>
      <object_component id="oc-116">
         <name>.debug_frame</name>
         <load_address>0xd98</load_address>
         <run_address>0xd98</run_address>
         <size>0x28</size>
         <input_file_ref idref="fl-1c"/>
      </object_component>
      <object_component id="oc-11b">
         <name>.debug_frame</name>
         <load_address>0xdc0</load_address>
         <run_address>0xdc0</run_address>
         <size>0x28</size>
         <input_file_ref idref="fl-1d"/>
      </object_component>
      <object_component id="oc-120">
         <name>.debug_frame</name>
         <load_address>0xde8</load_address>
         <run_address>0xde8</run_address>
         <size>0x28</size>
         <input_file_ref idref="fl-1e"/>
      </object_component>
      <object_component id="oc-125">
         <name>.debug_frame</name>
         <load_address>0xe10</load_address>
         <run_address>0xe10</run_address>
         <size>0x28</size>
         <input_file_ref idref="fl-1f"/>
      </object_component>
      <object_component id="oc-12a">
         <name>.debug_frame</name>
         <load_address>0xe38</load_address>
         <run_address>0xe38</run_address>
         <size>0x28</size>
         <input_file_ref idref="fl-20"/>
      </object_component>
      <object_component id="oc-12f">
         <name>.debug_frame</name>
         <load_address>0xe60</load_address>
         <run_address>0xe60</run_address>
         <size>0xb8</size>
         <input_file_ref idref="fl-21"/>
      </object_component>
      <object_component id="oc-134">
         <name>.debug_frame</name>
         <load_address>0xf18</load_address>
         <run_address>0xf18</run_address>
         <size>0x40</size>
         <input_file_ref idref="fl-22"/>
      </object_component>
      <object_component id="oc-139">
         <name>.debug_frame</name>
         <load_address>0xf58</load_address>
         <run_address>0xf58</run_address>
         <size>0x28</size>
         <input_file_ref idref="fl-23"/>
      </object_component>
      <object_component id="oc-13e">
         <name>.debug_frame</name>
         <load_address>0xf80</load_address>
         <run_address>0xf80</run_address>
         <size>0x28</size>
         <input_file_ref idref="fl-24"/>
      </object_component>
      <object_component id="oc-143">
         <name>.debug_frame</name>
         <load_address>0xfa8</load_address>
         <run_address>0xfa8</run_address>
         <size>0x28</size>
         <input_file_ref idref="fl-25"/>
      </object_component>
      <object_component id="oc-148">
         <name>.debug_frame</name>
         <load_address>0xfd0</load_address>
         <run_address>0xfd0</run_address>
         <size>0x70</size>
         <input_file_ref idref="fl-26"/>
      </object_component>
      <object_component id="oc-14d">
         <name>.debug_frame</name>
         <load_address>0x1040</load_address>
         <run_address>0x1040</run_address>
         <size>0x28</size>
         <input_file_ref idref="fl-27"/>
      </object_component>
      <object_component id="oc-152">
         <name>.debug_frame</name>
         <load_address>0x1068</load_address>
         <run_address>0x1068</run_address>
         <size>0x13c</size>
         <input_file_ref idref="fl-28"/>
      </object_component>
      <object_component id="oc-15b">
         <name>.debug_frame</name>
         <load_address>0x11a4</load_address>
         <run_address>0x11a4</run_address>
         <size>0x28</size>
         <input_file_ref idref="fl-2b"/>
      </object_component>
      <object_component id="oc-160">
         <name>.debug_frame</name>
         <load_address>0x11cc</load_address>
         <run_address>0x11cc</run_address>
         <size>0x114</size>
         <input_file_ref idref="fl-2c"/>
      </object_component>
      <object_component id="oc-165">
         <name>.debug_frame</name>
         <load_address>0x12e0</load_address>
         <run_address>0x12e0</run_address>
         <size>0x28</size>
         <input_file_ref idref="fl-2d"/>
      </object_component>
      <object_component id="oc-16a">
         <name>.debug_frame</name>
         <load_address>0x1308</load_address>
         <run_address>0x1308</run_address>
         <size>0x28</size>
         <input_file_ref idref="fl-2e"/>
      </object_component>
      <object_component id="oc-171">
         <name>.debug_frame</name>
         <load_address>0x1330</load_address>
         <run_address>0x1330</run_address>
         <size>0x28</size>
         <input_file_ref idref="fl-30"/>
      </object_component>
      <object_component id="oc-176">
         <name>.debug_frame</name>
         <load_address>0x1358</load_address>
         <run_address>0x1358</run_address>
         <size>0x110</size>
         <input_file_ref idref="fl-31"/>
      </object_component>
      <object_component id="oc-17b">
         <name>.debug_frame</name>
         <load_address>0x1468</load_address>
         <run_address>0x1468</run_address>
         <size>0x28</size>
         <input_file_ref idref="fl-32"/>
      </object_component>
      <object_component id="oc-180">
         <name>.debug_frame</name>
         <load_address>0x1490</load_address>
         <run_address>0x1490</run_address>
         <size>0x28</size>
         <input_file_ref idref="fl-33"/>
      </object_component>
      <object_component id="oc-186">
         <name>.debug_frame</name>
         <load_address>0x14b8</load_address>
         <run_address>0x14b8</run_address>
         <size>0x12c</size>
         <input_file_ref idref="fl-34"/>
      </object_component>
      <object_component id="oc-18b">
         <name>.debug_frame</name>
         <load_address>0x15e4</load_address>
         <run_address>0x15e4</run_address>
         <size>0x28</size>
         <input_file_ref idref="fl-35"/>
      </object_component>
      <object_component id="oc-190">
         <name>.debug_frame</name>
         <load_address>0x160c</load_address>
         <run_address>0x160c</run_address>
         <size>0x28</size>
         <input_file_ref idref="fl-36"/>
      </object_component>
      <object_component id="oc-197">
         <name>.debug_frame</name>
         <load_address>0x1634</load_address>
         <run_address>0x1634</run_address>
         <size>0x8c</size>
         <input_file_ref idref="fl-37"/>
      </object_component>
      <object_component id="oc-1a6">
         <name>.debug_frame</name>
         <load_address>0x16c0</load_address>
         <run_address>0x16c0</run_address>
         <size>0x28</size>
         <input_file_ref idref="fl-4c"/>
      </object_component>
      <object_component id="oc-1b5">
         <name>.debug_frame</name>
         <load_address>0x16e8</load_address>
         <run_address>0x16e8</run_address>
         <size>0x28</size>
         <input_file_ref idref="fl-4f"/>
      </object_component>
      <object_component id="oc-1ba">
         <name>.debug_frame</name>
         <load_address>0x1710</load_address>
         <run_address>0x1710</run_address>
         <size>0x28</size>
         <input_file_ref idref="fl-50"/>
      </object_component>
      <object_component id="oc-1d0">
         <name>.debug_frame</name>
         <load_address>0x1738</load_address>
         <run_address>0x1738</run_address>
         <size>0x60</size>
         <input_file_ref idref="fl-54"/>
      </object_component>
      <object_component id="oc-1d5">
         <name>.debug_frame</name>
         <load_address>0x1798</load_address>
         <run_address>0x1798</run_address>
         <size>0x40</size>
         <input_file_ref idref="fl-55"/>
      </object_component>
      <object_component id="oc-1da">
         <name>.debug_frame</name>
         <load_address>0x17d8</load_address>
         <run_address>0x17d8</run_address>
         <size>0x40</size>
         <input_file_ref idref="fl-56"/>
      </object_component>
      <object_component id="oc-1df">
         <name>.debug_frame</name>
         <load_address>0x1818</load_address>
         <run_address>0x1818</run_address>
         <size>0x40</size>
         <input_file_ref idref="fl-57"/>
      </object_component>
      <object_component id="oc-1e6">
         <name>.debug_frame</name>
         <load_address>0x1858</load_address>
         <run_address>0x1858</run_address>
         <size>0x60</size>
         <input_file_ref idref="fl-58"/>
      </object_component>
      <object_component id="oc-1eb">
         <name>.debug_frame</name>
         <load_address>0x18b8</load_address>
         <run_address>0x18b8</run_address>
         <size>0x70</size>
         <input_file_ref idref="fl-59"/>
      </object_component>
      <object_component id="oc-1f0">
         <name>.debug_frame</name>
         <load_address>0x1928</load_address>
         <run_address>0x1928</run_address>
         <size>0x40</size>
         <input_file_ref idref="fl-5a"/>
      </object_component>
      <object_component id="oc-1f5">
         <name>.debug_frame</name>
         <load_address>0x1968</load_address>
         <run_address>0x1968</run_address>
         <size>0x40</size>
         <input_file_ref idref="fl-5b"/>
      </object_component>
      <object_component id="oc-91">
         <name>.debug_line</name>
         <load_address>0x0</load_address>
         <run_address>0x0</run_address>
         <size>0xac</size>
         <input_file_ref idref="fl-2"/>
      </object_component>
      <object_component id="oc-9c">
         <name>.debug_line</name>
         <load_address>0xac</load_address>
         <run_address>0xac</run_address>
         <size>0x22f</size>
         <input_file_ref idref="fl-5"/>
      </object_component>
      <object_component id="oc-a4">
         <name>.debug_line</name>
         <load_address>0x2db</load_address>
         <run_address>0x2db</run_address>
         <size>0x211</size>
         <input_file_ref idref="fl-6"/>
      </object_component>
      <object_component id="oc-ae">
         <name>.debug_line</name>
         <load_address>0x4ec</load_address>
         <run_address>0x4ec</run_address>
         <size>0x3d5</size>
         <input_file_ref idref="fl-8"/>
      </object_component>
      <object_component id="oc-b6">
         <name>.debug_line</name>
         <load_address>0x8c1</load_address>
         <run_address>0x8c1</run_address>
         <size>0x1a2</size>
         <input_file_ref idref="fl-9"/>
      </object_component>
      <object_component id="oc-bf">
         <name>.debug_line</name>
         <load_address>0xa63</load_address>
         <run_address>0xa63</run_address>
         <size>0x17f</size>
         <input_file_ref idref="fl-a"/>
      </object_component>
      <object_component id="oc-c6">
         <name>.debug_line</name>
         <load_address>0xbe2</load_address>
         <run_address>0xbe2</run_address>
         <size>0x2a4</size>
         <input_file_ref idref="fl-b"/>
      </object_component>
      <object_component id="oc-ce">
         <name>.debug_line</name>
         <load_address>0xe86</load_address>
         <run_address>0xe86</run_address>
         <size>0x74</size>
         <input_file_ref idref="fl-c"/>
      </object_component>
      <object_component id="oc-d5">
         <name>.debug_line</name>
         <load_address>0xefa</load_address>
         <run_address>0xefa</run_address>
         <size>0x33</size>
         <input_file_ref idref="fl-d"/>
      </object_component>
      <object_component id="oc-dc">
         <name>.debug_line</name>
         <load_address>0xf2d</load_address>
         <run_address>0xf2d</run_address>
         <size>0x2b4</size>
         <input_file_ref idref="fl-e"/>
      </object_component>
      <object_component id="oc-e1">
         <name>.debug_line</name>
         <load_address>0x11e1</load_address>
         <run_address>0x11e1</run_address>
         <size>0x714</size>
         <input_file_ref idref="fl-f"/>
      </object_component>
      <object_component id="oc-eb">
         <name>.debug_line</name>
         <load_address>0x18f5</load_address>
         <run_address>0x18f5</run_address>
         <size>0xac</size>
         <input_file_ref idref="fl-12"/>
      </object_component>
      <object_component id="oc-f0">
         <name>.debug_line</name>
         <load_address>0x19a1</load_address>
         <run_address>0x19a1</run_address>
         <size>0x487</size>
         <input_file_ref idref="fl-13"/>
      </object_component>
      <object_component id="oc-f5">
         <name>.debug_line</name>
         <load_address>0x1e28</load_address>
         <run_address>0x1e28</run_address>
         <size>0xb9</size>
         <input_file_ref idref="fl-14"/>
      </object_component>
      <object_component id="oc-fa">
         <name>.debug_line</name>
         <load_address>0x1ee1</load_address>
         <run_address>0x1ee1</run_address>
         <size>0x3d</size>
         <input_file_ref idref="fl-15"/>
      </object_component>
      <object_component id="oc-ff">
         <name>.debug_line</name>
         <load_address>0x1f1e</load_address>
         <run_address>0x1f1e</run_address>
         <size>0x125</size>
         <input_file_ref idref="fl-16"/>
      </object_component>
      <object_component id="oc-106">
         <name>.debug_line</name>
         <load_address>0x2043</load_address>
         <run_address>0x2043</run_address>
         <size>0x49</size>
         <input_file_ref idref="fl-18"/>
      </object_component>
      <object_component id="oc-10b">
         <name>.debug_line</name>
         <load_address>0x208c</load_address>
         <run_address>0x208c</run_address>
         <size>0x33</size>
         <input_file_ref idref="fl-19"/>
      </object_component>
      <object_component id="oc-112">
         <name>.debug_line</name>
         <load_address>0x20bf</load_address>
         <run_address>0x20bf</run_address>
         <size>0x49</size>
         <input_file_ref idref="fl-1b"/>
      </object_component>
      <object_component id="oc-117">
         <name>.debug_line</name>
         <load_address>0x2108</load_address>
         <run_address>0x2108</run_address>
         <size>0x35</size>
         <input_file_ref idref="fl-1c"/>
      </object_component>
      <object_component id="oc-11c">
         <name>.debug_line</name>
         <load_address>0x213d</load_address>
         <run_address>0x213d</run_address>
         <size>0x38</size>
         <input_file_ref idref="fl-1d"/>
      </object_component>
      <object_component id="oc-121">
         <name>.debug_line</name>
         <load_address>0x2175</load_address>
         <run_address>0x2175</run_address>
         <size>0x33</size>
         <input_file_ref idref="fl-1e"/>
      </object_component>
      <object_component id="oc-126">
         <name>.debug_line</name>
         <load_address>0x21a8</load_address>
         <run_address>0x21a8</run_address>
         <size>0x49</size>
         <input_file_ref idref="fl-1f"/>
      </object_component>
      <object_component id="oc-12b">
         <name>.debug_line</name>
         <load_address>0x21f1</load_address>
         <run_address>0x21f1</run_address>
         <size>0x4b</size>
         <input_file_ref idref="fl-20"/>
      </object_component>
      <object_component id="oc-130">
         <name>.debug_line</name>
         <load_address>0x223c</load_address>
         <run_address>0x223c</run_address>
         <size>0x107</size>
         <input_file_ref idref="fl-21"/>
      </object_component>
      <object_component id="oc-135">
         <name>.debug_line</name>
         <load_address>0x2343</load_address>
         <run_address>0x2343</run_address>
         <size>0x4b</size>
         <input_file_ref idref="fl-22"/>
      </object_component>
      <object_component id="oc-13a">
         <name>.debug_line</name>
         <load_address>0x238e</load_address>
         <run_address>0x238e</run_address>
         <size>0x4b</size>
         <input_file_ref idref="fl-23"/>
      </object_component>
      <object_component id="oc-13f">
         <name>.debug_line</name>
         <load_address>0x23d9</load_address>
         <run_address>0x23d9</run_address>
         <size>0x34</size>
         <input_file_ref idref="fl-24"/>
      </object_component>
      <object_component id="oc-144">
         <name>.debug_line</name>
         <load_address>0x240d</load_address>
         <run_address>0x240d</run_address>
         <size>0x4b</size>
         <input_file_ref idref="fl-25"/>
      </object_component>
      <object_component id="oc-149">
         <name>.debug_line</name>
         <load_address>0x2458</load_address>
         <run_address>0x2458</run_address>
         <size>0xd2</size>
         <input_file_ref idref="fl-26"/>
      </object_component>
      <object_component id="oc-14e">
         <name>.debug_line</name>
         <load_address>0x252a</load_address>
         <run_address>0x252a</run_address>
         <size>0x49</size>
         <input_file_ref idref="fl-27"/>
      </object_component>
      <object_component id="oc-153">
         <name>.debug_line</name>
         <load_address>0x2573</load_address>
         <run_address>0x2573</run_address>
         <size>0x1f2</size>
         <input_file_ref idref="fl-28"/>
      </object_component>
      <object_component id="oc-15c">
         <name>.debug_line</name>
         <load_address>0x2765</load_address>
         <run_address>0x2765</run_address>
         <size>0x33</size>
         <input_file_ref idref="fl-2b"/>
      </object_component>
      <object_component id="oc-161">
         <name>.debug_line</name>
         <load_address>0x2798</load_address>
         <run_address>0x2798</run_address>
         <size>0x1ea</size>
         <input_file_ref idref="fl-2c"/>
      </object_component>
      <object_component id="oc-166">
         <name>.debug_line</name>
         <load_address>0x2982</load_address>
         <run_address>0x2982</run_address>
         <size>0x49</size>
         <input_file_ref idref="fl-2d"/>
      </object_component>
      <object_component id="oc-16b">
         <name>.debug_line</name>
         <load_address>0x29cb</load_address>
         <run_address>0x29cb</run_address>
         <size>0x36</size>
         <input_file_ref idref="fl-2e"/>
      </object_component>
      <object_component id="oc-172">
         <name>.debug_line</name>
         <load_address>0x2a01</load_address>
         <run_address>0x2a01</run_address>
         <size>0x35</size>
         <input_file_ref idref="fl-30"/>
      </object_component>
      <object_component id="oc-177">
         <name>.debug_line</name>
         <load_address>0x2a36</load_address>
         <run_address>0x2a36</run_address>
         <size>0x244</size>
         <input_file_ref idref="fl-31"/>
      </object_component>
      <object_component id="oc-17c">
         <name>.debug_line</name>
         <load_address>0x2c7a</load_address>
         <run_address>0x2c7a</run_address>
         <size>0x4b</size>
         <input_file_ref idref="fl-32"/>
      </object_component>
      <object_component id="oc-181">
         <name>.debug_line</name>
         <load_address>0x2cc5</load_address>
         <run_address>0x2cc5</run_address>
         <size>0x49</size>
         <input_file_ref idref="fl-33"/>
      </object_component>
      <object_component id="oc-187">
         <name>.debug_line</name>
         <load_address>0x2d0e</load_address>
         <run_address>0x2d0e</run_address>
         <size>0x3a4</size>
         <input_file_ref idref="fl-34"/>
      </object_component>
      <object_component id="oc-18c">
         <name>.debug_line</name>
         <load_address>0x30b2</load_address>
         <run_address>0x30b2</run_address>
         <size>0x37</size>
         <input_file_ref idref="fl-35"/>
      </object_component>
      <object_component id="oc-191">
         <name>.debug_line</name>
         <load_address>0x30e9</load_address>
         <run_address>0x30e9</run_address>
         <size>0x34</size>
         <input_file_ref idref="fl-36"/>
      </object_component>
      <object_component id="oc-198">
         <name>.debug_line</name>
         <load_address>0x311d</load_address>
         <run_address>0x311d</run_address>
         <size>0x192</size>
         <input_file_ref idref="fl-37"/>
      </object_component>
      <object_component id="oc-19c">
         <name>.debug_line</name>
         <load_address>0x32af</load_address>
         <run_address>0x32af</run_address>
         <size>0x6a</size>
         <input_file_ref idref="fl-38"/>
      </object_component>
      <object_component id="oc-1a1">
         <name>.debug_line</name>
         <load_address>0x3319</load_address>
         <run_address>0x3319</run_address>
         <size>0xdf</size>
         <input_file_ref idref="fl-4b"/>
      </object_component>
      <object_component id="oc-1a7">
         <name>.debug_line</name>
         <load_address>0x33f8</load_address>
         <run_address>0x33f8</run_address>
         <size>0x7c</size>
         <input_file_ref idref="fl-4c"/>
      </object_component>
      <object_component id="oc-1ab">
         <name>.debug_line</name>
         <load_address>0x3474</load_address>
         <run_address>0x3474</run_address>
         <size>0xf3</size>
         <input_file_ref idref="fl-4d"/>
      </object_component>
      <object_component id="oc-1b0">
         <name>.debug_line</name>
         <load_address>0x3567</load_address>
         <run_address>0x3567</run_address>
         <size>0x165</size>
         <input_file_ref idref="fl-4e"/>
      </object_component>
      <object_component id="oc-1b6">
         <name>.debug_line</name>
         <load_address>0x36cc</load_address>
         <run_address>0x36cc</run_address>
         <size>0x29</size>
         <input_file_ref idref="fl-4f"/>
      </object_component>
      <object_component id="oc-1bb">
         <name>.debug_line</name>
         <load_address>0x36f5</load_address>
         <run_address>0x36f5</run_address>
         <size>0x29</size>
         <input_file_ref idref="fl-50"/>
      </object_component>
      <object_component id="oc-1c2">
         <name>.debug_line</name>
         <load_address>0x371e</load_address>
         <run_address>0x371e</run_address>
         <size>0x7e</size>
         <input_file_ref idref="fl-51"/>
      </object_component>
      <object_component id="oc-1c7">
         <name>.debug_line</name>
         <load_address>0x379c</load_address>
         <run_address>0x379c</run_address>
         <size>0xad</size>
         <input_file_ref idref="fl-52"/>
      </object_component>
      <object_component id="oc-1cc">
         <name>.debug_line</name>
         <load_address>0x3849</load_address>
         <run_address>0x3849</run_address>
         <size>0x69</size>
         <input_file_ref idref="fl-53"/>
      </object_component>
      <object_component id="oc-1d1">
         <name>.debug_line</name>
         <load_address>0x38b2</load_address>
         <run_address>0x38b2</run_address>
         <size>0x50</size>
         <input_file_ref idref="fl-54"/>
      </object_component>
      <object_component id="oc-1d6">
         <name>.debug_line</name>
         <load_address>0x3902</load_address>
         <run_address>0x3902</run_address>
         <size>0x62</size>
         <input_file_ref idref="fl-55"/>
      </object_component>
      <object_component id="oc-1db">
         <name>.debug_line</name>
         <load_address>0x3964</load_address>
         <run_address>0x3964</run_address>
         <size>0x3e</size>
         <input_file_ref idref="fl-56"/>
      </object_component>
      <object_component id="oc-1e0">
         <name>.debug_line</name>
         <load_address>0x39a2</load_address>
         <run_address>0x39a2</run_address>
         <size>0x3a</size>
         <input_file_ref idref="fl-57"/>
      </object_component>
      <object_component id="oc-1e7">
         <name>.debug_line</name>
         <load_address>0x39dc</load_address>
         <run_address>0x39dc</run_address>
         <size>0x65</size>
         <input_file_ref idref="fl-58"/>
      </object_component>
      <object_component id="oc-1ec">
         <name>.debug_line</name>
         <load_address>0x3a41</load_address>
         <run_address>0x3a41</run_address>
         <size>0x5e</size>
         <input_file_ref idref="fl-59"/>
      </object_component>
      <object_component id="oc-1f1">
         <name>.debug_line</name>
         <load_address>0x3a9f</load_address>
[...]
      </symbol>
      <symbol id="sm-2a3">
         <name>_OLED_ColorTurn</name>
         <value>0x824bd</value>
         <object_component_ref idref="oc-206"/>
      </symbol>
      <symbol id="sm-2a5">
         <name>_I2C_WaitAck</name>
         <value>0x8203f</value>
         <object_component_ref idref="oc-206"/>
      </symbol>
      <symbol id="sm-2a7">
         <name>_OLED_ShowChar</name>
         <value>0x820c7</value>
         <object_component_ref idref="oc-206"/>
      </symbol>
      <symbol id="sm-2a9">
         <name>_I2C_SW_Configuration</name>
         <value>0x822fd</value>
         <object_component_ref idref="oc-206"/>
      </symbol>
      <symbol id="sm-2ab">
         <name>_OLED_DrawCircle</name>
         <value>0x82432</value>
         <object_component_ref idref="oc-206"/>
      </symbol>
      <symbol id="sm-2ad">
         <name>_OLED_WR_BP</name>
         <value>0x82084</value>
         <object_component_ref idref="oc-206"/>
      </symbol>
      <symbol id="sm-2af">
         <name>_OLED_WR_Byte</name>
         <value>0x82066</value>
         <object_component_ref idref="oc-206"/>
      </symbol>
      <symbol id="sm-2b1">
         <name>_OLED_GRAM</name>
         <value>0xa800</value>
         <object_component_ref idref="oc-210"/>
      </symbol>
      <symbol id="sm-2b2">
         <name>_I2C_Stop</name>
         <value>0x82051</value>
         <object_component_ref idref="oc-206"/>
      </symbol>
      <symbol id="sm-2b4">
         <name>_OLED_ClearPoint</name>
         <value>0x82099</value>
         <object_component_ref idref="oc-206"/>
      </symbol>
      <symbol id="sm-2b6">
         <name>_I2C_Start</name>
         <value>0x8202a</value>
         <object_component_ref idref="oc-206"/>
      </symbol>
      <symbol id="sm-2b8">
         <name>_OLED_Clear</name>
         <value>0x82336</value>
         <object_component_ref idref="oc-206"/>
      </symbol>
      <symbol id="sm-2ba">
         <name>_OLED_Init</name>
         <value>0x82362</value>
         <object_component_ref idref="oc-206"/>
      </symbol>
      <symbol id="sm-2bc">
         <name>_OLED_DrawPoint</name>
         <value>0x820b2</value>
         <object_component_ref idref="oc-206"/>
      </symbol>
      <symbol id="sm-2be">
         <name>_OLED_DisPlay_Off</name>
         <value>0x824b0</value>
         <object_component_ref idref="oc-206"/>
      </symbol>
      <symbol id="sm-2c0">
         <name>_OLED_ShowFloat</name>
         <value>0x82245</value>
         <object_component_ref idref="oc-206"/>
      </symbol>
      <symbol id="sm-2c2">
         <name>_OLED_Pow</name>
         <value>0x8216d</value>
         <object_component_ref idref="oc-206"/>
      </symbol>
      <symbol id="sm-2c4">
         <name>_OLED_DrawLine</name>
         <value>0x823d7</value>
         <object_component_ref idref="oc-206"/>
      </symbol>
      <symbol id="sm-2c6">
         <name>_OLED_DisplayTurn</name>
         <value>0x8248a</value>
         <object_component_ref idref="oc-206"/>
      </symbol>
      <symbol id="sm-2c8">
         <name>_OLED_ShowNum</name>
         <value>0x821a4</value>
         <object_component_ref idref="oc-206"/>
      </symbol>
      <symbol id="sm-2ca">
         <name>_OLED_DisPlay_On</name>
         <value>0x824a3</value>
         <object_component_ref idref="oc-206"/>
      </symbol>
      <symbol id="sm-2cc">
         <name>_OLED_Refresh</name>
         <value>0x822d0</value>
         <object_component_ref idref="oc-206"/>
      </symbol>
      <symbol id="sm-2d5">
         <name>_asc2_1608</name>
         <value>0x9a000</value>
         <object_component_ref idref="oc-e5"/>
      </symbol>
      <symbol id="sm-2f4">
         <name>_tpl0401_init</name>
         <value>0x8295a</value>
         <object_component_ref idref="oc-205"/>
      </symbol>
      <symbol id="sm-2f6">
         <name>_tpl0401_stop</name>
         <value>0x827f9</value>
         <object_component_ref idref="oc-205"/>
      </symbol>
      <symbol id="sm-2f8">
         <name>_tpl0401_write1</name>
         <value>0x827c8</value>
         <object_component_ref idref="oc-205"/>
      </symbol>
      <symbol id="sm-2fa">
         <name>_tpl0401_write0</name>
         <value>0x827b2</value>
         <object_component_ref idref="oc-205"/>
      </symbol>
      <symbol id="sm-2fc">
         <name>_tpl0401_sda_setin</name>
         <value>0x8281f</value>
         <object_component_ref idref="oc-205"/>
      </symbol>
      <symbol id="sm-2fe">
         <name>_tpl0401_read1byte</name>
         <value>0x828b5</value>
         <object_component_ref idref="oc-205"/>
      </symbol>
      <symbol id="sm-300">
         <name>_tpl0401_start</name>
         <value>0x82808</value>
         <object_component_ref idref="oc-205"/>
      </symbol>
      <symbol id="sm-302">
         <name>_tpl0401_mack</name>
         <value>0x8293d</value>
         <object_component_ref idref="oc-205"/>
      </symbol>
      <symbol id="sm-304">
         <name>_delay_1115</name>
         <value>0x827ae</value>
         <object_component_ref idref="oc-205"/>
      </symbol>
      <symbol id="sm-306">
         <name>_tpl0401_sda_setout</name>
         <value>0x82838</value>
         <object_component_ref idref="oc-205"/>
      </symbol>
      <symbol id="sm-308">
         <name>_tpl0401_mnack</name>
         <value>0x82920</value>
         <object_component_ref idref="oc-205"/>
      </symbol>
      <symbol id="sm-30a">
         <name>_tpl0401_ack</name>
         <value>0x82851</value>
         <object_component_ref idref="oc-205"/>
      </symbol>
      <symbol id="sm-30c">
         <name>_tpl0401_set</name>
         <value>0x8289e</value>
         <object_component_ref idref="oc-205"/>
      </symbol>
      <symbol id="sm-30e">
         <name>_tpl0401_write1byte</name>
         <value>0x827de</value>
         <object_component_ref idref="oc-205"/>
      </symbol>
      <symbol id="sm-310">
         <name>_tpl0401_read</name>
         <value>0x82907</value>
         <object_component_ref idref="oc-205"/>
      </symbol>
      <symbol id="sm-31d">
         <name>_Board_init</name>
         <value>0x83a0b</value>
         <object_component_ref idref="oc-208"/>
      </symbol>
      <symbol id="sm-31f">
         <name>_PinMux_init</name>
         <value>0x839ed</value>
         <object_component_ref idref="oc-208"/>
      </symbol>
      <symbol id="sm-321">
         <name>_GPIO_init</name>
         <value>0x839f3</value>
         <object_component_ref idref="oc-208"/>
      </symbol>
      <symbol id="sm-34b">
         <name>_ADC_setOffsetTrimAll</name>
         <value>0x83564</value>
         <object_component_ref idref="oc-214"/>
      </symbol>
      <symbol id="sm-34d">
         <name>_ADC_setPPBTripLimits</name>
         <value>0x835b1</value>
         <object_component_ref idref="oc-214"/>
      </symbol>
      <symbol id="sm-34f">
         <name>_ADC_setINLTrim</name>
         <value>0x8360c</value>
         <object_component_ref idref="oc-214"/>
      </symbol>
      <symbol id="sm-351">
         <name>_ADC_setOffsetTrim</name>
         <value>0x835d9</value>
         <object_component_ref idref="oc-214"/>
      </symbol>
      <symbol id="sm-353">
         <name>_ADC_setVREF</name>
         <value>0x8357f</value>
         <object_component_ref idref="oc-214"/>
      </symbol>
      <symbol id="sm-3b5">
         <name>_DMA_configBurst</name>
         <value>0x836eb</value>
         <object_component_ref idref="oc-215"/>
      </symbol>
      <symbol id="sm-3b7">
         <name>_DMA_configTransfer</name>
         <value>0x8364a</value>
         <object_component_ref idref="oc-215"/>
      </symbol>
      <symbol id="sm-3b9">
         <name>_DMA_configAddresses</name>
         <value>0x836f5</value>
         <object_component_ref idref="oc-215"/>
      </symbol>
      <symbol id="sm-3bb">
         <name>_DMA_configWrap</name>
         <value>0x83638</value>
         <object_component_ref idref="oc-215"/>
      </symbol>
      <symbol id="sm-3bd">
         <name>_DMA_configMode</name>
         <value>0x83658</value>
         <object_component_ref idref="oc-215"/>
      </symbol>
      <symbol id="sm-3ca">
         <name>_ECAP_setEmulationMode</name>
         <value>0x83a8a</value>
         <object_component_ref idref="oc-216"/>
      </symbol>
      <symbol id="sm-3f2">
         <name>_Flash_initModule</name>
         <value>0x802d</value>
         <object_component_ref idref="oc-211"/>
      </symbol>
      <symbol id="sm-3f4">
         <name>_Flash_wakeFromLPM</name>
         <value>0x8000</value>
         <object_component_ref idref="oc-211"/>
      </symbol>
      <symbol id="sm-3f6">
         <name>_Flash_powerDown</name>
         <value>0x8015</value>
         <object_component_ref idref="oc-211"/>
      </symbol>
      <symbol id="sm-421">
         <name>_GPIO_setAnalogMode</name>
         <value>0x82a9e</value>
         <object_component_ref idref="oc-20f"/>
      </symbol>
      <symbol id="sm-423">
         <name>_GPIO_setMasterCore</name>
         <value>0x82a3c</value>
         <object_component_ref idref="oc-20f"/>
      </symbol>
      <symbol id="sm-425">
         <name>_GPIO_setInterruptPin</name>
         <value>0x82a5e</value>
         <object_component_ref idref="oc-20f"/>
      </symbol>
      <symbol id="sm-427">
         <name>_GPIO_setQualificationPeriod</name>
         <value>0x82990</value>
         <object_component_ref idref="oc-20f"/>
      </symbol>
      <symbol id="sm-429">
         <name>_GPIO_setPinConfig</name>
         <value>0x829cd</value>
         <object_component_ref idref="oc-20f"/>
      </symbol>
      <symbol id="sm-42b">
         <name>_GPIO_setDirectionMode</name>
         <value>0x82a7e</value>
         <object_component_ref idref="oc-20f"/>
      </symbol>
      <symbol id="sm-42d">
         <name>_GPIO_getQualificationMode</name>
         <value>0x82abf</value>
         <object_component_ref idref="oc-20f"/>
      </symbol>
      <symbol id="sm-42f">
         <name>_GPIO_getDirectionMode</name>
         <value>0x82b0a</value>
         <object_component_ref idref="oc-20f"/>
      </symbol>
      <symbol id="sm-431">
         <name>_GPIO_getPadConfig</name>
         <value>0x82ade</value>
         <object_component_ref idref="oc-20f"/>
      </symbol>
      <symbol id="sm-433">
         <name>_GPIO_setQualificationMode</name>
         <value>0x829ab</value>
         <object_component_ref idref="oc-20f"/>
      </symbol>
      <symbol id="sm-435">
         <name>_GPIO_setPadConfig</name>
         <value>0x829fd</value>
         <object_component_ref idref="oc-20f"/>
      </symbol>
      <symbol id="sm-474">
         <name>_Interrupt_enable</name>
         <value>0x82cf0</value>
         <object_component_ref idref="oc-1f9"/>
      </symbol>
      <symbol id="sm-476">
         <name>_Interrupt_initVectorTable</name>
         <value>0x82c90</value>
         <object_component_ref idref="oc-1f9"/>
      </symbol>
      <symbol id="sm-478">
         <name>_Interrupt_disable</name>
         <value>0x82d9e</value>
         <object_component_ref idref="oc-1f9"/>
      </symbol>
      <symbol id="sm-47a">
         <name>_Interrupt_initModule</name>
         <value>0x82cad</value>
         <object_component_ref idref="oc-1f9"/>
      </symbol>
      <symbol id="sm-4c5">
         <name>_SCI_enableInterrupt</name>
         <value>0x83432</value>
         <object_component_ref idref="oc-1fb"/>
      </symbol>
      <symbol id="sm-4c7">
         <name>_SCI_setWakeFlag</name>
         <value>0x833a9</value>
         <object_component_ref idref="oc-1fb"/>
      </symbol>
      <symbol id="sm-4c9">
         <name>_SCI_clearInterruptStatus</name>
         <value>0x83466</value>
         <object_component_ref idref="oc-1fb"/>
      </symbol>
      <symbol id="sm-4cb">
         <name>_SCI_getInterruptStatus</name>
         <value>0x83412</value>
         <object_component_ref idref="oc-1fb"/>
      </symbol>
      <symbol id="sm-4cd">
         <name>_SCI_setConfig</name>
         <value>0x833ad</value>
         <object_component_ref idref="oc-1fb"/>
      </symbol>
      <symbol id="sm-4cf">
         <name>_SCI_disableInterrupt</name>
         <value>0x8344c</value>
         <object_component_ref idref="oc-1fb"/>
      </symbol>
      <symbol id="sm-4d1">
         <name>_SCI_writeCharArray</name>
         <value>0x83387</value>
         <object_component_ref idref="oc-1fb"/>
      </symbol>
      <symbol id="sm-4d3">
         <name>_SCI_readCharArray</name>
         <value>0x833f2</value>
         <object_component_ref idref="oc-1fb"/>
      </symbol>
      <symbol id="sm-4d5">
         <name>_SCI_setBaud</name>
         <value>0x833ce</value>
         <object_component_ref idref="oc-1fb"/>
      </symbol>
      <symbol id="sm-528">
         <name>_SysCtl_selectXTALSingleEnded</name>
         <value>0x824f0</value>
         <object_component_ref idref="oc-212"/>
      </symbol>
      <symbol id="sm-52a">
         <name>_SysCtl_selectXTAL</name>
         <value>0x8250d</value>
         <object_component_ref idref="oc-212"/>
      </symbol>
      <symbol id="sm-52c">
         <name>_SysCtl_delay</name>
         <value>0x8101</value>
         <object_component_ref idref="oc-185"/>
      </symbol>
      <symbol id="sm-52d">
         <name>_SysCtl_selectOscSource</name>
         <value>0x82538</value>
         <object_component_ref idref="oc-212"/>
      </symbol>
      <symbol id="sm-52f">
         <name>_SysCtl_isPLLValid</name>
         <value>0x82565</value>
         <object_component_ref idref="oc-212"/>
      </symbol>
      <symbol id="sm-531">
         <name>_SysCtl_setClock</name>
         <value>0x82649</value>
         <object_component_ref idref="oc-212"/>
      </symbol>
      <symbol id="sm-533">
         <name>_SysCtl_getLowSpeedClock</name>
         <value>0x8275c</value>
         <object_component_ref idref="oc-212"/>
      </symbol>
      <symbol id="sm-535">
         <name>_SysCtl_getClock</name>
         <value>0x8270c</value>
         <object_component_ref idref="oc-212"/>
      </symbol>
      <symbol id="sm-537">
         <name>_SysCtl_getDeviceParametric</name>
         <value>0x82771</value>
         <object_component_ref idref="oc-212"/>
      </symbol>
      <symbol id="sm-55a">
         <name>_Example_Fail</name>
         <value>0xaccc</value>
         <object_component_ref idref="oc-196"/>
      </symbol>
      <symbol id="sm-55b">
         <name>_Device_initGPIO</name>
         <value>0x83003</value>
         <object_component_ref idref="oc-207"/>
      </symbol>
      <symbol id="sm-55d">
         <name>___error__</name>
         <value>0x83000</value>
         <object_component_ref idref="oc-207"/>
      </symbol>
      <symbol id="sm-55f">
         <name>_Device_init</name>
         <value>0x830ea</value>
         <object_component_ref idref="oc-207"/>
      </symbol>
      <symbol id="sm-561">
         <name>_Example_PassCount</name>
         <value>0xacca</value>
         <object_component_ref idref="oc-196"/>
      </symbol>
      <symbol id="sm-562">
         <name>_Device_enableAllPeripherals</name>
         <value>0x83013</value>
         <object_component_ref idref="oc-207"/>
      </symbol>
      <symbol id="sm-573">
         <name>code_start</name>
         <value>0x80000</value>
         <object_component_ref idref="oc-8e"/>
      </symbol>
      <symbol id="sm-581">
         <name>_RFFT_f32_mag</name>
         <value>0x83704</value>
         <object_component_ref idref="oc-1a0"/>
      </symbol>
      <symbol id="sm-5a0">
         <name>_RFFT_f32u</name>
         <value>0x83828</value>
         <object_component_ref idref="oc-1aa"/>
      </symbol>
      <symbol id="sm-5a1">
         <name>_rfft_f32u_Stages1and2and3andBitReverse</name>
         <value>0x83831</value>
         <object_component_ref idref="oc-1aa"/>
      </symbol>
      <symbol id="sm-5cd">
         <name>_rfft_f32_Stages1and2and3andBitReverse</name>
         <value>0x83273</value>
         <object_component_ref idref="oc-1af"/>
      </symbol>
      <symbol id="sm-5ce">
         <name>_rfft_f32_Stages4andUp</name>
         <value>0x832df</value>
         <object_component_ref idref="oc-1af"/>
      </symbol>
      <symbol id="sm-5cf">
         <name>_RFFT_f32</name>
         <value>0x8326a</value>
         <object_component_ref idref="oc-1af"/>
      </symbol>
      <symbol id="sm-5fc">
         <name>_c_int00</name>
         <value>0x8396e</value>
         <object_component_ref idref="oc-1be"/>
      </symbol>
      <symbol id="sm-5fd">
         <name>__stack</name>
         <value>0x400</value>
         <object_component_ref idref="oc-1bf"/>
      </symbol>
      <symbol id="sm-60e">
         <name>FS$$DIV</name>
         <value>0x837a0</value>
         <object_component_ref idref="oc-1c5"/>
      </symbol>
      <symbol id="sm-61c">
         <name>I$$MOD</name>
         <value>0x83a4a</value>
         <object_component_ref idref="oc-1ca"/>
      </symbol>
      <symbol id="sm-61d">
         <name>I$$DIV</name>
         <value>0x83a39</value>
         <object_component_ref idref="oc-1ca"/>
      </symbol>
      <symbol id="sm-62c">
         <name>_copy_in</name>
         <value>0x83a15</value>
         <object_component_ref idref="oc-1fd"/>
      </symbol>
      <symbol id="sm-63e">
         <name>_memcpy</name>
         <value>0x83a5b</value>
         <object_component_ref idref="oc-201"/>
      </symbol>
      <symbol id="sm-64b">
         <name>__system_pre_init</name>
         <value>0x82ffb</value>
         <object_component_ref idref="oc-1fc"/>
      </symbol>
      <symbol id="sm-659">
         <name>__system_post_cinit</name>
         <value>0x82ffd</value>
         <object_component_ref idref="oc-1fe"/>
      </symbol>
      <symbol id="sm-66e">
         <name>C$$EXIT</name>
         <value>0x839c4</value>
         <object_component_ref idref="oc-200"/>
      </symbol>
      <symbol id="sm-66f">
         <name>_exit</name>
         <value>0x839c6</value>
         <object_component_ref idref="oc-200"/>
      </symbol>
      <symbol id="sm-671">
         <name>___TI_cleanup_ptr</name>
         <value>0xacc2</value>
         <object_component_ref idref="oc-1e5"/>
      </symbol>
      <symbol id="sm-672">
         <name>___TI_enable_exit_profile_output</name>
         <value>0xacc0</value>
         <object_component_ref idref="oc-1e5"/>
      </symbol>
      <symbol id="sm-673">
         <name>_abort</name>
         <value>0x839c4</value>
         <object_component_ref idref="oc-200"/>
      </symbol>
      <symbol id="sm-675">
         <name>___TI_dtors_ptr</name>
         <value>0xacc4</value>
         <object_component_ref idref="oc-1e5"/>
      </symbol>
      <symbol id="sm-689">
         <name>__unlock</name>
         <value>0xacce</value>
         <object_component_ref idref="oc-217"/>
      </symbol>
      <symbol id="sm-68a">
         <name>__lock</name>
         <value>0xacbe</value>
         <object_component_ref idref="oc-203"/>
      </symbol>
      <symbol id="sm-68b">
         <name>__register_lock</name>
         <value>0x83a9b</value>
         <object_component_ref idref="oc-20d"/>
      </symbol>
      <symbol id="sm-68d">
         <name>__nop</name>
         <value>0x83a9f</value>
         <object_component_ref idref="oc-20d"/>
      </symbol>
      <symbol id="sm-68f">
         <name>__register_unlock</name>
         <value>0x83a97</value>
         <object_component_ref idref="oc-20d"/>
      </symbol>
      <symbol id="sm-69f">
         <name>__args_main</name>
         <value>0x83a78</value>
         <object_component_ref idref="oc-1ff"/>
      </symbol>
      <symbol id="sm-6ad">
         <name>_strlen</name>
         <value>0x83aa8</value>
         <object_component_ref idref="oc-213"/>
      </symbol>
   </symbol_table>
   <title>Link successful</title>
</link_info>
