******************************************************************************
             TMS320C2000 Linker PC v21.6.0                     
******************************************************************************
>> Linked Sun Aug  7 20:02:56 2022

OUTPUT FILE NAME:   <C2000_Lib_Templete.out>
ENTRY POINT SYMBOL: "_c_int00"  address: 0000a1f0


MEMORY CONFIGURATION

         name            origin    length      used     unused   attr    fill
----------------------  --------  ---------  --------  --------  ----  --------
PAGE 0:
  BEGIN                 00000000   00000002  00000002  00000000  RWIX
  RAMM0                 000000f6   0000030a  0000009c  0000026e  RWIX
  RAMLS0                00008000   00000800  00000800  00000000  RWIX
  RAMLS1                00008800   00000800  00000800  00000000  RWIX
  RAMLS2                00009000   00000800  000007fd  00000003  RWIX
  RAMLS3                00009800   00000800  00000800  00000000  RWIX
  RAMLS4                0000a000   00000800  000004e4  0000031c  RWIX
  FLASH_BANK0_SEC0      00080000   00001000  00000000  00001000  RWIX
  FLASH_BANK0_SEC1      00081000   00001000  00000000  00001000  RWIX
  FLASH_BANK0_SEC2      00082000   00001000  00000000  00001000  RWIX
  FLASH_BANK0_SEC3      00083000   00001000  00000000  00001000  RWIX
  FLASH_BANK0_SEC4      00084000   00001000  00000000  00001000  RWIX
  FLASH_BANK0_SEC5      00085000   00001000  00000000  00001000  RWIX
  FLASH_BANK0_SEC6      00086000   00001000  00000000  00001000  RWIX
  FLASH_BANK0_SEC7      00087000   00001000  00000000  00001000  RWIX
  FLASH_BANK0_SEC8      00088000   00001000  00000000  00001000  RWIX
  FLASH_BANK0_SEC9      00089000   00001000  00000000  00001000  RWIX
  FLASH_BANK0_SEC10     0008a000   00001000  00000000  00001000  RWIX
  FLASH_BANK0_SEC11     0008b000   00001000  00000000  00001000  RWIX
  FLASH_BANK0_SEC12     0008c000   00001000  00000000  00001000  RWIX
  FLASH_BANK0_SEC13     0008d000   00001000  00000000  00001000  RWIX
  FLASH_BANK0_SEC14     0008e000   00001000  00000000  00001000  RWIX
  FLASH_BANK0_SEC15     0008f000   00001000  00000000  00001000  RWIX
  FLASH_BANK1_SEC0      00090000   00001000  00000000  00001000  RWIX
  FLASH_BANK1_SEC1      00091000   00001000  00000000  00001000  RWIX
  FLASH_BANK1_SEC2      00092000   00001000  00000000  00001000  RWIX
  FLASH_BANK1_SEC3      00093000   00001000  00000000  00001000  RWIX
  FLASH_BANK1_SEC4      00094000   00001000  00000000  00001000  RWIX
  FLASH_BANK1_SEC5      00095000   00001000  00000000  00001000  RWIX
  FLASH_BANK1_SEC6      00096000   00001000  00000000  00001000  RWIX
  FLASH_BANK1_SEC7      00097000   00001000  00000000  00001000  RWIX
  FLASH_BANK1_SEC8      00098000   00001000  00000000  00001000  RWIX
  FLASH_BANK1_SEC9      00099000   00001000  00000000  00001000  RWIX
  FLASH_BANK1_SEC10     0009a000   00001000  00000000  00001000  RWIX
  FLASH_BANK1_SEC11     0009b000   00001000  00000000  00001000  RWIX
  FLASH_BANK1_SEC12     0009c000   00001000  00000000  00001000  RWIX
  FLASH_BANK1_SEC13     0009d000   00001000  00000000  00001000  RWIX
  FLASH_BANK1_SEC14     0009e000   00001000  00000000  00001000  RWIX
  FLASH_BANK1_SEC15     0009f000   00001000  00000000  00001000  RWIX
  RESET                 003fffc0   00000002  00000000  00000002  RWIX

PAGE 1:
  BOOT_RSVD             00000002   000000f1  00000000  000000f1  RWIX
  RAMM1                 00000400   000003f8  00000200  000001f8  RWIX
  ADCARESULT            00000b00   00000018  00000000  00000018  RWIX
  ADCBRESULT            00000b20   00000018  00000000  00000018  RWIX
  ADCCRESULT            00000b40   00000018  00000000  00000018  RWIX
  CPUTIMER0             00000c00   00000008  00000000  00000008  RWIX
  CPUTIMER1             00000c08   00000008  00000000  00000008  RWIX
  CPUTIMER2             00000c10   00000008  00000000  00000008  RWIX
  PIECTRL               00000ce0   0000001a  00000000  0000001a  RWIX
  PIEVECTTABLE          00000d00   00000200  00000000  00000200  RWIX
  DMA                   00001000   00000200  00000000  00000200  RWIX
  CLA1                  00001400   00000080  00000000  00000080  RWIX
  CLB1LOGICCFG          00003000   00000052  00000000  00000052  RWIX
  CLB1LOGICCTRL         00003100   00000040  00000000  00000040  RWIX
  CLB1DATAEXCH          00003200   00000200  00000000  00000200  RWIX
  CLB2LOGICCFG          00003400   00000052  00000000  00000052  RWIX
  CLB2LOGICCTRL         00003500   00000040  00000000  00000040  RWIX
  CLB2DATAEXCH          00003600   00000200  00000000  00000200  RWIX
  CLB3LOGICCFG          00003800   00000052  00000000  00000052  RWIX
  CLB3LOGICCTRL         00003900   00000040  00000000  00000040  RWIX
  CLB3DATAEXCH          00003a00   00000200  00000000  00000200  RWIX
  CLB4LOGICCFG          00003c00   00000052  00000000  00000052  RWIX
  CLB4LOGICCTRL         00003d00   00000040  00000000  00000040  RWIX
  CLB4DATAEXCH          00003e00   00000200  00000000  00000200  RWIX
  EPWM1                 00004000   00000100  00000000  00000100  RWIX
  EPWM2                 00004100   00000100  00000000  00000100  RWIX
  EPWM3                 00004200   00000100  00000000  00000100  RWIX
  EPWM4                 00004300   00000100  00000000  00000100  RWIX
  EPWM5                 00004400   00000100  00000000  00000100  RWIX
  EPWM6                 00004500   00000100  00000000  00000100  RWIX
  EPWM7                 00004600   00000100  00000000  00000100  RWIX
  EPWM8                 00004700   00000100  00000000  00000100  RWIX
  EQEP1                 00005100   00000040  00000000  00000040  RWIX
  EQEP2                 00005140   00000040  00000000  00000040  RWIX
  ECAP1                 00005200   0000001e  00000000  0000001e  RWIX
  ECAP2                 00005240   0000001e  00000000  0000001e  RWIX
  ECAP3                 00005280   0000001e  00000000  0000001e  RWIX
  ECAP4                 000052c0   0000001e  00000000  0000001e  RWIX
  ECAP5                 00005300   0000001e  00000000  0000001e  RWIX
  ECAP6                 00005340   0000001e  00000000  0000001e  RWIX
  HRCAP6                00005360   00000020  00000000  00000020  RWIX
  ECAP7                 00005380   0000001e  00000000  0000001e  RWIX
  HRCAP7                000053a0   00000020  00000000  00000020  RWIX
  PGA1                  00005b00   00000010  00000000  00000010  RWIX
  PGA2                  00005b10   00000010  00000000  00000010  RWIX
  PGA3                  00005b20   00000010  00000000  00000010  RWIX
  PGA4                  00005b30   00000010  00000000  00000010  RWIX
  PGA5                  00005b40   00000010  00000000  00000010  RWIX
  PGA6                  00005b50   00000010  00000000  00000010  RWIX
  PGA7                  00005b60   00000010  00000000  00000010  RWIX
  DACA                  00005c00   00000008  00000000  00000008  RWIX
  DACB                  00005c10   00000008  00000000  00000008  RWIX
  CMPSS1                00005c80   00000020  00000000  00000020  RWIX
  CMPSS2                00005ca0   00000020  00000000  00000020  RWIX
  CMPSS3                00005cc0   00000020  00000000  00000020  RWIX
  CMPSS4                00005ce0   00000020  00000000  00000020  RWIX
  CMPSS5                00005d00   00000020  00000000  00000020  RWIX
  CMPSS6                00005d20   00000020  00000000  00000020  RWIX
  CMPSS7                00005d40   00000020  00000000  00000020  RWIX
  SDFM1                 00005e00   00000070  00000000  00000070  RWIX
  SPIA                  00006100   00000010  00000000  00000010  RWIX
  SPIB                  00006110   00000010  00000000  00000010  RWIX
  CLAPROMCRC0           000061c0   00000020  00000000  00000020  RWIX
  PMBUSA                00006400   00000020  00000000  00000020  RWIX
  FSITXA                00006600   00000050  00000000  00000050  RWIX
  FSIRXA                00006680   00000050  00000000  00000050  RWIX
  LINA                  00006a00   000000ec  00000000  000000ec  RWIX
  WD                    00007000   0000002c  00000000  0000002c  RWIX
  NMIINTRUPT            00007060   00000008  00000000  00000008  RWIX
  XINT                  00007070   0000000c  00000000  0000000c  RWIX
  SCIA                  00007200   00000010  00000000  00000010  RWIX
  SCIB                  00007210   00000010  00000000  00000010  RWIX
  I2CA                  00007300   00000022  00000000  00000022  RWIX
  ADCA                  00007400   00000080  00000000  00000080  RWIX
  ADCB                  00007480   00000080  00000000  00000080  RWIX
  ADCC                  00007500   00000080  00000000  00000080  RWIX
  INPUTXBAR             00007900   00000020  00000000  00000020  RWIX
  XBAR                  00007920   00000020  00000000  00000020  RWIX
  SYNCSOC               00007940   00000006  00000000  00000006  RWIX
  DMACLASRCSEL          00007980   0000001a  00000000  0000001a  RWIX
  EPWMXBAR              00007a00   00000040  00000000  00000040  RWIX
  CLBXBAR               00007a40   00000040  00000000  00000040  RWIX
  OUTPUTXBAR            00007a80   00000040  00000000  00000040  RWIX
  GPIOCTRL              00007c00   00000200  00000000  00000200  RWIX
  GPIODATA              00007f00   00000040  00000000  00000040  RWIX
  RAMLS5                0000a800   00000800  00000619  000001e7  RWIX
  RAMLS6                0000b000   00000800  00000000  00000800  RWIX
  RAMLS7                0000b800   00000800  00000000  00000800  RWIX
  RAMGS0                0000c000   00002000  00000700  00001900  RWIX
  RAMGS1                0000e000   00002000  00000880  00001780  RWIX
  RAMGS2                00010000   00002000  00000000  00002000  RWIX
  RAMGS3                00012000   00001ff8  00000000  00001ff8  RWIX
  CANA                  00048000   00000200  00000000  00000200  RWIX
  CANB                  0004a000   00000200  00000000  00000200  RWIX
  DEVCFG                0005d000   00000180  00000000  00000180  RWIX
  CLKCFG                0005d200   00000036  00000000  00000036  RWIX
  CPUSYS                0005d300   00000082  00000000  00000082  RWIX
  SYSPERIPHAC           0005d500   00000200  00000000  00000200  RWIX
  ANALOGSUBSYS          0005d700   00000090  00000000  00000090  RWIX
  DCC0                  0005e700   0000002c  00000000  0000002c  RWIX
  ERADGLOBAL            0005e800   00000014  00000000  00000014  RWIX
  ERADHWBP1             0005e900   00000008  00000000  00000008  RWIX
  ERADHWBP2             0005e908   00000008  00000000  00000008  RWIX
  ERADHWBP3             0005e910   00000008  00000000  00000008  RWIX
  ERADHWBP4             0005e918   00000008  00000000  00000008  RWIX
  ERADHWBP5             0005e920   00000008  00000000  00000008  RWIX
  ERADHWBP6             0005e928   00000008  00000000  00000008  RWIX
  ERADHWBP7             0005e930   00000008  00000000  00000008  RWIX
  ERADHWBP8             0005e938   00000008  00000000  00000008  RWIX
  ERADCOUNTER1          0005e980   00000010  00000000  00000010  RWIX
  ERADCOUNTER2          0005e990   00000010  00000000  00000010  RWIX
  ERADCOUNTER3          0005e9a0   00000010  00000000  00000010  RWIX
  ERADCOUNTER4          0005e9b0   00000010  00000000  00000010  RWIX
  DCSMBANK0Z1           0005f000   00000024  00000000  00000024  RWIX
  DCSMBANK0Z2           0005f040   00000024  00000000  00000024  RWIX
  DCSMCOMMON            0005f070   00000010  00000000  00000010  RWIX
  DCSMBANK1Z1           0005f100   00000024  00000000  00000024  RWIX
  DCSMBANK1Z2           0005f140   00000024  00000000  00000024  RWIX
  MEMCFG                0005f400   00000080  00000000  00000080  RWIX
  ACCESSPROTECTION      0005f4c0   00000040  00000000  00000040  RWIX
  MEMORYERROR           0005f500   00000040  00000000  00000040  RWIX
  FLASH0CTRL            0005f800   00000182  00000000  00000182  RWIX
  FLASH0ECC             0005fb00   00000028  00000000  00000028  RWIX


SECTION ALLOCATION MAP

 output                                  attributes/
section   page    origin      length       input sections
--------  ----  ----------  ----------   ----------------
codestart 
*          0    00000000    00000002     
                  00000000    00000002     f28004x_codestartbranch.obj (codestart)

.TI.ramfunc 
*          0    000000f6    00000066     
                  000000f6    0000003b     mycmpss.obj (.TI.ramfunc:retain)
                  00000131    00000027     myadc.obj (.TI.ramfunc:retain)
                  00000158    00000004     sysctl.obj (.TI.ramfunc)

.cinit     0    0000015c    00000036     
                  0000015c    0000000e     rts2800_fpu32.lib : exit.c.obj (.cinit)
                  0000016a    0000000a     device.obj (.cinit)
                  00000174    0000000a     myfft.obj (.cinit)
                  0000017e    00000005     rts2800_fpu32.lib : _lock.c.obj (.cinit:__lock)
                  00000183    00000005                       : _lock.c.obj (.cinit:__unlock)
                  00000188    00000004     mycmpss.obj (.cinit)
                  0000018c    00000004     rts2800_fpu32.lib : errno.c.obj (.cinit)
                  00000190    00000002     --HOLE-- [fill = 0]

.reset     0    003fffc0    00000002     DSECT
                  003fffc0    00000002     rts2800_fpu32.lib : boot28.asm.obj (.reset)

.stack     1    00000400    00000200     UNINITIALIZED
                  00000400    00000200     --HOLE--

.pinit     0    000000f6    00000000     UNINITIALIZED

.ebss      1    0000a800    000004a5     UNINITIALIZED
                  0000a800    00000480     oled.obj (.ebss:_OLED_GRAM)
                  0000ac80    00000014     myfft.obj (.ebss)
                  0000ac94    00000006     rts2800_fpu32.lib : exit.c.obj (.ebss)
                  0000ac9a    00000004     device.obj (.ebss)
                  0000ac9e    00000002     rts2800_fpu32.lib : _lock.c.obj (.ebss:__lock)
                  0000aca0    00000002                       : _lock.c.obj (.ebss:__unlock)
                  0000aca2    00000001     myadc.obj (.ebss)
                  0000aca3    00000001     mycmpss.obj (.ebss)
                  0000aca4    00000001     rts2800_fpu32.lib : errno.c.obj (.ebss)

.econst    1    0000aca6    00000174     
                  0000aca6    00000101     rts2800_fpu32.lib : ctype.c.obj (.econst:.string:__ctypes_)
                  0000ada7    00000001     --HOLE-- [fill = 0]
                  0000ada8    00000026                       : _printfi.c.obj (.econst:.string)
                  0000adce    0000001c                       : _printfi.c.obj (.econst)
                  0000adea    0000001c                       : s_scalbn.c.obj (.econst)
                  0000ae06    00000008                       : s_frexp.c.obj (.econst)
                  0000ae0e    00000006     main.obj (.econst:.string)
                  0000ae14    00000006     oled.obj (.econst:.string)

ramgs0     1    0000c000    00000700     
                  0000c000    000005f0     oledfront.obj (ramgs0)
                  0000c5f0    00000010     --HOLE-- [fill = 0]
                  0000c600    00000100     myadc.obj (ramgs0) [fill = 0]

ramgs1     1    0000e000    00000880     UNINITIALIZED
                  0000e000    00000880     myfft.obj (ramgs1)

.text.1    0    00008000    00000800     
                  00008000    000006da     rts2800_fpu32.lib : _printfi.c.obj (.text)
                  000086da    00000107                       : ll_div28.asm.obj (.text)
                  000087e1    0000001f                       : fd_tol28.asm.obj (.text)

.text.2    0    00008800    00000800     
                  00008800    0000060a     rts2800_fpu32.lib : _printfi.c.obj (.text:__TI_printfi)
                  00008e0a    0000018c     gpio.obj (.text)
                  00008f96    00000064     cmpss.obj (.text)
                  00008ffa    00000005     rts2800_fpu32.lib : strcpy.c.obj (.text)
                  00008fff    00000001                       : startup.c.obj (.text)

.text.3    0    00009000    000007fd     
                  00009000    0000045b     oled.obj (.text)
                  0000945b    000002e0     sysctl.obj (.text)
                  0000973b    000000ae     rts2800_fpu32.lib : s_scalbn.c.obj (.text)
                  000097e9    00000012                       : args_main.c.obj (.text)
                  000097fb    00000002                       : pre_init.c.obj (.text)

.text.4    0    00009800    00000800     
                  00009800    0000015c     interrupt.obj (.text)
                  0000995c    00000140     device.obj (.text)
                  00009a9c    00000138     c28x_fpu_dsp_library_coff.lib : RFFT_adc_f32.obj (.text)
                  00009bd4    000000ef     mycmpss.obj (.text)
                  00009cc3    000000d2     xbar.obj (.text)
                  00009d95    00000001     --HOLE-- [fill = 0]
                  00009d96    0000009e     c28x_fpu_dsp_library_coff.lib : RFFT_adc_f32u.obj (.text)
                  00009e34    0000009c                                   : RFFT_f32_mag.obj (.text)
                  00009ed0    0000009c     rts2800_fpu32.lib : fd_add28.asm.obj (.text)
                  00009f6c    0000008c     main.obj (.text)
                  00009ff8    00000008     f28004x_codestartbranch.obj (.text)

.text.5    0    0000a000    000004e4     
                  0000a000    0000008b     rts2800_fpu32.lib : fd_div28.asm.obj (.text)
                  0000a08b    00000088                       : fs_div28.asm.obj (.text)
                  0000a113    00000083                       : fd_mpy28.asm.obj (.text)
                  0000a196    0000005a                       : s_frexp.c.obj (.text)
                  0000a1f0    00000056                       : boot28.asm.obj (.text)
                  0000a246    00000032                       : sprintf.c.obj (.text)
                  0000a278    00000031                       : atoi.c.obj (.text)
                  0000a2a9    00000030                       : _ltoa.c.obj (.text)
                  0000a2d9    0000002a                       : fd_cmp28.asm.obj (.text)
                  0000a303    0000002a                       : l_div28.asm.obj (.text)
                  0000a32d    00000029                       : exit.c.obj (.text)
                  0000a356    00000028     board.obj (.text)
                  0000a37e    00000025     rts2800_fpu32.lib : s_copysign.c.obj (.text)
                  0000a3a3    00000024                       : cpy_tbl.c.obj (.text)
                  0000a3c7    00000021                       : fd_toi28.asm.obj (.text)
                  0000a3e8    0000001e                       : ll_cmp28.asm.obj (.text)
                  0000a406    0000001d                       : i_tofd28.asm.obj (.text)
                  0000a423    0000001d                       : memcpy.c.obj (.text)
                  0000a440    0000001c                       : fs_tofdfpu32.asm.obj (.text)
                  0000a45c    0000001c                       : l_tofd28.asm.obj (.text)
                  0000a478    00000018                       : ll_aox28.asm.obj (.text)
                  0000a490    00000010                       : memccpy.c.obj (.text)
                  0000a4a0    0000000e                       : fd_sub28.asm.obj (.text)
                  0000a4ae    0000000c                       : strchr.c.obj (.text)
                  0000a4ba    00000009                       : _lock.c.obj (.text)
                  0000a4c3    00000009                       : fd_neg28.asm.obj (.text)
                  0000a4cc    00000009                       : wcslen.c.obj (.text)
                  0000a4d5    00000008                       : strlen.c.obj (.text)
                  0000a4dd    00000007                       : memset.c.obj (.text)

MODULE SUMMARY

       Module                        code   initialized data   uninitialized data
       ------                        ----   ----------------   ------------------
    .\App\src\
       oled.obj                      1115   6                  1152              
       myfft.obj                     0      10                 2196              
       oledfront.obj                 0      1520               0                 
       mycmpss.obj                   298    4                  1                 
       myadc.obj                     39     256                1                 
       main.obj                      140    6                  0                 
    +--+-----------------------------+------+------------------+--------------------+
       Total:                        1592   1802               3350              
                                                                                 
    .\Bsp\
       board.obj                     40     0                  0                 
    +--+-----------------------------+------+------------------+--------------------+
       Total:                        40     0                  0                 
                                                                                 
    .\C2000ware\
       sysctl.obj                    740    0                  0                 
       gpio.obj                      396    0                  0                 
       interrupt.obj                 348    0                  0                 
       xbar.obj                      210    0                  0                 
       cmpss.obj                     100    0                  0                 
    +--+-----------------------------+------+------------------+--------------------+
       Total:                        1794   0                  0                 
                                                                                 
    .\Device\
       device.obj                    320    10                 4                 
       f28004x_codestartbranch.obj   10     0                  0                 
    +--+-----------------------------+------+------------------+--------------------+
       Total:                        330    10                 4                 
                                                                                 
    ..\dsp\c28x_fpu_dsp_library_coff.lib
       RFFT_adc_f32.obj              312    0                  0                 
       RFFT_adc_f32u.obj             158    0                  0                 
       RFFT_f32_mag.obj              156    0                  0                 
    +--+-----------------------------+------+------------------+--------------------+
       Total:                        626    0                  0                 
                                                                                 
    D:/CCS/ccs1040/ccs/tools/compiler/ti-cgt-c2000_21.6.0.LTS/lib/rts2800_fpu32.lib
       _printfi.c.obj                3300   66                 0                 
       ll_div28.asm.obj              263    0                  0                 
       ctype.c.obj                   0      257                0                 
       s_scalbn.c.obj                174    28                 0                 
       fd_add28.asm.obj              156    0                  0                 
       fd_div28.asm.obj              139    0                  0                 
       fs_div28.asm.obj              136    0                  0                 
       fd_mpy28.asm.obj              131    0                  0                 
       s_frexp.c.obj                 90     8                  0                 
       boot28.asm.obj                86     0                  0                 
       exit.c.obj                    41     14                 6                 
       sprintf.c.obj                 50     0                  0                 
       atoi.c.obj                    49     0                  0                 
       _ltoa.c.obj                   48     0                  0                 
       fd_cmp28.asm.obj              42     0                  0                 
       l_div28.asm.obj               42     0                  0                 
       s_copysign.c.obj              37     0                  0                 
       cpy_tbl.c.obj                 36     0                  0                 
       fd_toi28.asm.obj              33     0                  0                 
       fd_tol28.asm.obj              31     0                  0                 
       ll_cmp28.asm.obj              30     0                  0                 
       i_tofd28.asm.obj              29     0                  0                 
       memcpy.c.obj                  29     0                  0                 
       fs_tofdfpu32.asm.obj          28     0                  0                 
       l_tofd28.asm.obj              28     0                  0                 
       ll_aox28.asm.obj              24     0                  0                 
       _lock.c.obj                   9      10                 4                 
       args_main.c.obj               18     0                  0                 
       memccpy.c.obj                 16     0                  0                 
       fd_sub28.asm.obj              14     0                  0                 
       strchr.c.obj                  12     0                  0                 
       fd_neg28.asm.obj              9      0                  0                 
       wcslen.c.obj                  9      0                  0                 
       strlen.c.obj                  8      0                  0                 
       memset.c.obj                  7      0                  0                 
       errno.c.obj                   0      4                  1                 
       strcpy.c.obj                  5      0                  0                 
       pre_init.c.obj                2      0                  0                 
       startup.c.obj                 1      0                  0                 
    +--+-----------------------------+------+------------------+--------------------+
       Total:                        5162   387                11                
                                                                                 
       Stack:                        0      0                  512               
    +--+-----------------------------+------+------------------+--------------------+
       Grand Total:                  9544   2199               3877              


GLOBAL DATA SYMBOLS: SORTED BY DATA PAGE

address     data page           name
--------    ----------------    ----
00000400      10 (00000400)     __stack

0000a800     2a0 (0000a800)     _OLED_GRAM

0000ac80     2b2 (0000ac80)     _hnd_rfft
0000ac82     2b2 (0000ac80)     _hnd_rfft_adc
0000ac84     2b2 (0000ac80)     _rfft_adc
0000ac88     2b2 (0000ac80)     _rfft
0000ac94     2b2 (0000ac80)     ___TI_enable_exit_profile_output
0000ac96     2b2 (0000ac80)     ___TI_cleanup_ptr
0000ac98     2b2 (0000ac80)     ___TI_dtors_ptr
0000ac9a     2b2 (0000ac80)     _Example_PassCount
0000ac9c     2b2 (0000ac80)     _Example_Fail
0000ac9e     2b2 (0000ac80)     __lock
0000aca0     2b2 (0000ac80)     __unlock
0000aca2     2b2 (0000ac80)     _bufferFull
0000aca3     2b2 (0000ac80)     _g_flag_cmpss
0000aca4     2b2 (0000ac80)     _errno
0000aca6     2b2 (0000ac80)     __ctypes_

0000c000     300 (0000c000)     _asc2_1608

0000c600     318 (0000c600)     _myDMAADC0Results

0000e000     380 (0000e000)     _test_magnitude

0000e140     385 (0000e140)     _test_phase

0000e280     38a (0000e280)     _RFFToutBuff

0000e480     392 (0000e480)     _test_input

0000e680     39a (0000e680)     _twiddleFactors


GLOBAL SYMBOLS: SORTED ALPHABETICALLY BY Name 

page  address   name                            
----  -------   ----                            
abs   ffffffff  .text                           
0     0000a32d  C$$EXIT                         
0     00009ed0  FD$$ADD                         
0     0000a2d9  FD$$CMP                         
0     0000a000  FD$$DIV                         
0     0000a113  FD$$MPY                         
0     0000a4c3  FD$$NEG                         
0     0000a4a0  FD$$SUB                         
0     0000a3c7  FD$$TOI                         
0     000087e1  FD$$TOL                         
0     0000a08b  FS$$DIV                         
0     0000a440  FS$$TOFD                        
0     0000a406  I$$TOFD                         
0     0000a303  L$$DIV                          
0     0000a312  L$$MOD                          
0     0000a45c  L$$TOFD                         
0     0000a478  LL$$AND                         
0     0000a3e8  LL$$CMP                         
0     000086da  LL$$DIV                         
0     00008716  LL$$MOD                         
0     0000a480  LL$$OR                          
0     0000a488  LL$$XOR                         
0     0000a320  UL$$DIV                         
0     0000a327  UL$$MOD                         
0     0000a3fa  ULL$$CMP                        
0     00008750  ULL$$DIV                        
0     0000877f  ULL$$MOD                        
0     0000a374  _Board_init                     
0     00008fe2  _CMPSS_configFilterHigh         
0     00008fca  _CMPSS_configFilterLow          
0     00008fb5  _CMPSS_configLatchOnPWMSYNC     
0     00008f96  _CMPSS_configRamp               
0     00009bd4  _CMPSS_init                     
0     0000996f  _Device_enableAllPeripherals    
0     00009a46  _Device_init                    
0     0000995f  _Device_initGPIO                
1     0000ac9c  _Example_Fail                   
1     0000ac9a  _Example_PassCount              
0     00008f84  _GPIO_getDirectionMode          
0     00008f58  _GPIO_getPadConfig              
0     00008f39  _GPIO_getQualificationMode      
0     0000a35c  _GPIO_init                      
0     00008f18  _GPIO_setAnalogMode             
0     00008ef8  _GPIO_setDirectionMode          
0     00008ed8  _GPIO_setInterruptPin           
0     00008eb6  _GPIO_setMasterCore             
0     00008e77  _GPIO_setPadConfig              
0     00008e47  _GPIO_setPinConfig              
0     00008e25  _GPIO_setQualificationMode      
0     00008e0a  _GPIO_setQualificationPeriod    
0     0000928a  _I2C_SW_Configuration           
0     0000902a  _I2C_Start                      
0     00009051  _I2C_Stop                       
0     0000903f  _I2C_WaitAck                    
0     00009910  _Interrupt_disable              
0     00009862  _Interrupt_enable               
0     0000981f  _Interrupt_initModule           
0     00009802  _Interrupt_initVectorTable      
0     000092c3  _OLED_Clear                     
0     00009099  _OLED_ClearPoint                
0     0000944a  _OLED_ColorTurn                 
0     0000943d  _OLED_DisPlay_Off               
0     00009430  _OLED_DisPlay_On                
0     00009417  _OLED_DisplayTurn               
0     000093bf  _OLED_DrawCircle                
0     00009364  _OLED_DrawLine                  
0     000090b2  _OLED_DrawPoint                 
1     0000a800  _OLED_GRAM                      
0     000092ef  _OLED_Init                      
0     0000916d  _OLED_Pow                       
0     0000925d  _OLED_Refresh                   
0     000090c7  _OLED_ShowChar                  
0     00009245  _OLED_ShowFloat                 
0     000091a4  _OLED_ShowNum                   
0     00009138  _OLED_ShowPicture               
0     00009112  _OLED_ShowString                
0     00009084  _OLED_WR_BP                     
0     00009066  _OLED_WR_Byte                   
0     0000a356  _PinMux_init                    
0     00009a9c  _RFFT_adc_f32                   
0     00009d96  _RFFT_adc_f32u                  
0     00009e34  _RFFT_f32_mag                   
1     0000e280  _RFFToutBuff                    
0     00009000  _Send_Byte                      
0     00000158  _SysCtl_delay                   
0     00009699  _SysCtl_getClock                
0     000096fe  _SysCtl_getDeviceParametric     
0     000096e9  _SysCtl_getLowSpeedClock        
0     000094f2  _SysCtl_isPLLValid              
0     000094c5  _SysCtl_selectOscSource         
0     0000949a  _SysCtl_selectXTAL              
0     0000947d  _SysCtl_selectXTALSingleEnded   
0     000095d6  _SysCtl_setClock                
0     00009d6a  _XBAR_clearInputFlag            
0     00009d38  _XBAR_getInputFlagStatus        
0     00009d11  _XBAR_setCLBMuxConfig           
0     00009cea  _XBAR_setEPWMMuxConfig          
0     00009cc3  _XBAR_setOutputMuxConfig        
1     00000600  __STACK_END                     
abs   00000200  __STACK_SIZE                    
1     0000ac96  ___TI_cleanup_ptr               
1     0000ac98  ___TI_dtors_ptr                 
1     0000ac94  ___TI_enable_exit_profile_output
0     0000a2a9  ___TI_ltoa                      
abs   ffffffff  ___TI_pprof_out_hndl            
0     00008c79  ___TI_printfi                   
abs   ffffffff  ___TI_prof_data_size            
abs   ffffffff  ___TI_prof_data_start           
abs   ffffffff  ___binit__                      
abs   ffffffff  ___c_args__                     
0     0000015c  ___cinit__                      
0     0000995c  ___error__                      
abs   ffffffff  ___etext__                      
abs   ffffffff  ___pinit__                      
abs   ffffffff  ___text__                       
0     000097e9  __args_main                     
1     0000aca6  __ctypes_                       
1     0000ac9e  __lock                          
0     0000a4c2  __nop                           
0     0000a4be  __register_lock                 
0     0000a4ba  __register_unlock               
1     00000400  __stack                         
0     00008fff  __system_post_cinit             
0     000097fb  __system_pre_init               
1     0000aca0  __unlock                        
0     0000a32d  _abort                          
0     00000145  _adcA1ISR                       
1     0000c000  _asc2_1608                      
0     0000a278  _atoi                           
1     0000aca2  _bufferFull                     
0     0000a1f0  _c_int00                        
0     00009c65  _cmpssOUTPUTXBAR_init           
0     00009c8d  _cmpss_gpioint_init             
0     000000f6  _cmpssgpioInterruptHandler      
0     0000a3a3  _copy_in                        
0     0000a37e  _copysignl                      
0     00000131  _dmach1ISR                      
1     0000aca4  _errno                          
0     0000a32f  _exit                           
0     0000a196  _frexpl                         
1     0000aca3  _g_flag_cmpss                   
1     0000ac80  _hnd_rfft                       
1     0000ac82  _hnd_rfft_adc                   
0     0000973b  _ldexpl                         
0     00009f6c  _main                           
0     0000a490  _memccpy                        
0     0000a423  _memcpy                         
0     0000a4dd  _memset                         
1     0000c600  _myDMAADC0Results               
0     00009c84  _mycmpss_init                   
1     0000ac88  _rfft                           
1     0000ac84  _rfft_adc                       
0     00009b2c  _rfft_adc_f32_Stages4andUp      
0     0000973b  _scalbnl                        
0     0000a246  _sprintf                        
0     0000a4ae  _strchr                         
0     00008ffa  _strcpy                         
0     0000a4d5  _strlen                         
1     0000e480  _test_input                     
1     0000e000  _test_magnitude                 
1     0000e140  _test_phase                     
1     0000e680  _twiddleFactors                 
0     0000a4cc  _wcslen                         
abs   ffffffff  binit                           
0     0000015c  cinit                           
0     00000000  code_start                      
abs   ffffffff  etext                           
abs   ffffffff  pinit                           


GLOBAL SYMBOLS: SORTED BY Symbol Address 

page  address   name                            
----  -------   ----                            
0     00000000  code_start                      
0     000000f6  _cmpssgpioInterruptHandler      
0     00000131  _dmach1ISR                      
0     00000145  _adcA1ISR                       
0     00000158  _SysCtl_delay                   
0     0000015c  ___cinit__                      
0     0000015c  cinit                           
0     000086da  LL$$DIV                         
0     00008716  LL$$MOD                         
0     00008750  ULL$$DIV                        
0     0000877f  ULL$$MOD                        
0     000087e1  FD$$TOL                         
0     00008c79  ___TI_printfi                   
0     00008e0a  _GPIO_setQualificationPeriod    
0     00008e25  _GPIO_setQualificationMode      
0     00008e47  _GPIO_setPinConfig              
0     00008e77  _GPIO_setPadConfig              
0     00008eb6  _GPIO_setMasterCore             
0     00008ed8  _GPIO_setInterruptPin           
0     00008ef8  _GPIO_setDirectionMode          
0     00008f18  _GPIO_setAnalogMode             
0     00008f39  _GPIO_getQualificationMode      
0     00008f58  _GPIO_getPadConfig              
0     00008f84  _GPIO_getDirectionMode          
0     00008f96  _CMPSS_configRamp               
0     00008fb5  _CMPSS_configLatchOnPWMSYNC     
0     00008fca  _CMPSS_configFilterLow          
0     00008fe2  _CMPSS_configFilterHigh         
0     00008ffa  _strcpy                         
0     00008fff  __system_post_cinit             
0     00009000  _Send_Byte                      
0     0000902a  _I2C_Start                      
0     0000903f  _I2C_WaitAck                    
0     00009051  _I2C_Stop                       
0     00009066  _OLED_WR_Byte                   
0     00009084  _OLED_WR_BP                     
0     00009099  _OLED_ClearPoint                
0     000090b2  _OLED_DrawPoint                 
0     000090c7  _OLED_ShowChar                  
0     00009112  _OLED_ShowString                
0     00009138  _OLED_ShowPicture               
0     0000916d  _OLED_Pow                       
0     000091a4  _OLED_ShowNum                   
0     00009245  _OLED_ShowFloat                 
0     0000925d  _OLED_Refresh                   
0     0000928a  _I2C_SW_Configuration           
0     000092c3  _OLED_Clear                     
0     000092ef  _OLED_Init                      
0     00009364  _OLED_DrawLine                  
0     000093bf  _OLED_DrawCircle                
0     00009417  _OLED_DisplayTurn               
0     00009430  _OLED_DisPlay_On                
0     0000943d  _OLED_DisPlay_Off               
0     0000944a  _OLED_ColorTurn                 
0     0000947d  _SysCtl_selectXTALSingleEnded   
0     0000949a  _SysCtl_selectXTAL              
0     000094c5  _SysCtl_selectOscSource         
0     000094f2  _SysCtl_isPLLValid              
0     000095d6  _SysCtl_setClock                
0     00009699  _SysCtl_getClock                
0     000096e9  _SysCtl_getLowSpeedClock        
0     000096fe  _SysCtl_getDeviceParametric     
0     0000973b  _ldexpl                         
0     0000973b  _scalbnl                        
0     000097e9  __args_main                     
0     000097fb  __system_pre_init               
0     00009802  _Interrupt_initVectorTable      
0     0000981f  _Interrupt_initModule           
0     00009862  _Interrupt_enable               
0     00009910  _Interrupt_disable              
0     0000995c  ___error__                      
0     0000995f  _Device_initGPIO                
0     0000996f  _Device_enableAllPeripherals    
0     00009a46  _Device_init                    
0     00009a9c  _RFFT_adc_f32                   
0     00009b2c  _rfft_adc_f32_Stages4andUp      
0     00009bd4  _CMPSS_init                     
0     00009c65  _cmpssOUTPUTXBAR_init           
0     00009c84  _mycmpss_init                   
0     00009c8d  _cmpss_gpioint_init             
0     00009cc3  _XBAR_setOutputMuxConfig        
0     00009cea  _XBAR_setEPWMMuxConfig          
0     00009d11  _XBAR_setCLBMuxConfig           
0     00009d38  _XBAR_getInputFlagStatus        
0     00009d6a  _XBAR_clearInputFlag            
0     00009d96  _RFFT_adc_f32u                  
0     00009e34  _RFFT_f32_mag                   
0     00009ed0  FD$$ADD                         
0     00009f6c  _main                           
0     0000a000  FD$$DIV                         
0     0000a08b  FS$$DIV                         
0     0000a113  FD$$MPY                         
0     0000a196  _frexpl                         
0     0000a1f0  _c_int00                        
0     0000a246  _sprintf                        
0     0000a278  _atoi                           
0     0000a2a9  ___TI_ltoa                      
0     0000a2d9  FD$$CMP                         
0     0000a303  L$$DIV                          
0     0000a312  L$$MOD                          
0     0000a320  UL$$DIV                         
0     0000a327  UL$$MOD                         
0     0000a32d  C$$EXIT                         
0     0000a32d  _abort                          
0     0000a32f  _exit                           
0     0000a356  _PinMux_init                    
0     0000a35c  _GPIO_init                      
0     0000a374  _Board_init                     
0     0000a37e  _copysignl                      
0     0000a3a3  _copy_in                        
0     0000a3c7  FD$$TOI                         
0     0000a3e8  LL$$CMP                         
0     0000a3fa  ULL$$CMP                        
0     0000a406  I$$TOFD                         
0     0000a423  _memcpy                         
0     0000a440  FS$$TOFD                        
0     0000a45c  L$$TOFD                         
0     0000a478  LL$$AND                         
0     0000a480  LL$$OR                          
0     0000a488  LL$$XOR                         
0     0000a490  _memccpy                        
0     0000a4a0  FD$$SUB                         
0     0000a4ae  _strchr                         
0     0000a4ba  __register_unlock               
0     0000a4be  __register_lock                 
0     0000a4c2  __nop                           
0     0000a4c3  FD$$NEG                         
0     0000a4cc  _wcslen                         
0     0000a4d5  _strlen                         
0     0000a4dd  _memset                         
1     00000400  __stack                         
1     00000600  __STACK_END                     
1     0000a800  _OLED_GRAM                      
1     0000ac80  _hnd_rfft                       
1     0000ac82  _hnd_rfft_adc                   
1     0000ac84  _rfft_adc                       
1     0000ac88  _rfft                           
1     0000ac94  ___TI_enable_exit_profile_output
1     0000ac96  ___TI_cleanup_ptr               
1     0000ac98  ___TI_dtors_ptr                 
1     0000ac9a  _Example_PassCount              
1     0000ac9c  _Example_Fail                   
1     0000ac9e  __lock                          
1     0000aca0  __unlock                        
1     0000aca2  _bufferFull                     
1     0000aca3  _g_flag_cmpss                   
1     0000aca4  _errno                          
1     0000aca6  __ctypes_                       
1     0000c000  _asc2_1608                      
1     0000c600  _myDMAADC0Results               
1     0000e000  _test_magnitude                 
1     0000e140  _test_phase                     
1     0000e280  _RFFToutBuff                    
1     0000e480  _test_input                     
1     0000e680  _twiddleFactors                 
abs   00000200  __STACK_SIZE                    
abs   ffffffff  .text                           
abs   ffffffff  ___TI_pprof_out_hndl            
abs   ffffffff  ___TI_prof_data_size            
abs   ffffffff  ___TI_prof_data_start           
abs   ffffffff  ___binit__                      
abs   ffffffff  ___c_args__                     
abs   ffffffff  ___etext__                      
abs   ffffffff  ___pinit__                      
abs   ffffffff  ___text__                       
abs   ffffffff  binit                           
abs   ffffffff  etext                           
abs   ffffffff  pinit                           

[168 symbols]
