<?xml version="1.0" encoding="ISO-8859-1" ?>
<link_info>
   <banner>TMS320C2000 Linker PC v21.6.0.LTS</banner>
   <copyright>Copyright (c) 1996-2018 Texas Instruments Incorporated</copyright>
   <link_time>0x62efa9f0</link_time>
   <link_errors>0x0</link_errors>
   <output_file>C2000_Lib_Templete.out</output_file>
   <entry_point>
      <name>_c_int00</name>
      <address>0xa1f0</address>
   </entry_point>
   <input_file_list>
      <input_file id="fl-2">
         <path>.\App\src\</path>
         <kind>object</kind>
         <file>gpioint.obj</file>
         <name>gpioint.obj</name>
      </input_file>
      <input_file id="fl-3">
         <path>.\App\src\</path>
         <kind>object</kind>
         <file>main.obj</file>
         <name>main.obj</name>
      </input_file>
      <input_file id="fl-4">
         <path>.\App\src\</path>
         <kind>object</kind>
         <file>my_led.obj</file>
         <name>my_led.obj</name>
      </input_file>
      <input_file id="fl-5">
         <path>.\App\src\</path>
         <kind>object</kind>
         <file>myadc.obj</file>
         <name>myadc.obj</name>
      </input_file>
      <input_file id="fl-6">
         <path>.\App\src\</path>
         <kind>object</kind>
         <file>mycmpss.obj</file>
         <name>mycmpss.obj</name>
      </input_file>
      <input_file id="fl-7">
         <path>.\App\src\</path>
         <kind>object</kind>
         <file>mydac.obj</file>
         <name>mydac.obj</name>
      </input_file>
      <input_file id="fl-8">
         <path>.\App\src\</path>
         <kind>object</kind>
         <file>myfft.obj</file>
         <name>myfft.obj</name>
      </input_file>
      <input_file id="fl-9">
         <path>.\App\src\</path>
         <kind>object</kind>
         <file>oled.obj</file>
         <name>oled.obj</name>
      </input_file>
      <input_file id="fl-a">
         <path>.\App\src\</path>
         <kind>object</kind>
         <file>oledfront.obj</file>
         <name>oledfront.obj</name>
      </input_file>
      <input_file id="fl-b">
         <path>.\App\src\</path>
         <kind>object</kind>
         <file>sys.obj</file>
         <name>sys.obj</name>
      </input_file>
      <input_file id="fl-c">
         <path>.\Bsp\</path>
         <kind>object</kind>
         <file>board.obj</file>
         <name>board.obj</name>
      </input_file>
      <input_file id="fl-d">
         <path>.\Bsp\</path>
         <kind>object</kind>
         <file>c2000ware_libraries.obj</file>
         <name>c2000ware_libraries.obj</name>
      </input_file>
      <input_file id="fl-e">
         <path>.\C2000ware\</path>
         <kind>object</kind>
         <file>adc.obj</file>
         <name>adc.obj</name>
      </input_file>
      <input_file id="fl-f">
         <path>.\C2000ware\</path>
         <kind>object</kind>
         <file>asysctl.obj</file>
         <name>asysctl.obj</name>
      </input_file>
      <input_file id="fl-10">
         <path>.\C2000ware\</path>
         <kind>object</kind>
         <file>can.obj</file>
         <name>can.obj</name>
      </input_file>
      <input_file id="fl-11">
         <path>.\C2000ware\</path>
         <kind>object</kind>
         <file>cla.obj</file>
         <name>cla.obj</name>
      </input_file>
      <input_file id="fl-12">
         <path>.\C2000ware\</path>
         <kind>object</kind>
         <file>clapromcrc.obj</file>
         <name>clapromcrc.obj</name>
      </input_file>
      <input_file id="fl-13">
         <path>.\C2000ware\</path>
         <kind>object</kind>
         <file>clb.obj</file>
         <name>clb.obj</name>
      </input_file>
      <input_file id="fl-14">
         <path>.\C2000ware\</path>
         <kind>object</kind>
         <file>cmpss.obj</file>
         <name>cmpss.obj</name>
      </input_file>
      <input_file id="fl-15">
         <path>.\C2000ware\</path>
         <kind>object</kind>
         <file>cputimer.obj</file>
         <name>cputimer.obj</name>
      </input_file>
      <input_file id="fl-16">
         <path>.\C2000ware\</path>
         <kind>object</kind>
         <file>dac.obj</file>
         <name>dac.obj</name>
      </input_file>
      <input_file id="fl-17">
         <path>.\C2000ware\</path>
         <kind>object</kind>
         <file>dcc.obj</file>
         <name>dcc.obj</name>
      </input_file>
      <input_file id="fl-18">
         <path>.\C2000ware\</path>
         <kind>object</kind>
         <file>dcsm.obj</file>
         <name>dcsm.obj</name>
      </input_file>
      <input_file id="fl-19">
         <path>.\C2000ware\</path>
         <kind>object</kind>
         <file>dma.obj</file>
         <name>dma.obj</name>
      </input_file>
      <input_file id="fl-1a">
         <path>.\C2000ware\</path>
         <kind>object</kind>
         <file>ecap.obj</file>
         <name>ecap.obj</name>
      </input_file>
      <input_file id="fl-1b">
         <path>.\C2000ware\</path>
         <kind>object</kind>
         <file>epwm.obj</file>
         <name>epwm.obj</name>
      </input_file>
      <input_file id="fl-1c">
         <path>.\C2000ware\</path>
         <kind>object</kind>
         <file>eqep.obj</file>
         <name>eqep.obj</name>
      </input_file>
      <input_file id="fl-1d">
         <path>.\C2000ware\</path>
         <kind>object</kind>
         <file>erad.obj</file>
         <name>erad.obj</name>
      </input_file>
      <input_file id="fl-1e">
         <path>.\C2000ware\</path>
         <kind>object</kind>
         <file>flash.obj</file>
         <name>flash.obj</name>
      </input_file>
      <input_file id="fl-1f">
         <path>.\C2000ware\</path>
         <kind>object</kind>
         <file>fsi.obj</file>
         <name>fsi.obj</name>
      </input_file>
      <input_file id="fl-20">
         <path>.\C2000ware\</path>
         <kind>object</kind>
         <file>gpio.obj</file>
         <name>gpio.obj</name>
      </input_file>
      <input_file id="fl-21">
         <path>.\C2000ware\</path>
         <kind>object</kind>
         <file>hrcap.obj</file>
         <name>hrcap.obj</name>
      </input_file>
      <input_file id="fl-22">
         <path>.\C2000ware\</path>
         <kind>object</kind>
         <file>hrpwm.obj</file>
         <name>hrpwm.obj</name>
      </input_file>
      <input_file id="fl-23">
         <path>.\C2000ware\</path>
         <kind>object</kind>
         <file>i2c.obj</file>
         <name>i2c.obj</name>
      </input_file>
      <input_file id="fl-24">
         <path>.\C2000ware\</path>
         <kind>object</kind>
         <file>interrupt.obj</file>
         <name>interrupt.obj</name>
      </input_file>
      <input_file id="fl-25">
         <path>.\C2000ware\</path>
         <kind>object</kind>
         <file>lin.obj</file>
         <name>lin.obj</name>
      </input_file>
      <input_file id="fl-26">
         <path>.\C2000ware\</path>
         <kind>object</kind>
         <file>memcfg.obj</file>
         <name>memcfg.obj</name>
      </input_file>
      <input_file id="fl-27">
         <path>.\C2000ware\</path>
         <kind>object</kind>
         <file>pga.obj</file>
         <name>pga.obj</name>
      </input_file>
      <input_file id="fl-28">
         <path>.\C2000ware\</path>
         <kind>object</kind>
         <file>pmbus.obj</file>
         <name>pmbus.obj</name>
      </input_file>
      <input_file id="fl-29">
         <path>.\C2000ware\</path>
         <kind>object</kind>
         <file>sci.obj</file>
         <name>sci.obj</name>
      </input_file>
      <input_file id="fl-2a">
         <path>.\C2000ware\</path>
         <kind>object</kind>
         <file>sdfm.obj</file>
         <name>sdfm.obj</name>
      </input_file>
      <input_file id="fl-2b">
         <path>.\C2000ware\</path>
         <kind>object</kind>
         <file>spi.obj</file>
         <name>spi.obj</name>
      </input_file>
      <input_file id="fl-2c">
         <path>.\C2000ware\</path>
         <kind>object</kind>
         <file>sysctl.obj</file>
         <name>sysctl.obj</name>
      </input_file>
      <input_file id="fl-2d">
         <path>.\C2000ware\</path>
         <kind>object</kind>
         <file>version.obj</file>
         <name>version.obj</name>
      </input_file>
      <input_file id="fl-2e">
         <path>.\C2000ware\</path>
         <kind>object</kind>
         <file>xbar.obj</file>
         <name>xbar.obj</name>
      </input_file>
      <input_file id="fl-2f">
         <path>.\Device\</path>
         <kind>object</kind>
         <file>device.obj</file>
         <name>device.obj</name>
      </input_file>
      <input_file id="fl-30">
         <path>.\Device\</path>
         <kind>object</kind>
         <file>f28004x_codestartbranch.obj</file>
         <name>f28004x_codestartbranch.obj</name>
      </input_file>
      <input_file id="fl-3c">
         <kind>object</kind>
         <file>&lt;internal&gt;</file>
         <name>&lt;internal&gt;</name>
      </input_file>
      <input_file id="fl-43">
         <path>..\dsp\</path>
         <kind>archive</kind>
         <file>c28x_fpu_dsp_library_coff.lib</file>
         <name>RFFT_adc_f32u.obj</name>
      </input_file>
      <input_file id="fl-44">
         <path>..\dsp\</path>
         <kind>archive</kind>
         <file>c28x_fpu_dsp_library_coff.lib</file>
         <name>RFFT_f32_mag.obj</name>
      </input_file>
      <input_file id="fl-45">
         <path>..\dsp\</path>
         <kind>archive</kind>
         <file>c28x_fpu_dsp_library_coff.lib</file>
         <name>RFFT_f32_sincostable.obj</name>
      </input_file>
      <input_file id="fl-46">
         <path>..\dsp\</path>
         <kind>archive</kind>
         <file>c28x_fpu_dsp_library_coff.lib</file>
         <name>RFFT_adc_f32.obj</name>
      </input_file>
      <input_file id="fl-47">
         <path>D:\CCS\ccs1040\ccs\tools\compiler\ti-cgt-c2000_21.6.0.LTS\lib\</path>
         <kind>archive</kind>
         <file>rts2800_fpu32.lib</file>
         <name>sprintf.c.obj</name>
      </input_file>
      <input_file id="fl-48">
         <path>D:\CCS\ccs1040\ccs\tools\compiler\ti-cgt-c2000_21.6.0.LTS\lib\</path>
         <kind>archive</kind>
         <file>rts2800_fpu32.lib</file>
         <name>s_cosf.c.obj</name>
      </input_file>
      <input_file id="fl-49">
         <path>D:\CCS\ccs1040\ccs\tools\compiler\ti-cgt-c2000_21.6.0.LTS\lib\</path>
         <kind>archive</kind>
         <file>rts2800_fpu32.lib</file>
         <name>s_sinf.c.obj</name>
      </input_file>
      <input_file id="fl-4a">
         <path>D:\CCS\ccs1040\ccs\tools\compiler\ti-cgt-c2000_21.6.0.LTS\lib\</path>
         <kind>archive</kind>
         <file>rts2800_fpu32.lib</file>
         <name>boot28.asm.obj</name>
      </input_file>
      <input_file id="fl-4b">
         <path>D:\CCS\ccs1040\ccs\tools\compiler\ti-cgt-c2000_21.6.0.LTS\lib\</path>
         <kind>archive</kind>
         <file>rts2800_fpu32.lib</file>
         <name>fs_div28.asm.obj</name>
      </input_file>
      <input_file id="fl-4c">
         <path>D:\CCS\ccs1040\ccs\tools\compiler\ti-cgt-c2000_21.6.0.LTS\lib\</path>
         <kind>archive</kind>
         <file>rts2800_fpu32.lib</file>
         <name>cpy_tbl.c.obj</name>
      </input_file>
      <input_file id="fl-4d">
         <path>D:\CCS\ccs1040\ccs\tools\compiler\ti-cgt-c2000_21.6.0.LTS\lib\</path>
         <kind>archive</kind>
         <file>rts2800_fpu32.lib</file>
         <name>memcpy.c.obj</name>
      </input_file>
      <input_file id="fl-4e">
         <path>D:\CCS\ccs1040\ccs\tools\compiler\ti-cgt-c2000_21.6.0.LTS\lib\</path>
         <kind>archive</kind>
         <file>rts2800_fpu32.lib</file>
         <name>pre_init.c.obj</name>
      </input_file>
      <input_file id="fl-4f">
         <path>D:\CCS\ccs1040\ccs\tools\compiler\ti-cgt-c2000_21.6.0.LTS\lib\</path>
         <kind>archive</kind>
         <file>rts2800_fpu32.lib</file>
         <name>startup.c.obj</name>
      </input_file>
      <input_file id="fl-50">
         <path>D:\CCS\ccs1040\ccs\tools\compiler\ti-cgt-c2000_21.6.0.LTS\lib\</path>
         <kind>archive</kind>
         <file>rts2800_fpu32.lib</file>
         <name>exit.c.obj</name>
      </input_file>
      <input_file id="fl-51">
         <path>D:\CCS\ccs1040\ccs\tools\compiler\ti-cgt-c2000_21.6.0.LTS\lib\</path>
         <kind>archive</kind>
         <file>rts2800_fpu32.lib</file>
         <name>_lock.c.obj</name>
      </input_file>
      <input_file id="fl-52">
         <path>D:\CCS\ccs1040\ccs\tools\compiler\ti-cgt-c2000_21.6.0.LTS\lib\</path>
         <kind>archive</kind>
         <file>rts2800_fpu32.lib</file>
         <name>args_main.c.obj</name>
      </input_file>
      <input_file id="fl-53">
         <path>D:\CCS\ccs1040\ccs\tools\compiler\ti-cgt-c2000_21.6.0.LTS\lib\</path>
         <kind>archive</kind>
         <file>rts2800_fpu32.lib</file>
         <name>_printfi.c.obj</name>
      </input_file>
      <input_file id="fl-54">
         <path>D:\CCS\ccs1040\ccs\tools\compiler\ti-cgt-c2000_21.6.0.LTS\lib\</path>
         <kind>archive</kind>
         <file>rts2800_fpu32.lib</file>
         <name>s_frexp.c.obj</name>
      </input_file>
      <input_file id="fl-55">
         <path>D:\CCS\ccs1040\ccs\tools\compiler\ti-cgt-c2000_21.6.0.LTS\lib\</path>
         <kind>archive</kind>
         <file>rts2800_fpu32.lib</file>
         <name>s_scalbn.c.obj</name>
      </input_file>
      <input_file id="fl-56">
         <path>D:\CCS\ccs1040\ccs\tools\compiler\ti-cgt-c2000_21.6.0.LTS\lib\</path>
         <kind>archive</kind>
         <file>rts2800_fpu32.lib</file>
         <name>fd_add28.asm.obj</name>
      </input_file>
      <input_file id="fl-57">
         <path>D:\CCS\ccs1040\ccs\tools\compiler\ti-cgt-c2000_21.6.0.LTS\lib\</path>
         <kind>archive</kind>
         <file>rts2800_fpu32.lib</file>
         <name>fd_cmp28.asm.obj</name>
      </input_file>
      <input_file id="fl-58">
         <path>D:\CCS\ccs1040\ccs\tools\compiler\ti-cgt-c2000_21.6.0.LTS\lib\</path>
         <kind>archive</kind>
         <file>rts2800_fpu32.lib</file>
         <name>fd_mpy28.asm.obj</name>
      </input_file>
      <input_file id="fl-59">
         <path>D:\CCS\ccs1040\ccs\tools\compiler\ti-cgt-c2000_21.6.0.LTS\lib\</path>
         <kind>archive</kind>
         <file>rts2800_fpu32.lib</file>
         <name>fd_neg28.asm.obj</name>
      </input_file>
      <input_file id="fl-5a">
         <path>D:\CCS\ccs1040\ccs\tools\compiler\ti-cgt-c2000_21.6.0.LTS\lib\</path>
         <kind>archive</kind>
         <file>rts2800_fpu32.lib</file>
         <name>fd_sub28.asm.obj</name>
      </input_file>
      <input_file id="fl-5b">
         <path>D:\CCS\ccs1040\ccs\tools\compiler\ti-cgt-c2000_21.6.0.LTS\lib\</path>
         <kind>archive</kind>
         <file>rts2800_fpu32.lib</file>
         <name>fd_toi28.asm.obj</name>
      </input_file>
      <input_file id="fl-5c">
         <path>D:\CCS\ccs1040\ccs\tools\compiler\ti-cgt-c2000_21.6.0.LTS\lib\</path>
         <kind>archive</kind>
         <file>rts2800_fpu32.lib</file>
         <name>fd_tol28.asm.obj</name>
      </input_file>
      <input_file id="fl-5d">
         <path>D:\CCS\ccs1040\ccs\tools\compiler\ti-cgt-c2000_21.6.0.LTS\lib\</path>
         <kind>archive</kind>
         <file>rts2800_fpu32.lib</file>
         <name>ll_aox28.asm.obj</name>
      </input_file>
      <input_file id="fl-5e">
         <path>D:\CCS\ccs1040\ccs\tools\compiler\ti-cgt-c2000_21.6.0.LTS\lib\</path>
         <kind>archive</kind>
         <file>rts2800_fpu32.lib</file>
         <name>ll_cmp28.asm.obj</name>
      </input_file>
      <input_file id="fl-5f">
         <path>D:\CCS\ccs1040\ccs\tools\compiler\ti-cgt-c2000_21.6.0.LTS\lib\</path>
         <kind>archive</kind>
         <file>rts2800_fpu32.lib</file>
         <name>ll_div28.asm.obj</name>
      </input_file>
      <input_file id="fl-60">
         <path>D:\CCS\ccs1040\ccs\tools\compiler\ti-cgt-c2000_21.6.0.LTS\lib\</path>
         <kind>archive</kind>
         <file>rts2800_fpu32.lib</file>
         <name>i_tofd28.asm.obj</name>
      </input_file>
      <input_file id="fl-61">
         <path>D:\CCS\ccs1040\ccs\tools\compiler\ti-cgt-c2000_21.6.0.LTS\lib\</path>
         <kind>archive</kind>
         <file>rts2800_fpu32.lib</file>
         <name>l_tofd28.asm.obj</name>
      </input_file>
      <input_file id="fl-62">
         <path>D:\CCS\ccs1040\ccs\tools\compiler\ti-cgt-c2000_21.6.0.LTS\lib\</path>
         <kind>archive</kind>
         <file>rts2800_fpu32.lib</file>
         <name>fs_tofdfpu32.asm.obj</name>
      </input_file>
      <input_file id="fl-63">
         <path>D:\CCS\ccs1040\ccs\tools\compiler\ti-cgt-c2000_21.6.0.LTS\lib\</path>
         <kind>archive</kind>
         <file>rts2800_fpu32.lib</file>
         <name>fd_div28.asm.obj</name>
      </input_file>
      <input_file id="fl-64">
         <path>D:\CCS\ccs1040\ccs\tools\compiler\ti-cgt-c2000_21.6.0.LTS\lib\</path>
         <kind>archive</kind>
         <file>rts2800_fpu32.lib</file>
         <name>_ltoa.c.obj</name>
      </input_file>
      <input_file id="fl-65">
         <path>D:\CCS\ccs1040\ccs\tools\compiler\ti-cgt-c2000_21.6.0.LTS\lib\</path>
         <kind>archive</kind>
         <file>rts2800_fpu32.lib</file>
         <name>atoi.c.obj</name>
      </input_file>
      <input_file id="fl-66">
         <path>D:\CCS\ccs1040\ccs\tools\compiler\ti-cgt-c2000_21.6.0.LTS\lib\</path>
         <kind>archive</kind>
         <file>rts2800_fpu32.lib</file>
         <name>ctype.c.obj</name>
      </input_file>
      <input_file id="fl-67">
         <path>D:\CCS\ccs1040\ccs\tools\compiler\ti-cgt-c2000_21.6.0.LTS\lib\</path>
         <kind>archive</kind>
         <file>rts2800_fpu32.lib</file>
         <name>memccpy.c.obj</name>
      </input_file>
      <input_file id="fl-68">
         <path>D:\CCS\ccs1040\ccs\tools\compiler\ti-cgt-c2000_21.6.0.LTS\lib\</path>
         <kind>archive</kind>
         <file>rts2800_fpu32.lib</file>
         <name>memset.c.obj</name>
      </input_file>
      <input_file id="fl-69">
         <path>D:\CCS\ccs1040\ccs\tools\compiler\ti-cgt-c2000_21.6.0.LTS\lib\</path>
         <kind>archive</kind>
         <file>rts2800_fpu32.lib</file>
         <name>strchr.c.obj</name>
      </input_file>
      <input_file id="fl-6a">
         <path>D:\CCS\ccs1040\ccs\tools\compiler\ti-cgt-c2000_21.6.0.LTS\lib\</path>
         <kind>archive</kind>
         <file>rts2800_fpu32.lib</file>
         <name>strcpy.c.obj</name>
      </input_file>
      <input_file id="fl-6b">
         <path>D:\CCS\ccs1040\ccs\tools\compiler\ti-cgt-c2000_21.6.0.LTS\lib\</path>
         <kind>archive</kind>
         <file>rts2800_fpu32.lib</file>
         <name>strlen.c.obj</name>
      </input_file>
      <input_file id="fl-6c">
         <path>D:\CCS\ccs1040\ccs\tools\compiler\ti-cgt-c2000_21.6.0.LTS\lib\</path>
         <kind>archive</kind>
         <file>rts2800_fpu32.lib</file>
         <name>errno.c.obj</name>
      </input_file>
      <input_file id="fl-6d">
         <path>D:\CCS\ccs1040\ccs\tools\compiler\ti-cgt-c2000_21.6.0.LTS\lib\</path>
         <kind>archive</kind>
         <file>rts2800_fpu32.lib</file>
         <name>wcslen.c.obj</name>
      </input_file>
      <input_file id="fl-6e">
         <path>D:\CCS\ccs1040\ccs\tools\compiler\ti-cgt-c2000_21.6.0.LTS\lib\</path>
         <kind>archive</kind>
         <file>rts2800_fpu32.lib</file>
         <name>s_copysign.c.obj</name>
      </input_file>
      <input_file id="fl-6f">
         <path>D:\CCS\ccs1040\ccs\tools\compiler\ti-cgt-c2000_21.6.0.LTS\lib\</path>
         <kind>archive</kind>
         <file>rts2800_fpu32.lib</file>
         <name>l_div28.asm.obj</name>
      </input_file>
   </input_file_list>
   <object_component_list>
      <object_component id="oc-16c">
         <name>codestart</name>
         <load_address>0x0</load_address>
         <run_address>0x0</run_address>
         <size>0x2</size>
         <input_file_ref idref="fl-30"/>
      </object_component>
      <object_component id="oc-a6">
         <name>.TI.ramfunc:retain</name>
         <load_address>0xf6</load_address>
         <run_address>0xf6</run_address>
         <size>0x3b</size>
         <input_file_ref idref="fl-6"/>
      </object_component>
      <object_component id="oc-9e">
         <name>.TI.ramfunc:retain</name>
         <load_address>0x131</load_address>
         <run_address>0x131</run_address>
         <size>0x27</size>
         <input_file_ref idref="fl-5"/>
      </object_component>
      <object_component id="oc-155">
         <name>.TI.ramfunc</name>
         <load_address>0x158</load_address>
         <run_address>0x158</run_address>
         <size>0x4</size>
         <input_file_ref idref="fl-2c"/>
      </object_component>
      <object_component id="oc-271">
         <name>.text</name>
         <load_address>0x8000</load_address>
         <run_address>0x8000</run_address>
         <size>0x6da</size>
         <input_file_ref idref="fl-53"/>
      </object_component>
      <object_component id="oc-204">
         <name>.text</name>
         <load_address>0x86da</load_address>
         <run_address>0x86da</run_address>
         <size>0x107</size>
         <input_file_ref idref="fl-5f"/>
      </object_component>
      <object_component id="oc-1f5">
         <name>.text</name>
         <load_address>0x87e1</load_address>
         <run_address>0x87e1</run_address>
         <size>0x1f</size>
         <input_file_ref idref="fl-5c"/>
      </object_component>
      <object_component id="oc-26c">
         <name>.text:__TI_printfi</name>
         <load_address>0x8800</load_address>
         <run_address>0x8800</run_address>
         <size>0x60a</size>
         <input_file_ref idref="fl-53"/>
      </object_component>
      <object_component id="oc-266">
         <name>.text</name>
         <load_address>0x8e0a</load_address>
         <run_address>0x8e0a</run_address>
         <size>0x18c</size>
         <input_file_ref idref="fl-20"/>
      </object_component>
      <object_component id="oc-269">
         <name>.text</name>
         <load_address>0x8f96</load_address>
         <run_address>0x8f96</run_address>
         <size>0x64</size>
         <input_file_ref idref="fl-14"/>
      </object_component>
      <object_component id="oc-270">
         <name>.text</name>
         <load_address>0x8ffa</load_address>
         <run_address>0x8ffa</run_address>
         <size>0x5</size>
         <input_file_ref idref="fl-6a"/>
      </object_component>
      <object_component id="oc-257">
         <name>.text</name>
         <load_address>0x8fff</load_address>
         <run_address>0x8fff</run_address>
         <size>0x1</size>
         <input_file_ref idref="fl-4f"/>
      </object_component>
      <object_component id="oc-261">
         <name>.text</name>
         <load_address>0x9000</load_address>
         <run_address>0x9000</run_address>
         <size>0x45b</size>
         <input_file_ref idref="fl-9"/>
      </object_component>
      <object_component id="oc-265">
         <name>.text</name>
         <load_address>0x945b</load_address>
         <run_address>0x945b</run_address>
         <size>0x2e0</size>
         <input_file_ref idref="fl-2c"/>
      </object_component>
      <object_component id="oc-277">
         <name>.text</name>
         <load_address>0x973b</load_address>
         <run_address>0x973b</run_address>
         <size>0xae</size>
         <input_file_ref idref="fl-55"/>
      </object_component>
      <object_component id="oc-258">
         <name>.text</name>
         <load_address>0x97e9</load_address>
         <run_address>0x97e9</run_address>
         <size>0x12</size>
         <input_file_ref idref="fl-52"/>
      </object_component>
      <object_component id="oc-255">
         <name>.text</name>
         <load_address>0x97fb</load_address>
         <run_address>0x97fb</run_address>
         <size>0x2</size>
         <input_file_ref idref="fl-4e"/>
      </object_component>
      <object_component id="oc-25a">
         <name>.text</name>
         <load_address>0x9800</load_address>
         <run_address>0x9800</run_address>
         <size>0x15c</size>
         <input_file_ref idref="fl-24"/>
      </object_component>
      <object_component id="oc-25f">
         <name>.text</name>
         <load_address>0x995c</load_address>
         <run_address>0x995c</run_address>
         <size>0x140</size>
         <input_file_ref idref="fl-2f"/>
      </object_component>
      <object_component id="oc-180">
         <name>.text</name>
         <load_address>0x9a9c</load_address>
         <run_address>0x9a9c</run_address>
         <size>0x138</size>
         <input_file_ref idref="fl-46"/>
      </object_component>
      <object_component id="oc-262">
         <name>.text</name>
         <load_address>0x9bd4</load_address>
         <run_address>0x9bd4</run_address>
         <size>0xef</size>
         <input_file_ref idref="fl-6"/>
      </object_component>
      <object_component id="oc-26a">
         <name>.text</name>
         <load_address>0x9cc3</load_address>
         <run_address>0x9cc3</run_address>
         <size>0xd2</size>
         <input_file_ref idref="fl-2e"/>
      </object_component>
      <object_component id="oc-171">
         <name>.text</name>
         <load_address>0x9d96</load_address>
         <run_address>0x9d96</run_address>
         <size>0x9e</size>
         <input_file_ref idref="fl-43"/>
      </object_component>
      <object_component id="oc-176">
         <name>.text</name>
         <load_address>0x9e34</load_address>
         <run_address>0x9e34</run_address>
         <size>0x9c</size>
         <input_file_ref idref="fl-44"/>
      </object_component>
      <object_component id="oc-1d7">
         <name>.text</name>
         <load_address>0x9ed0</load_address>
         <run_address>0x9ed0</run_address>
         <size>0x9c</size>
         <input_file_ref idref="fl-56"/>
      </object_component>
      <object_component id="oc-25c">
         <name>.text</name>
         <load_address>0x9f6c</load_address>
         <run_address>0x9f6c</run_address>
         <size>0x8c</size>
         <input_file_ref idref="fl-3"/>
      </object_component>
      <object_component id="oc-16b">
         <name>.text</name>
         <load_address>0x9ff8</load_address>
         <run_address>0x9ff8</run_address>
         <size>0x8</size>
         <input_file_ref idref="fl-30"/>
      </object_component>
      <object_component id="oc-218">
         <name>.text</name>
         <load_address>0xa000</load_address>
         <run_address>0xa000</run_address>
         <size>0x8b</size>
         <input_file_ref idref="fl-63"/>
      </object_component>
      <object_component id="oc-19a">
         <name>.text</name>
         <load_address>0xa08b</load_address>
         <run_address>0xa08b</run_address>
         <size>0x88</size>
         <input_file_ref idref="fl-4b"/>
      </object_component>
      <object_component id="oc-1e1">
         <name>.text</name>
         <load_address>0xa113</load_address>
         <run_address>0xa113</run_address>
         <size>0x83</size>
         <input_file_ref idref="fl-58"/>
      </object_component>
      <object_component id="oc-276">
         <name>.text</name>
         <load_address>0xa196</load_address>
         <run_address>0xa196</run_address>
         <size>0x5a</size>
         <input_file_ref idref="fl-54"/>
      </object_component>
      <object_component id="oc-90">
         <name>.text</name>
         <load_address>0xa1f0</load_address>
         <run_address>0xa1f0</run_address>
         <size>0x56</size>
         <input_file_ref idref="fl-4a"/>
      </object_component>
      <object_component id="oc-268">
         <name>.text</name>
         <load_address>0xa246</load_address>
         <run_address>0xa246</run_address>
         <size>0x32</size>
         <input_file_ref idref="fl-47"/>
      </object_component>
      <object_component id="oc-26d">
         <name>.text</name>
         <load_address>0xa278</load_address>
         <run_address>0xa278</run_address>
         <size>0x31</size>
         <input_file_ref idref="fl-65"/>
      </object_component>
      <object_component id="oc-275">
         <name>.text</name>
         <load_address>0xa2a9</load_address>
         <run_address>0xa2a9</run_address>
         <size>0x30</size>
         <input_file_ref idref="fl-64"/>
      </object_component>
      <object_component id="oc-1dc">
         <name>.text</name>
         <load_address>0xa2d9</load_address>
         <run_address>0xa2d9</run_address>
         <size>0x2a</size>
         <input_file_ref idref="fl-57"/>
      </object_component>
      <object_component id="oc-250">
         <name>.text</name>
         <load_address>0xa303</load_address>
         <run_address>0xa303</run_address>
         <size>0x2a</size>
         <input_file_ref idref="fl-6f"/>
      </object_component>
      <object_component id="oc-259">
         <name>.text</name>
         <load_address>0xa32d</load_address>
         <run_address>0xa32d</run_address>
         <size>0x29</size>
         <input_file_ref idref="fl-50"/>
      </object_component>
      <object_component id="oc-260">
         <name>.text</name>
         <load_address>0xa356</load_address>
         <run_address>0xa356</run_address>
         <size>0x28</size>
         <input_file_ref idref="fl-c"/>
      </object_component>
      <object_component id="oc-279">
         <name>.text</name>
         <load_address>0xa37e</load_address>
         <run_address>0xa37e</run_address>
         <size>0x25</size>
         <input_file_ref idref="fl-6e"/>
      </object_component>
      <object_component id="oc-256">
         <name>.text</name>
         <load_address>0xa3a3</load_address>
         <run_address>0xa3a3</run_address>
         <size>0x24</size>
         <input_file_ref idref="fl-4c"/>
      </object_component>
      <object_component id="oc-1f0">
         <name>.text</name>
         <load_address>0xa3c7</load_address>
         <run_address>0xa3c7</run_address>
         <size>0x21</size>
         <input_file_ref idref="fl-5b"/>
      </object_component>
      <object_component id="oc-1ff">
         <name>.text</name>
         <load_address>0xa3e8</load_address>
         <run_address>0xa3e8</run_address>
         <size>0x1e</size>
         <input_file_ref idref="fl-5e"/>
      </object_component>
      <object_component id="oc-209">
         <name>.text</name>
         <load_address>0xa406</load_address>
         <run_address>0xa406</run_address>
         <size>0x1d</size>
         <input_file_ref idref="fl-60"/>
      </object_component>
      <object_component id="oc-25b">
         <name>.text</name>
         <load_address>0xa423</load_address>
         <run_address>0xa423</run_address>
         <size>0x1d</size>
         <input_file_ref idref="fl-4d"/>
      </object_component>
      <object_component id="oc-213">
         <name>.text</name>
         <load_address>0xa440</load_address>
         <run_address>0xa440</run_address>
         <size>0x1c</size>
         <input_file_ref idref="fl-62"/>
      </object_component>
      <object_component id="oc-20e">
         <name>.text</name>
         <load_address>0xa45c</load_address>
         <run_address>0xa45c</run_address>
         <size>0x1c</size>
         <input_file_ref idref="fl-61"/>
      </object_component>
      <object_component id="oc-1fa">
         <name>.text</name>
         <load_address>0xa478</load_address>
         <run_address>0xa478</run_address>
         <size>0x18</size>
         <input_file_ref idref="fl-5d"/>
      </object_component>
      <object_component id="oc-272">
         <name>.text</name>
         <load_address>0xa490</load_address>
         <run_address>0xa490</run_address>
         <size>0x10</size>
         <input_file_ref idref="fl-67"/>
      </object_component>
      <object_component id="oc-1eb">
         <name>.text</name>
         <load_address>0xa4a0</load_address>
         <run_address>0xa4a0</run_address>
         <size>0xe</size>
         <input_file_ref idref="fl-5a"/>
      </object_component>
      <object_component id="oc-278">
         <name>.text</name>
         <load_address>0xa4ae</load_address>
         <run_address>0xa4ae</run_address>
         <size>0xc</size>
         <input_file_ref idref="fl-69"/>
      </object_component>
      <object_component id="oc-263">
         <name>.text</name>
         <load_address>0xa4ba</load_address>
         <run_address>0xa4ba</run_address>
         <size>0x9</size>
         <input_file_ref idref="fl-51"/>
      </object_component>
      <object_component id="oc-1e6">
         <name>.text</name>
         <load_address>0xa4c3</load_address>
         <run_address>0xa4c3</run_address>
         <size>0x9</size>
         <input_file_ref idref="fl-59"/>
      </object_component>
      <object_component id="oc-273">
         <name>.text</name>
         <load_address>0xa4cc</load_address>
         <run_address>0xa4cc</run_address>
         <size>0x9</size>
         <input_file_ref idref="fl-6d"/>
      </object_component>
      <object_component id="oc-26e">
         <name>.text</name>
         <load_address>0xa4d5</load_address>
         <run_address>0xa4d5</run_address>
         <size>0x8</size>
         <input_file_ref idref="fl-6b"/>
      </object_component>
      <object_component id="oc-26f">
         <name>.text</name>
         <load_address>0xa4dd</load_address>
         <run_address>0xa4dd</run_address>
         <size>0x7</size>
         <input_file_ref idref="fl-68"/>
      </object_component>
      <object_component id="oc-1b4">
         <name>.cinit</name>
         <load_address>0x15c</load_address>
         <run_address>0x15c</run_address>
         <size>0xe</size>
         <input_file_ref idref="fl-50"/>
      </object_component>
      <object_component id="oc-165">
         <name>.cinit</name>
         <load_address>0x16a</load_address>
         <run_address>0x16a</run_address>
         <size>0xa</size>
         <input_file_ref idref="fl-2f"/>
      </object_component>
      <object_component id="oc-b1">
         <name>.cinit</name>
         <load_address>0x174</load_address>
         <run_address>0x174</run_address>
         <size>0xa</size>
         <input_file_ref idref="fl-8"/>
      </object_component>
      <object_component id="oc-25e">
         <name>.cinit:__lock</name>
         <load_address>0x17e</load_address>
         <run_address>0x17e</run_address>
         <size>0x5</size>
         <input_file_ref idref="fl-51"/>
      </object_component>
      <object_component id="oc-264">
         <name>.cinit:__unlock</name>
         <load_address>0x183</load_address>
         <run_address>0x183</run_address>
         <size>0x5</size>
         <input_file_ref idref="fl-51"/>
      </object_component>
      <object_component id="oc-a4">
         <name>.cinit</name>
         <load_address>0x188</load_address>
         <run_address>0x188</run_address>
         <size>0x4</size>
         <input_file_ref idref="fl-6"/>
      </object_component>
      <object_component id="oc-243">
         <name>.cinit</name>
         <load_address>0x18c</load_address>
         <run_address>0x18c</run_address>
         <size>0x4</size>
         <input_file_ref idref="fl-6c"/>
      </object_component>
      <object_component id="oc-195">
         <name>.reset</name>
         <load_address>0x3fffc0</load_address>
         <run_address>0x3fffc0</run_address>
         <size>0x2</size>
         <input_file_ref idref="fl-4a"/>
      </object_component>
      <object_component id="oc-194">
         <name>.stack</name>
         <uninitialized>true</uninitialized>
         <run_address>0x400</run_address>
         <size>0x0</size>
         <input_file_ref idref="fl-4a"/>
      </object_component>
      <object_component id="oc-311">
         <name>.stack</name>
         <uninitialized>true</uninitialized>
         <run_address>0x400</run_address>
         <size>0x0</size>
      </object_component>
      <object_component id="oc-9c">
         <name>.ebss</name>
         <uninitialized>true</uninitialized>
         <run_address>0xaca2</run_address>
         <size>0x1</size>
         <input_file_ref idref="fl-5"/>
      </object_component>
      <object_component id="oc-a5">
         <name>.ebss</name>
         <uninitialized>true</uninitialized>
         <run_address>0xaca3</run_address>
         <size>0x1</size>
         <input_file_ref idref="fl-6"/>
      </object_component>
      <object_component id="oc-b2">
         <name>.ebss</name>
         <uninitialized>true</uninitialized>
         <run_address>0xac80</run_address>
         <size>0x14</size>
         <input_file_ref idref="fl-8"/>
      </object_component>
      <object_component id="oc-267">
         <name>.ebss:_OLED_GRAM</name>
         <uninitialized>true</uninitialized>
         <run_address>0xa800</run_address>
         <size>0x480</size>
         <input_file_ref idref="fl-9"/>
      </object_component>
      <object_component id="oc-166">
         <name>.ebss</name>
         <uninitialized>true</uninitialized>
         <run_address>0xac9a</run_address>
         <size>0x4</size>
         <input_file_ref idref="fl-2f"/>
      </object_component>
      <object_component id="oc-1b5">
         <name>.ebss</name>
         <uninitialized>true</uninitialized>
         <run_address>0xac94</run_address>
         <size>0x6</size>
         <input_file_ref idref="fl-50"/>
      </object_component>
      <object_component id="oc-25d">
         <name>.ebss:__lock</name>
         <uninitialized>true</uninitialized>
         <run_address>0xac9e</run_address>
         <size>0x2</size>
         <input_file_ref idref="fl-51"/>
      </object_component>
      <object_component id="oc-26b">
         <name>.ebss:__unlock</name>
         <uninitialized>true</uninitialized>
         <run_address>0xaca0</run_address>
         <size>0x2</size>
         <input_file_ref idref="fl-51"/>
      </object_component>
      <object_component id="oc-244">
         <name>.ebss</name>
         <uninitialized>true</uninitialized>
         <run_address>0xaca4</run_address>
         <size>0x1</size>
         <input_file_ref idref="fl-6c"/>
      </object_component>
      <object_component id="oc-274">
         <name>.econst:.string:__ctypes_</name>
         <load_address>0xaca6</load_address>
         <run_address>0xaca6</run_address>
         <size>0x101</size>
         <input_file_ref idref="fl-66"/>
      </object_component>
      <object_component id="oc-1c6">
         <name>.econst:.string</name>
         <load_address>0xada8</load_address>
         <run_address>0xada8</run_address>
         <size>0x26</size>
         <input_file_ref idref="fl-53"/>
      </object_component>
      <object_component id="oc-1c5">
         <name>.econst</name>
         <load_address>0xadce</load_address>
         <run_address>0xadce</run_address>
         <size>0x1c</size>
         <input_file_ref idref="fl-53"/>
      </object_component>
      <object_component id="oc-1d2">
         <name>.econst</name>
         <load_address>0xadea</load_address>
         <run_address>0xadea</run_address>
         <size>0x1c</size>
         <input_file_ref idref="fl-55"/>
      </object_component>
      <object_component id="oc-1cc">
         <name>.econst</name>
         <load_address>0xae06</load_address>
         <run_address>0xae06</run_address>
         <size>0x8</size>
         <input_file_ref idref="fl-54"/>
      </object_component>
      <object_component id="oc-94">
         <name>.econst:.string</name>
         <load_address>0xae0e</load_address>
         <run_address>0xae0e</run_address>
         <size>0x6</size>
         <input_file_ref idref="fl-3"/>
      </object_component>
      <object_component id="oc-b9">
         <name>.econst:.string</name>
         <load_address>0xae14</load_address>
         <run_address>0xae14</run_address>
         <size>0x6</size>
         <input_file_ref idref="fl-9"/>
      </object_component>
      <object_component id="oc-bf">
         <name>ramgs0</name>
         <load_address>0xc000</load_address>
         <run_address>0xc000</run_address>
         <size>0x5f0</size>
         <input_file_ref idref="fl-a"/>
      </object_component>
      <object_component id="oc-9d">
         <name>ramgs0</name>
         <load_address>0xc600</load_address>
         <run_address>0xc600</run_address>
         <size>0x100</size>
         <input_file_ref idref="fl-5"/>
      </object_component>
      <object_component id="oc-b3">
         <name>ramgs1</name>
         <uninitialized>true</uninitialized>
         <run_address>0xe000</run_address>
         <size>0x880</size>
         <input_file_ref idref="fl-8"/>
      </object_component>
      <object_component id="oc-91">
         <name>.debug_info</name>
         <load_address>0x0</load_address>
         <run_address>0x0</run_address>
         <size>0x181</size>
         <input_file_ref idref="fl-2"/>
      </object_component>
      <object_component id="oc-93">
         <name>.debug_info</name>
         <load_address>0x181</load_address>
         <run_address>0x181</run_address>
         <size>0x960</size>
         <input_file_ref idref="fl-3"/>
      </object_component>
      <object_component id="oc-99">
         <name>.debug_info</name>
         <load_address>0xae1</load_address>
         <run_address>0xae1</run_address>
         <size>0x180</size>
         <input_file_ref idref="fl-4"/>
      </object_component>
      <object_component id="oc-9b">
         <name>.debug_info</name>
         <load_address>0xc61</load_address>
         <run_address>0xc61</run_address>
         <size>0x1a59</size>
         <input_file_ref idref="fl-5"/>
      </object_component>
      <object_component id="oc-a3">
         <name>.debug_info</name>
         <load_address>0x26ba</load_address>
         <run_address>0x26ba</run_address>
         <size>0x1915</size>
         <input_file_ref idref="fl-6"/>
      </object_component>
      <object_component id="oc-ab">
         <name>.debug_info</name>
         <load_address>0x3fcf</load_address>
         <run_address>0x3fcf</run_address>
         <size>0x773</size>
         <input_file_ref idref="fl-7"/>
      </object_component>
      <object_component id="oc-b0">
         <name>.debug_info</name>
         <load_address>0x4742</load_address>
         <run_address>0x4742</run_address>
         <size>0x6f0</size>
         <input_file_ref idref="fl-8"/>
      </object_component>
      <object_component id="oc-b8">
         <name>.debug_info</name>
         <load_address>0x4e32</load_address>
         <run_address>0x4e32</run_address>
         <size>0x1c93</size>
         <input_file_ref idref="fl-9"/>
      </object_component>
      <object_component id="oc-be">
         <name>.debug_info</name>
         <load_address>0x6ac5</load_address>
         <run_address>0x6ac5</run_address>
         <size>0x1ce</size>
         <input_file_ref idref="fl-a"/>
      </object_component>
      <object_component id="oc-c1">
         <name>.debug_info</name>
         <load_address>0x6c93</load_address>
         <run_address>0x6c93</run_address>
         <size>0x17d</size>
         <input_file_ref idref="fl-b"/>
      </object_component>
      <object_component id="oc-c3">
         <name>.debug_info</name>
         <load_address>0x6e10</load_address>
         <run_address>0x6e10</run_address>
         <size>0x732</size>
         <input_file_ref idref="fl-c"/>
      </object_component>
      <object_component id="oc-c8">
         <name>.debug_info</name>
         <load_address>0x7542</load_address>
         <run_address>0x7542</run_address>
         <size>0x339</size>
         <input_file_ref idref="fl-d"/>
      </object_component>
      <object_component id="oc-cd">
         <name>.debug_info</name>
         <load_address>0x787b</load_address>
         <run_address>0x787b</run_address>
         <size>0x4f7</size>
         <input_file_ref idref="fl-e"/>
      </object_component>
      <object_component id="oc-d2">
         <name>.debug_info</name>
         <load_address>0x7d72</load_address>
         <run_address>0x7d72</run_address>
         <size>0x183</size>
         <input_file_ref idref="fl-f"/>
      </object_component>
      <object_component id="oc-d4">
         <name>.debug_info</name>
         <load_address>0x7ef5</load_address>
         <run_address>0x7ef5</run_address>
         <size>0x4f8</size>
         <input_file_ref idref="fl-10"/>
      </object_component>
      <object_component id="oc-d9">
         <name>.debug_info</name>
         <load_address>0x83ed</load_address>
         <run_address>0x83ed</run_address>
         <size>0x9c3</size>
         <input_file_ref idref="fl-11"/>
      </object_component>
      <object_component id="oc-de">
         <name>.debug_info</name>
         <load_address>0x8db0</load_address>
         <run_address>0x8db0</run_address>
         <size>0x186</size>
         <input_file_ref idref="fl-12"/>
      </object_component>
      <object_component id="oc-e0">
         <name>.debug_info</name>
         <load_address>0x8f36</load_address>
         <run_address>0x8f36</run_address>
         <size>0x406</size>
         <input_file_ref idref="fl-13"/>
      </object_component>
      <object_component id="oc-e5">
         <name>.debug_info</name>
         <load_address>0x933c</load_address>
         <run_address>0x933c</run_address>
         <size>0x91f</size>
         <input_file_ref idref="fl-14"/>
      </object_component>
      <object_component id="oc-ea">
         <name>.debug_info</name>
         <load_address>0x9c5b</load_address>
         <run_address>0x9c5b</run_address>
         <size>0x423</size>
         <input_file_ref idref="fl-15"/>
      </object_component>
      <object_component id="oc-ef">
         <name>.debug_info</name>
         <load_address>0xa07e</load_address>
         <run_address>0xa07e</run_address>
         <size>0x3d9</size>
         <input_file_ref idref="fl-16"/>
      </object_component>
      <object_component id="oc-f4">
         <name>.debug_info</name>
         <load_address>0xa457</load_address>
         <run_address>0xa457</run_address>
         <size>0x57c</size>
         <input_file_ref idref="fl-17"/>
      </object_component>
      <object_component id="oc-f9">
         <name>.debug_info</name>
         <load_address>0xa9d3</load_address>
         <run_address>0xa9d3</run_address>
         <size>0x909</size>
         <input_file_ref idref="fl-18"/>
      </object_component>
      <object_component id="oc-fe">
         <name>.debug_info</name>
         <load_address>0xb2dc</load_address>
         <run_address>0xb2dc</run_address>
         <size>0x9e9</size>
         <input_file_ref idref="fl-19"/>
      </object_component>
      <object_component id="oc-103">
         <name>.debug_info</name>
         <load_address>0xbcc5</load_address>
         <run_address>0xbcc5</run_address>
         <size>0x419</size>
         <input_file_ref idref="fl-1a"/>
      </object_component>
      <object_component id="oc-108">
         <name>.debug_info</name>
         <load_address>0xc0de</load_address>
         <run_address>0xc0de</run_address>
         <size>0xbd7</size>
         <input_file_ref idref="fl-1b"/>
      </object_component>
      <object_component id="oc-10d">
         <name>.debug_info</name>
         <load_address>0xccb5</load_address>
         <run_address>0xccb5</run_address>
         <size>0x39f</size>
         <input_file_ref idref="fl-1c"/>
      </object_component>
      <object_component id="oc-112">
         <name>.debug_info</name>
         <load_address>0xd054</load_address>
         <run_address>0xd054</run_address>
         <size>0xc2d</size>
         <input_file_ref idref="fl-1d"/>
      </object_component>
      <object_component id="oc-117">
         <name>.debug_info</name>
         <load_address>0xdc81</load_address>
         <run_address>0xdc81</run_address>
         <size>0x4a0</size>
         <input_file_ref idref="fl-1e"/>
      </object_component>
      <object_component id="oc-11c">
         <name>.debug_info</name>
         <load_address>0xe121</load_address>
         <run_address>0xe121</run_address>
         <size>0x53e</size>
         <input_file_ref idref="fl-1f"/>
      </object_component>
      <object_component id="oc-121">
         <name>.debug_info</name>
         <load_address>0xe65f</load_address>
         <run_address>0xe65f</run_address>
         <size>0xf7c</size>
         <input_file_ref idref="fl-20"/>
      </object_component>
      <object_component id="oc-126">
         <name>.debug_info</name>
         <load_address>0xf5db</load_address>
         <run_address>0xf5db</run_address>
         <size>0x181</size>
         <input_file_ref idref="fl-21"/>
      </object_component>
      <object_component id="oc-128">
         <name>.debug_info</name>
         <load_address>0xf75c</load_address>
         <run_address>0xf75c</run_address>
         <size>0x181</size>
         <input_file_ref idref="fl-22"/>
      </object_component>
      <object_component id="oc-12a">
         <name>.debug_info</name>
         <load_address>0xf8dd</load_address>
         <run_address>0xf8dd</run_address>
         <size>0x3c4</size>
         <input_file_ref idref="fl-23"/>
      </object_component>
      <object_component id="oc-12f">
         <name>.debug_info</name>
         <load_address>0xfca1</load_address>
         <run_address>0xfca1</run_address>
         <size>0x98a</size>
         <input_file_ref idref="fl-24"/>
      </object_component>
      <object_component id="oc-134">
         <name>.debug_info</name>
         <load_address>0x1062b</load_address>
         <run_address>0x1062b</run_address>
         <size>0x563</size>
         <input_file_ref idref="fl-25"/>
      </object_component>
      <object_component id="oc-139">
         <name>.debug_info</name>
         <load_address>0x10b8e</load_address>
         <run_address>0x10b8e</run_address>
         <size>0x48a</size>
         <input_file_ref idref="fl-26"/>
      </object_component>
      <object_component id="oc-13e">
         <name>.debug_info</name>
         <load_address>0x11018</load_address>
         <run_address>0x11018</run_address>
         <size>0x17f</size>
         <input_file_ref idref="fl-27"/>
      </object_component>
      <object_component id="oc-140">
         <name>.debug_info</name>
         <load_address>0x11197</load_address>
         <run_address>0x11197</run_address>
         <size>0x46e</size>
         <input_file_ref idref="fl-28"/>
      </object_component>
      <object_component id="oc-145">
         <name>.debug_info</name>
         <load_address>0x11605</load_address>
         <run_address>0x11605</run_address>
         <size>0x5e6</size>
         <input_file_ref idref="fl-29"/>
      </object_component>
      <object_component id="oc-14a">
         <name>.debug_info</name>
         <load_address>0x11beb</load_address>
         <run_address>0x11beb</run_address>
         <size>0x4d6</size>
         <input_file_ref idref="fl-2a"/>
      </object_component>
      <object_component id="oc-14f">
         <name>.debug_info</name>
         <load_address>0x120c1</load_address>
         <run_address>0x120c1</run_address>
         <size>0x7b2</size>
         <input_file_ref idref="fl-2b"/>
      </object_component>
      <object_component id="oc-154">
         <name>.debug_info</name>
         <load_address>0x12873</load_address>
         <run_address>0x12873</run_address>
         <size>0x1403</size>
         <input_file_ref idref="fl-2c"/>
      </object_component>
      <object_component id="oc-15a">
         <name>.debug_info</name>
         <load_address>0x13c76</load_address>
         <run_address>0x13c76</run_address>
         <size>0x353</size>
         <input_file_ref idref="fl-2d"/>
      </object_component>
      <object_component id="oc-15f">
         <name>.debug_info</name>
         <load_address>0x13fc9</load_address>
         <run_address>0x13fc9</run_address>
         <size>0x324a</size>
         <input_file_ref idref="fl-2e"/>
      </object_component>
      <object_component id="oc-164">
         <name>.debug_info</name>
         <load_address>0x17213</load_address>
         <run_address>0x17213</run_address>
         <size>0xfe4</size>
         <input_file_ref idref="fl-2f"/>
      </object_component>
      <object_component id="oc-16e">
         <name>.debug_info</name>
         <load_address>0x181f7</load_address>
         <run_address>0x181f7</run_address>
         <size>0x133</size>
         <input_file_ref idref="fl-30"/>
      </object_component>
      <object_component id="oc-173">
         <name>.debug_info</name>
         <load_address>0x1832a</load_address>
         <run_address>0x1832a</run_address>
         <size>0x250</size>
         <input_file_ref idref="fl-43"/>
      </object_component>
      <object_component id="oc-178">
         <name>.debug_info</name>
         <load_address>0x1857a</load_address>
         <run_address>0x1857a</run_address>
         <size>0x185</size>
         <input_file_ref idref="fl-44"/>
      </object_component>
      <object_component id="oc-17b">
         <name>.debug_info</name>
         <load_address>0x186ff</load_address>
         <run_address>0x186ff</run_address>
         <size>0x4e1</size>
         <input_file_ref idref="fl-45"/>
      </object_component>
      <object_component id="oc-182">
         <name>.debug_info</name>
         <load_address>0x18be0</load_address>
         <run_address>0x18be0</run_address>
         <size>0x2c1</size>
         <input_file_ref idref="fl-46"/>
      </object_component>
      <object_component id="oc-185">
         <name>.debug_info</name>
         <load_address>0x18ea1</load_address>
         <run_address>0x18ea1</run_address>
         <size>0x64c</size>
         <input_file_ref idref="fl-47"/>
      </object_component>
      <object_component id="oc-18a">
         <name>.debug_info</name>
         <load_address>0x194ed</load_address>
         <run_address>0x194ed</run_address>
         <size>0x349</size>
         <input_file_ref idref="fl-48"/>
      </object_component>
      <object_component id="oc-18f">
         <name>.debug_info</name>
         <load_address>0x19836</load_address>
         <run_address>0x19836</run_address>
         <size>0x349</size>
         <input_file_ref idref="fl-49"/>
      </object_component>
      <object_component id="oc-196">
         <name>.debug_info</name>
         <load_address>0x19b7f</load_address>
         <run_address>0x19b7f</run_address>
         <size>0x173</size>
         <input_file_ref idref="fl-4a"/>
      </object_component>
      <object_component id="oc-19b">
         <name>.debug_info</name>
         <load_address>0x19cf2</load_address>
         <run_address>0x19cf2</run_address>
         <size>0x114</size>
         <input_file_ref idref="fl-4b"/>
      </object_component>
      <object_component id="oc-19f">
         <name>.debug_info</name>
         <load_address>0x19e06</load_address>
         <run_address>0x19e06</run_address>
         <size>0x561</size>
         <input_file_ref idref="fl-4c"/>
      </object_component>
      <object_component id="oc-1a4">
         <name>.debug_info</name>
         <load_address>0x1a367</load_address>
         <run_address>0x1a367</run_address>
         <size>0x43a</size>
         <input_file_ref idref="fl-4d"/>
      </object_component>
      <object_component id="oc-1a9">
         <name>.debug_info</name>
         <load_address>0x1a7a1</load_address>
         <run_address>0x1a7a1</run_address>
         <size>0x3ad</size>
         <input_file_ref idref="fl-4e"/>
      </object_component>
      <object_component id="oc-1ae">
         <name>.debug_info</name>
         <load_address>0x1ab4e</load_address>
         <run_address>0x1ab4e</run_address>
         <size>0x3aa</size>
         <input_file_ref idref="fl-4f"/>
      </object_component>
      <object_component id="oc-1b3">
         <name>.debug_info</name>
         <load_address>0x1aef8</load_address>
         <run_address>0x1aef8</run_address>
         <size>0x544</size>
         <input_file_ref idref="fl-50"/>
      </object_component>
      <object_component id="oc-1ba">
         <name>.debug_info</name>
         <load_address>0x1b43c</load_address>
         <run_address>0x1b43c</run_address>
         <size>0x4cc</size>
         <input_file_ref idref="fl-51"/>
      </object_component>
      <object_component id="oc-1bf">
         <name>.debug_info</name>
         <load_address>0x1b908</load_address>
         <run_address>0x1b908</run_address>
         <size>0x467</size>
         <input_file_ref idref="fl-52"/>
      </object_component>
      <object_component id="oc-1c4">
         <name>.debug_info</name>
         <load_address>0x1bd6f</load_address>
         <run_address>0x1bd6f</run_address>
         <size>0x2a53</size>
         <input_file_ref idref="fl-53"/>
      </object_component>
      <object_component id="oc-1cb">
         <name>.debug_info</name>
         <load_address>0x1e7c2</load_address>
         <run_address>0x1e7c2</run_address>
         <size>0x4a6</size>
         <input_file_ref idref="fl-54"/>
      </object_component>
      <object_component id="oc-1d1">
         <name>.debug_info</name>
         <load_address>0x1ec68</load_address>
         <run_address>0x1ec68</run_address>
         <size>0x532</size>
         <input_file_ref idref="fl-55"/>
      </object_component>
      <object_component id="oc-1d8">
         <name>.debug_info</name>
         <load_address>0x1f19a</load_address>
         <run_address>0x1f19a</run_address>
         <size>0x114</size>
         <input_file_ref idref="fl-56"/>
      </object_component>
      <object_component id="oc-1dd">
         <name>.debug_info</name>
         <load_address>0x1f2ae</load_address>
         <run_address>0x1f2ae</run_address>
         <size>0x120</size>
         <input_file_ref idref="fl-57"/>
      </object_component>
      <object_component id="oc-1e2">
         <name>.debug_info</name>
         <load_address>0x1f3ce</load_address>
         <run_address>0x1f3ce</run_address>
         <size>0x114</size>
         <input_file_ref idref="fl-58"/>
      </object_component>
      <object_component id="oc-1e7">
         <name>.debug_info</name>
         <load_address>0x1f4e2</load_address>
         <run_address>0x1f4e2</run_address>
         <size>0x114</size>
         <input_file_ref idref="fl-59"/>
      </object_component>
      <object_component id="oc-1ec">
         <name>.debug_info</name>
         <load_address>0x1f5f6</load_address>
         <run_address>0x1f5f6</run_address>
         <size>0x122</size>
         <input_file_ref idref="fl-5a"/>
      </object_component>
      <object_component id="oc-1f1">
         <name>.debug_info</name>
         <load_address>0x1f718</load_address>
         <run_address>0x1f718</run_address>
         <size>0x114</size>
         <input_file_ref idref="fl-5b"/>
      </object_component>
      <object_component id="oc-1f6">
         <name>.debug_info</name>
         <load_address>0x1f82c</load_address>
         <run_address>0x1f82c</run_address>
         <size>0x114</size>
         <input_file_ref idref="fl-5c"/>
      </object_component>
      <object_component id="oc-1fb">
         <name>.debug_info</name>
         <load_address>0x1f940</load_address>
         <run_address>0x1f940</run_address>
         <size>0x176</size>
         <input_file_ref idref="fl-5d"/>
      </object_component>
      <object_component id="oc-200">
         <name>.debug_info</name>
         <load_address>0x1fab6</load_address>
         <run_address>0x1fab6</run_address>
         <size>0x14e</size>
         <input_file_ref idref="fl-5e"/>
      </object_component>
      <object_component id="oc-205">
         <name>.debug_info</name>
         <load_address>0x1fc04</load_address>
         <run_address>0x1fc04</run_address>
         <size>0x231</size>
         <input_file_ref idref="fl-5f"/>
      </object_component>
      <object_component id="oc-20a">
         <name>.debug_info</name>
         <load_address>0x1fe35</load_address>
         <run_address>0x1fe35</run_address>
         <size>0x118</size>
         <input_file_ref idref="fl-60"/>
      </object_component>
      <object_component id="oc-20f">
         <name>.debug_info</name>
         <load_address>0x1ff4d</load_address>
         <run_address>0x1ff4d</run_address>
         <size>0x118</size>
         <input_file_ref idref="fl-61"/>
      </object_component>
      <object_component id="oc-214">
         <name>.debug_info</name>
         <load_address>0x20065</load_address>
         <run_address>0x20065</run_address>
         <size>0x11a</size>
         <input_file_ref idref="fl-62"/>
      </object_component>
      <object_component id="oc-219">
         <name>.debug_info</name>
         <load_address>0x2017f</load_address>
         <run_address>0x2017f</run_address>
         <size>0x114</size>
         <input_file_ref idref="fl-63"/>
      </object_component>
      <object_component id="oc-21d">
         <name>.debug_info</name>
         <load_address>0x20293</load_address>
         <run_address>0x20293</run_address>
         <size>0x46c</size>
         <input_file_ref idref="fl-64"/>
      </object_component>
      <object_component id="oc-222">
         <name>.debug_info</name>
         <load_address>0x206ff</load_address>
         <run_address>0x206ff</run_address>
         <size>0x41f</size>
         <input_file_ref idref="fl-65"/>
      </object_component>
      <object_component id="oc-227">
         <name>.debug_info</name>
         <load_address>0x20b1e</load_address>
         <run_address>0x20b1e</run_address>
         <size>0x1e7</size>
         <input_file_ref idref="fl-66"/>
      </object_component>
      <object_component id="oc-229">
         <name>.debug_info</name>
         <load_address>0x20d05</load_address>
         <run_address>0x20d05</run_address>
         <size>0x45e</size>
         <input_file_ref idref="fl-67"/>
      </object_component>
      <object_component id="oc-22e">
         <name>.debug_info</name>
         <load_address>0x21163</load_address>
         <run_address>0x21163</run_address>
         <size>0x502</size>
         <input_file_ref idref="fl-68"/>
      </object_component>
      <object_component id="oc-233">
         <name>.debug_info</name>
         <load_address>0x21665</load_address>
         <run_address>0x21665</run_address>
         <size>0x4f1</size>
         <input_file_ref idref="fl-69"/>
      </object_component>
      <object_component id="oc-238">
         <name>.debug_info</name>
         <load_address>0x21b56</load_address>
         <run_address>0x21b56</run_address>
         <size>0x4e5</size>
         <input_file_ref idref="fl-6a"/>
      </object_component>
      <object_component id="oc-23d">
         <name>.debug_info</name>
         <load_address>0x2203b</load_address>
         <run_address>0x2203b</run_address>
         <size>0x4aa</size>
         <input_file_ref idref="fl-6b"/>
      </object_component>
      <object_component id="oc-242">
         <name>.debug_info</name>
         <load_address>0x224e5</load_address>
         <run_address>0x224e5</run_address>
         <size>0x1c6</size>
         <input_file_ref idref="fl-6c"/>
      </object_component>
      <object_component id="oc-246">
         <name>.debug_info</name>
         <load_address>0x226ab</load_address>
         <run_address>0x226ab</run_address>
         <size>0x40c</size>
         <input_file_ref idref="fl-6d"/>
      </object_component>
      <object_component id="oc-24b">
         <name>.debug_info</name>
         <load_address>0x22ab7</load_address>
         <run_address>0x22ab7</run_address>
         <size>0x423</size>
         <input_file_ref idref="fl-6e"/>
      </object_component>
      <object_component id="oc-251">
         <name>.debug_info</name>
         <load_address>0x22eda</load_address>
         <run_address>0x22eda</run_address>
         <size>0x1a5</size>
         <input_file_ref idref="fl-6f"/>
      </object_component>
      <object_component id="oc-317">
         <name>.debug_info</name>
         <load_address>0x2307f</load_address>
         <run_address>0x2307f</run_address>
         <size>0xa2</size>
      </object_component>
      <object_component id="oc-92">
         <name>.debug_abbrev</name>
         <load_address>0x0</load_address>
         <run_address>0x0</run_address>
         <size>0x21</size>
         <input_file_ref idref="fl-2"/>
      </object_component>
      <object_component id="oc-97">
         <name>.debug_abbrev</name>
         <load_address>0x21</load_address>
         <run_address>0x21</run_address>
         <size>0xee</size>
         <input_file_ref idref="fl-3"/>
      </object_component>
      <object_component id="oc-9a">
         <name>.debug_abbrev</name>
         <load_address>0x10f</load_address>
         <run_address>0x10f</run_address>
         <size>0x21</size>
         <input_file_ref idref="fl-4"/>
      </object_component>
      <object_component id="oc-a1">
         <name>.debug_abbrev</name>
         <load_address>0x130</load_address>
         <run_address>0x130</run_address>
         <size>0x14d</size>
         <input_file_ref idref="fl-5"/>
      </object_component>
      <object_component id="oc-a9">
         <name>.debug_abbrev</name>
         <load_address>0x27d</load_address>
         <run_address>0x27d</run_address>
         <size>0x129</size>
         <input_file_ref idref="fl-6"/>
      </object_component>
      <object_component id="oc-ae">
         <name>.debug_abbrev</name>
         <load_address>0x3a6</load_address>
         <run_address>0x3a6</run_address>
         <size>0xdf</size>
         <input_file_ref idref="fl-7"/>
      </object_component>
      <object_component id="oc-b6">
         <name>.debug_abbrev</name>
         <load_address>0x485</load_address>
         <run_address>0x485</run_address>
         <size>0xee</size>
         <input_file_ref idref="fl-8"/>
      </object_component>
      <object_component id="oc-bc">
         <name>.debug_abbrev</name>
         <load_address>0x573</load_address>
         <run_address>0x573</run_address>
         <size>0x154</size>
         <input_file_ref idref="fl-9"/>
      </object_component>
      <object_component id="oc-c0">
         <name>.debug_abbrev</name>
         <load_address>0x6c7</load_address>
         <run_address>0x6c7</run_address>
         <size>0x64</size>
         <input_file_ref idref="fl-a"/>
      </object_component>
      <object_component id="oc-c2">
         <name>.debug_abbrev</name>
         <load_address>0x72b</load_address>
         <run_address>0x72b</run_address>
         <size>0x21</size>
         <input_file_ref idref="fl-b"/>
      </object_component>
      <object_component id="oc-c6">
         <name>.debug_abbrev</name>
         <load_address>0x74c</load_address>
         <run_address>0x74c</run_address>
         <size>0xb3</size>
         <input_file_ref idref="fl-c"/>
      </object_component>
      <object_component id="oc-cb">
         <name>.debug_abbrev</name>
         <load_address>0x7ff</load_address>
         <run_address>0x7ff</run_address>
         <size>0x63</size>
         <input_file_ref idref="fl-d"/>
      </object_component>
      <object_component id="oc-d0">
         <name>.debug_abbrev</name>
         <load_address>0x862</load_address>
         <run_address>0x862</run_address>
         <size>0x11f</size>
         <input_file_ref idref="fl-e"/>
      </object_component>
      <object_component id="oc-d3">
         <name>.debug_abbrev</name>
         <load_address>0x981</load_address>
         <run_address>0x981</run_address>
         <size>0x21</size>
         <input_file_ref idref="fl-f"/>
      </object_component>
      <object_component id="oc-d7">
         <name>.debug_abbrev</name>
         <load_address>0x9a2</load_address>
         <run_address>0x9a2</run_address>
         <size>0x12a</size>
         <input_file_ref idref="fl-10"/>
      </object_component>
      <object_component id="oc-dc">
         <name>.debug_abbrev</name>
         <load_address>0xacc</load_address>
         <run_address>0xacc</run_address>
         <size>0xba</size>
         <input_file_ref idref="fl-11"/>
      </object_component>
      <object_component id="oc-df">
         <name>.debug_abbrev</name>
         <load_address>0xb86</load_address>
         <run_address>0xb86</run_address>
         <size>0x21</size>
         <input_file_ref idref="fl-12"/>
      </object_component>
      <object_component id="oc-e3">
         <name>.debug_abbrev</name>
         <load_address>0xba7</load_address>
         <run_address>0xba7</run_address>
         <size>0xd1</size>
         <input_file_ref idref="fl-13"/>
      </object_component>
      <object_component id="oc-e8">
         <name>.debug_abbrev</name>
         <load_address>0xc78</load_address>
         <run_address>0xc78</run_address>
         <size>0xa8</size>
         <input_file_ref idref="fl-14"/>
      </object_component>
      <object_component id="oc-ed">
         <name>.debug_abbrev</name>
         <load_address>0xd20</load_address>
         <run_address>0xd20</run_address>
         <size>0xb5</size>
         <input_file_ref idref="fl-15"/>
      </object_component>
      <object_component id="oc-f2">
         <name>.debug_abbrev</name>
         <load_address>0xdd5</load_address>
         <run_address>0xdd5</run_address>
         <size>0xb6</size>
         <input_file_ref idref="fl-16"/>
      </object_component>
      <object_component id="oc-f7">
         <name>.debug_abbrev</name>
         <load_address>0xe8b</load_address>
         <run_address>0xe8b</run_address>
         <size>0x123</size>
         <input_file_ref idref="fl-17"/>
      </object_component>
      <object_component id="oc-fc">
         <name>.debug_abbrev</name>
         <load_address>0xfae</load_address>
         <run_address>0xfae</run_address>
         <size>0x12e</size>
         <input_file_ref idref="fl-18"/>
      </object_component>
      <object_component id="oc-101">
         <name>.debug_abbrev</name>
         <load_address>0x10dc</load_address>
         <run_address>0x10dc</run_address>
         <size>0xea</size>
         <input_file_ref idref="fl-19"/>
      </object_component>
      <object_component id="oc-106">
         <name>.debug_abbrev</name>
         <load_address>0x11c6</load_address>
         <run_address>0x11c6</run_address>
         <size>0xba</size>
         <input_file_ref idref="fl-1a"/>
      </object_component>
      <object_component id="oc-10b">
         <name>.debug_abbrev</name>
         <load_address>0x1280</load_address>
         <run_address>0x1280</run_address>
         <size>0x103</size>
         <input_file_ref idref="fl-1b"/>
      </object_component>
      <object_component id="oc-110">
         <name>.debug_abbrev</name>
         <load_address>0x1383</load_address>
         <run_address>0x1383</run_address>
         <size>0x9a</size>
         <input_file_ref idref="fl-1c"/>
      </object_component>
      <object_component id="oc-115">
         <name>.debug_abbrev</name>
         <load_address>0x141d</load_address>
         <run_address>0x141d</run_address>
         <size>0x13a</size>
         <input_file_ref idref="fl-1d"/>
      </object_component>
      <object_component id="oc-11a">
         <name>.debug_abbrev</name>
         <load_address>0x1557</load_address>
         <run_address>0x1557</run_address>
         <size>0xba</size>
         <input_file_ref idref="fl-1e"/>
      </object_component>
      <object_component id="oc-11f">
         <name>.debug_abbrev</name>
         <load_address>0x1611</load_address>
         <run_address>0x1611</run_address>
         <size>0x11f</size>
         <input_file_ref idref="fl-1f"/>
      </object_component>
      <object_component id="oc-124">
         <name>.debug_abbrev</name>
         <load_address>0x1730</load_address>
         <run_address>0x1730</run_address>
         <size>0x16c</size>
         <input_file_ref idref="fl-20"/>
      </object_component>
      <object_component id="oc-127">
         <name>.debug_abbrev</name>
         <load_address>0x189c</load_address>
         <run_address>0x189c</run_address>
         <size>0x21</size>
         <input_file_ref idref="fl-21"/>
      </object_component>
      <object_component id="oc-129">
         <name>.debug_abbrev</name>
         <load_address>0x18bd</load_address>
         <run_address>0x18bd</run_address>
         <size>0x21</size>
         <input_file_ref idref="fl-22"/>
      </object_component>
      <object_component id="oc-12d">
         <name>.debug_abbrev</name>
         <load_address>0x18de</load_address>
         <run_address>0x18de</run_address>
         <size>0xfc</size>
         <input_file_ref idref="fl-23"/>
      </object_component>
      <object_component id="oc-132">
         <name>.debug_abbrev</name>
         <load_address>0x19da</load_address>
         <run_address>0x19da</run_address>
         <size>0x15c</size>
         <input_file_ref idref="fl-24"/>
      </object_component>
      <object_component id="oc-137">
         <name>.debug_abbrev</name>
         <load_address>0x1b36</load_address>
         <run_address>0x1b36</run_address>
         <size>0xc3</size>
         <input_file_ref idref="fl-25"/>
      </object_component>
      <object_component id="oc-13c">
         <name>.debug_abbrev</name>
         <load_address>0x1bf9</load_address>
         <run_address>0x1bf9</run_address>
         <size>0x10a</size>
         <input_file_ref idref="fl-26"/>
      </object_component>
      <object_component id="oc-13f">
         <name>.debug_abbrev</name>
         <load_address>0x1d03</load_address>
         <run_address>0x1d03</run_address>
         <size>0x21</size>
         <input_file_ref idref="fl-27"/>
      </object_component>
      <object_component id="oc-143">
         <name>.debug_abbrev</name>
         <load_address>0x1d24</load_address>
         <run_address>0x1d24</run_address>
         <size>0x195</size>
         <input_file_ref idref="fl-28"/>
      </object_component>
      <object_component id="oc-148">
         <name>.debug_abbrev</name>
         <load_address>0x1eb9</load_address>
         <run_address>0x1eb9</run_address>
         <size>0x113</size>
         <input_file_ref idref="fl-29"/>
      </object_component>
      <object_component id="oc-14d">
         <name>.debug_abbrev</name>
         <load_address>0x1fcc</load_address>
         <run_address>0x1fcc</run_address>
         <size>0xe1</size>
         <input_file_ref idref="fl-2a"/>
      </object_component>
      <object_component id="oc-152">
         <name>.debug_abbrev</name>
         <load_address>0x20ad</load_address>
         <run_address>0x20ad</run_address>
         <size>0x177</size>
         <input_file_ref idref="fl-2b"/>
      </object_component>
      <object_component id="oc-158">
         <name>.debug_abbrev</name>
         <load_address>0x2224</load_address>
         <run_address>0x2224</run_address>
         <size>0x188</size>
         <input_file_ref idref="fl-2c"/>
      </object_component>
      <object_component id="oc-15d">
         <name>.debug_abbrev</name>
         <load_address>0x23ac</load_address>
         <run_address>0x23ac</run_address>
         <size>0x70</size>
         <input_file_ref idref="fl-2d"/>
      </object_component>
      <object_component id="oc-162">
         <name>.debug_abbrev</name>
         <load_address>0x241c</load_address>
         <run_address>0x241c</run_address>
         <size>0x113</size>
         <input_file_ref idref="fl-2e"/>
      </object_component>
      <object_component id="oc-169">
         <name>.debug_abbrev</name>
         <load_address>0x252f</load_address>
         <run_address>0x252f</run_address>
         <size>0x12b</size>
         <input_file_ref idref="fl-2f"/>
      </object_component>
      <object_component id="oc-16f">
         <name>.debug_abbrev</name>
         <load_address>0x265a</load_address>
         <run_address>0x265a</run_address>
         <size>0x21</size>
         <input_file_ref idref="fl-30"/>
      </object_component>
      <object_component id="oc-174">
         <name>.debug_abbrev</name>
         <load_address>0x267b</load_address>
         <run_address>0x267b</run_address>
         <size>0x3d</size>
         <input_file_ref idref="fl-43"/>
      </object_component>
      <object_component id="oc-179">
         <name>.debug_abbrev</name>
         <load_address>0x26b8</load_address>
         <run_address>0x26b8</run_address>
         <size>0x2f</size>
         <input_file_ref idref="fl-44"/>
      </object_component>
      <object_component id="oc-17e">
         <name>.debug_abbrev</name>
         <load_address>0x26e7</load_address>
         <run_address>0x26e7</run_address>
         <size>0xe3</size>
         <input_file_ref idref="fl-45"/>
      </object_component>
      <object_component id="oc-183">
         <name>.debug_abbrev</name>
         <load_address>0x27ca</load_address>
         <run_address>0x27ca</run_address>
         <size>0x3d</size>
         <input_file_ref idref="fl-46"/>
      </object_component>
      <object_component id="oc-188">
         <name>.debug_abbrev</name>
         <load_address>0x2807</load_address>
         <run_address>0x2807</run_address>
         <size>0x110</size>
         <input_file_ref idref="fl-47"/>
      </object_component>
      <object_component id="oc-18d">
         <name>.debug_abbrev</name>
         <load_address>0x2917</load_address>
         <run_address>0x2917</run_address>
         <size>0x84</size>
         <input_file_ref idref="fl-48"/>
      </object_component>
      <object_component id="oc-192">
         <name>.debug_abbrev</name>
         <load_address>0x299b</load_address>
         <run_address>0x299b</run_address>
         <size>0x84</size>
         <input_file_ref idref="fl-49"/>
      </object_component>
      <object_component id="oc-198">
         <name>.debug_abbrev</name>
         <load_address>0x2a1f</load_address>
         <run_address>0x2a1f</run_address>
         <size>0x46</size>
         <input_file_ref idref="fl-4a"/>
      </object_component>
      <object_component id="oc-19d">
         <name>.debug_abbrev</name>
         <load_address>0x2a65</load_address>
         <run_address>0x2a65</run_address>
         <size>0x38</size>
         <input_file_ref idref="fl-4b"/>
      </object_component>
      <object_component id="oc-1a2">
         <name>.debug_abbrev</name>
         <load_address>0x2a9d</load_address>
         <run_address>0x2a9d</run_address>
         <size>0xe3</size>
         <input_file_ref idref="fl-4c"/>
      </object_component>
      <object_component id="oc-1a7">
         <name>.debug_abbrev</name>
         <load_address>0x2b80</load_address>
         <run_address>0x2b80</run_address>
         <size>0xa8</size>
         <input_file_ref idref="fl-4d"/>
      </object_component>
      <object_component id="oc-1ac">
         <name>.debug_abbrev</name>
         <load_address>0x2c28</load_address>
         <run_address>0x2c28</run_address>
         <size>0x68</size>
         <input_file_ref idref="fl-4e"/>
      </object_component>
      <object_component id="oc-1b1">
         <name>.debug_abbrev</name>
         <load_address>0x2c90</load_address>
         <run_address>0x2c90</run_address>
         <size>0x66</size>
         <input_file_ref idref="fl-4f"/>
      </object_component>
      <object_component id="oc-1b8">
         <name>.debug_abbrev</name>
         <load_address>0x2cf6</load_address>
         <run_address>0x2cf6</run_address>
         <size>0x130</size>
         <input_file_ref idref="fl-50"/>
      </object_component>
      <object_component id="oc-1bd">
         <name>.debug_abbrev</name>
[...]
         <name>_I2C_SW_Configuration</name>
         <value>0x928a</value>
         <object_component_ref idref="oc-261"/>
      </symbol>
      <symbol id="sm-1f1">
         <name>_OLED_DrawCircle</name>
         <value>0x93bf</value>
         <object_component_ref idref="oc-261"/>
      </symbol>
      <symbol id="sm-1f3">
         <name>_OLED_WR_BP</name>
         <value>0x9084</value>
         <object_component_ref idref="oc-261"/>
      </symbol>
      <symbol id="sm-1f5">
         <name>_OLED_WR_Byte</name>
         <value>0x9066</value>
         <object_component_ref idref="oc-261"/>
      </symbol>
      <symbol id="sm-1f7">
         <name>_OLED_GRAM</name>
         <value>0xa800</value>
         <object_component_ref idref="oc-267"/>
      </symbol>
      <symbol id="sm-1f8">
         <name>_I2C_Stop</name>
         <value>0x9051</value>
         <object_component_ref idref="oc-261"/>
      </symbol>
      <symbol id="sm-1fa">
         <name>_OLED_ClearPoint</name>
         <value>0x9099</value>
         <object_component_ref idref="oc-261"/>
      </symbol>
      <symbol id="sm-1fc">
         <name>_I2C_Start</name>
         <value>0x902a</value>
         <object_component_ref idref="oc-261"/>
      </symbol>
      <symbol id="sm-1fe">
         <name>_OLED_Clear</name>
         <value>0x92c3</value>
         <object_component_ref idref="oc-261"/>
      </symbol>
      <symbol id="sm-200">
         <name>_OLED_Init</name>
         <value>0x92ef</value>
         <object_component_ref idref="oc-261"/>
      </symbol>
      <symbol id="sm-202">
         <name>_OLED_DrawPoint</name>
         <value>0x90b2</value>
         <object_component_ref idref="oc-261"/>
      </symbol>
      <symbol id="sm-204">
         <name>_OLED_DisPlay_Off</name>
         <value>0x943d</value>
         <object_component_ref idref="oc-261"/>
      </symbol>
      <symbol id="sm-206">
         <name>_OLED_ShowFloat</name>
         <value>0x9245</value>
         <object_component_ref idref="oc-261"/>
      </symbol>
      <symbol id="sm-208">
         <name>_OLED_Pow</name>
         <value>0x916d</value>
         <object_component_ref idref="oc-261"/>
      </symbol>
      <symbol id="sm-20a">
         <name>_OLED_DrawLine</name>
         <value>0x9364</value>
         <object_component_ref idref="oc-261"/>
      </symbol>
      <symbol id="sm-20c">
         <name>_OLED_DisplayTurn</name>
         <value>0x9417</value>
         <object_component_ref idref="oc-261"/>
      </symbol>
      <symbol id="sm-20e">
         <name>_OLED_ShowNum</name>
         <value>0x91a4</value>
         <object_component_ref idref="oc-261"/>
      </symbol>
      <symbol id="sm-210">
         <name>_OLED_DisPlay_On</name>
         <value>0x9430</value>
         <object_component_ref idref="oc-261"/>
      </symbol>
      <symbol id="sm-212">
         <name>_OLED_Refresh</name>
         <value>0x925d</value>
         <object_component_ref idref="oc-261"/>
      </symbol>
      <symbol id="sm-21b">
         <name>_asc2_1608</name>
         <value>0xc000</value>
         <object_component_ref idref="oc-bf"/>
      </symbol>
      <symbol id="sm-22a">
         <name>_Board_init</name>
         <value>0xa374</value>
         <object_component_ref idref="oc-260"/>
      </symbol>
      <symbol id="sm-22c">
         <name>_PinMux_init</name>
         <value>0xa356</value>
         <object_component_ref idref="oc-260"/>
      </symbol>
      <symbol id="sm-22e">
         <name>_GPIO_init</name>
         <value>0xa35c</value>
         <object_component_ref idref="oc-260"/>
      </symbol>
      <symbol id="sm-274">
         <name>_CMPSS_configLatchOnPWMSYNC</name>
         <value>0x8fb5</value>
         <object_component_ref idref="oc-269"/>
      </symbol>
      <symbol id="sm-276">
         <name>_CMPSS_configFilterLow</name>
         <value>0x8fca</value>
         <object_component_ref idref="oc-269"/>
      </symbol>
      <symbol id="sm-278">
         <name>_CMPSS_configFilterHigh</name>
         <value>0x8fe2</value>
         <object_component_ref idref="oc-269"/>
      </symbol>
      <symbol id="sm-27a">
         <name>_CMPSS_configRamp</name>
         <value>0x8f96</value>
         <object_component_ref idref="oc-269"/>
      </symbol>
      <symbol id="sm-2ff">
         <name>_GPIO_setAnalogMode</name>
         <value>0x8f18</value>
         <object_component_ref idref="oc-266"/>
      </symbol>
      <symbol id="sm-301">
         <name>_GPIO_setMasterCore</name>
         <value>0x8eb6</value>
         <object_component_ref idref="oc-266"/>
      </symbol>
      <symbol id="sm-303">
         <name>_GPIO_setInterruptPin</name>
         <value>0x8ed8</value>
         <object_component_ref idref="oc-266"/>
      </symbol>
      <symbol id="sm-305">
         <name>_GPIO_setQualificationPeriod</name>
         <value>0x8e0a</value>
         <object_component_ref idref="oc-266"/>
      </symbol>
      <symbol id="sm-307">
         <name>_GPIO_setPinConfig</name>
         <value>0x8e47</value>
         <object_component_ref idref="oc-266"/>
      </symbol>
      <symbol id="sm-309">
         <name>_GPIO_setDirectionMode</name>
         <value>0x8ef8</value>
         <object_component_ref idref="oc-266"/>
      </symbol>
      <symbol id="sm-30b">
         <name>_GPIO_getQualificationMode</name>
         <value>0x8f39</value>
         <object_component_ref idref="oc-266"/>
      </symbol>
      <symbol id="sm-30d">
         <name>_GPIO_getDirectionMode</name>
         <value>0x8f84</value>
         <object_component_ref idref="oc-266"/>
      </symbol>
      <symbol id="sm-30f">
         <name>_GPIO_getPadConfig</name>
         <value>0x8f58</value>
         <object_component_ref idref="oc-266"/>
      </symbol>
      <symbol id="sm-311">
         <name>_GPIO_setQualificationMode</name>
         <value>0x8e25</value>
         <object_component_ref idref="oc-266"/>
      </symbol>
      <symbol id="sm-313">
         <name>_GPIO_setPadConfig</name>
         <value>0x8e77</value>
         <object_component_ref idref="oc-266"/>
      </symbol>
      <symbol id="sm-352">
         <name>_Interrupt_enable</name>
         <value>0x9862</value>
         <object_component_ref idref="oc-25a"/>
      </symbol>
      <symbol id="sm-354">
         <name>_Interrupt_initVectorTable</name>
         <value>0x9802</value>
         <object_component_ref idref="oc-25a"/>
      </symbol>
      <symbol id="sm-356">
         <name>_Interrupt_disable</name>
         <value>0x9910</value>
         <object_component_ref idref="oc-25a"/>
      </symbol>
      <symbol id="sm-358">
         <name>_Interrupt_initModule</name>
         <value>0x981f</value>
         <object_component_ref idref="oc-25a"/>
      </symbol>
      <symbol id="sm-3d2">
         <name>_SysCtl_selectXTALSingleEnded</name>
         <value>0x947d</value>
         <object_component_ref idref="oc-265"/>
      </symbol>
      <symbol id="sm-3d4">
         <name>_SysCtl_selectXTAL</name>
         <value>0x949a</value>
         <object_component_ref idref="oc-265"/>
      </symbol>
      <symbol id="sm-3d6">
         <name>_SysCtl_delay</name>
         <value>0x158</value>
         <object_component_ref idref="oc-155"/>
      </symbol>
      <symbol id="sm-3d7">
         <name>_SysCtl_selectOscSource</name>
         <value>0x94c5</value>
         <object_component_ref idref="oc-265"/>
      </symbol>
      <symbol id="sm-3d9">
         <name>_SysCtl_isPLLValid</name>
         <value>0x94f2</value>
         <object_component_ref idref="oc-265"/>
      </symbol>
      <symbol id="sm-3db">
         <name>_SysCtl_setClock</name>
         <value>0x95d6</value>
         <object_component_ref idref="oc-265"/>
      </symbol>
      <symbol id="sm-3dd">
         <name>_SysCtl_getLowSpeedClock</name>
         <value>0x96e9</value>
         <object_component_ref idref="oc-265"/>
      </symbol>
      <symbol id="sm-3df">
         <name>_SysCtl_getClock</name>
         <value>0x9699</value>
         <object_component_ref idref="oc-265"/>
      </symbol>
      <symbol id="sm-3e1">
         <name>_SysCtl_getDeviceParametric</name>
         <value>0x96fe</value>
         <object_component_ref idref="oc-265"/>
      </symbol>
      <symbol id="sm-400">
         <name>_XBAR_setOutputMuxConfig</name>
         <value>0x9cc3</value>
         <object_component_ref idref="oc-26a"/>
      </symbol>
      <symbol id="sm-402">
         <name>_XBAR_setCLBMuxConfig</name>
         <value>0x9d11</value>
         <object_component_ref idref="oc-26a"/>
      </symbol>
      <symbol id="sm-404">
         <name>_XBAR_setEPWMMuxConfig</name>
         <value>0x9cea</value>
         <object_component_ref idref="oc-26a"/>
      </symbol>
      <symbol id="sm-406">
         <name>_XBAR_clearInputFlag</name>
         <value>0x9d6a</value>
         <object_component_ref idref="oc-26a"/>
      </symbol>
      <symbol id="sm-408">
         <name>_XBAR_getInputFlagStatus</name>
         <value>0x9d38</value>
         <object_component_ref idref="oc-26a"/>
      </symbol>
      <symbol id="sm-419">
         <name>_Example_Fail</name>
         <value>0xac9c</value>
         <object_component_ref idref="oc-166"/>
      </symbol>
      <symbol id="sm-41a">
         <name>_Device_initGPIO</name>
         <value>0x995f</value>
         <object_component_ref idref="oc-25f"/>
      </symbol>
      <symbol id="sm-41c">
         <name>___error__</name>
         <value>0x995c</value>
         <object_component_ref idref="oc-25f"/>
      </symbol>
      <symbol id="sm-41e">
         <name>_Device_init</name>
         <value>0x9a46</value>
         <object_component_ref idref="oc-25f"/>
      </symbol>
      <symbol id="sm-420">
         <name>_Example_PassCount</name>
         <value>0xac9a</value>
         <object_component_ref idref="oc-166"/>
      </symbol>
      <symbol id="sm-421">
         <name>_Device_enableAllPeripherals</name>
         <value>0x996f</value>
         <object_component_ref idref="oc-25f"/>
      </symbol>
      <symbol id="sm-432">
         <name>code_start</name>
         <value>0x0</value>
         <object_component_ref idref="oc-16c"/>
      </symbol>
      <symbol id="sm-449">
         <name>_RFFT_adc_f32u</name>
         <value>0x9d96</value>
         <object_component_ref idref="oc-171"/>
      </symbol>
      <symbol id="sm-457">
         <name>_RFFT_f32_mag</name>
         <value>0x9e34</value>
         <object_component_ref idref="oc-176"/>
      </symbol>
      <symbol id="sm-48d">
         <name>_rfft_adc_f32_Stages4andUp</name>
         <value>0x9b2c</value>
         <object_component_ref idref="oc-180"/>
      </symbol>
      <symbol id="sm-48e">
         <name>_RFFT_adc_f32</name>
         <value>0x9a9c</value>
         <object_component_ref idref="oc-180"/>
      </symbol>
      <symbol id="sm-49c">
         <name>_sprintf</name>
         <value>0xa246</value>
         <object_component_ref idref="oc-268"/>
      </symbol>
      <symbol id="sm-4ca">
         <name>_c_int00</name>
         <value>0xa1f0</value>
         <object_component_ref idref="oc-90"/>
      </symbol>
      <symbol id="sm-4cb">
         <name>__stack</name>
         <value>0x400</value>
         <object_component_ref idref="oc-194"/>
      </symbol>
      <symbol id="sm-4dc">
         <name>FS$$DIV</name>
         <value>0xa08b</value>
         <object_component_ref idref="oc-19a"/>
      </symbol>
      <symbol id="sm-4eb">
         <name>_copy_in</name>
         <value>0xa3a3</value>
         <object_component_ref idref="oc-256"/>
      </symbol>
      <symbol id="sm-4fd">
         <name>_memcpy</name>
         <value>0xa423</value>
         <object_component_ref idref="oc-25b"/>
      </symbol>
      <symbol id="sm-50a">
         <name>__system_pre_init</name>
         <value>0x97fb</value>
         <object_component_ref idref="oc-255"/>
      </symbol>
      <symbol id="sm-518">
         <name>__system_post_cinit</name>
         <value>0x8fff</value>
         <object_component_ref idref="oc-257"/>
      </symbol>
      <symbol id="sm-52d">
         <name>C$$EXIT</name>
         <value>0xa32d</value>
         <object_component_ref idref="oc-259"/>
      </symbol>
      <symbol id="sm-52e">
         <name>_exit</name>
         <value>0xa32f</value>
         <object_component_ref idref="oc-259"/>
      </symbol>
      <symbol id="sm-530">
         <name>___TI_cleanup_ptr</name>
         <value>0xac96</value>
         <object_component_ref idref="oc-1b5"/>
      </symbol>
      <symbol id="sm-531">
         <name>___TI_enable_exit_profile_output</name>
         <value>0xac94</value>
         <object_component_ref idref="oc-1b5"/>
      </symbol>
      <symbol id="sm-532">
         <name>_abort</name>
         <value>0xa32d</value>
         <object_component_ref idref="oc-259"/>
      </symbol>
      <symbol id="sm-534">
         <name>___TI_dtors_ptr</name>
         <value>0xac98</value>
         <object_component_ref idref="oc-1b5"/>
      </symbol>
      <symbol id="sm-548">
         <name>__unlock</name>
         <value>0xaca0</value>
         <object_component_ref idref="oc-26b"/>
      </symbol>
      <symbol id="sm-549">
         <name>__lock</name>
         <value>0xac9e</value>
         <object_component_ref idref="oc-25d"/>
      </symbol>
      <symbol id="sm-54a">
         <name>__register_lock</name>
         <value>0xa4be</value>
         <object_component_ref idref="oc-263"/>
      </symbol>
      <symbol id="sm-54c">
         <name>__nop</name>
         <value>0xa4c2</value>
         <object_component_ref idref="oc-263"/>
      </symbol>
      <symbol id="sm-54e">
         <name>__register_unlock</name>
         <value>0xa4ba</value>
         <object_component_ref idref="oc-263"/>
      </symbol>
      <symbol id="sm-55e">
         <name>__args_main</name>
         <value>0x97e9</value>
         <object_component_ref idref="oc-258"/>
      </symbol>
      <symbol id="sm-6c2">
         <name>___TI_printfi</name>
         <value>0x8c79</value>
         <object_component_ref idref="oc-26c"/>
      </symbol>
      <symbol id="sm-6d6">
         <name>_frexpl</name>
         <value>0xa196</value>
         <object_component_ref idref="oc-276"/>
      </symbol>
      <symbol id="sm-6f5">
         <name>_scalbnl</name>
         <value>0x973b</value>
         <object_component_ref idref="oc-277"/>
      </symbol>
      <symbol id="sm-6f7">
         <name>_ldexpl</name>
         <value>0x973b</value>
         <object_component_ref idref="oc-277"/>
      </symbol>
      <symbol id="sm-712">
         <name>FD$$ADD</name>
         <value>0x9ed0</value>
         <object_component_ref idref="oc-1d7"/>
      </symbol>
      <symbol id="sm-722">
         <name>FD$$CMP</name>
         <value>0xa2d9</value>
         <object_component_ref idref="oc-1dc"/>
      </symbol>
      <symbol id="sm-734">
         <name>FD$$MPY</name>
         <value>0xa113</value>
         <object_component_ref idref="oc-1e1"/>
      </symbol>
      <symbol id="sm-741">
         <name>FD$$NEG</name>
         <value>0xa4c3</value>
         <object_component_ref idref="oc-1e6"/>
      </symbol>
      <symbol id="sm-74d">
         <name>FD$$SUB</name>
         <value>0xa4a0</value>
         <object_component_ref idref="oc-1eb"/>
      </symbol>
      <symbol id="sm-75c">
         <name>FD$$TOI</name>
         <value>0xa3c7</value>
         <object_component_ref idref="oc-1f0"/>
      </symbol>
      <symbol id="sm-76b">
         <name>FD$$TOL</name>
         <value>0x87e1</value>
         <object_component_ref idref="oc-1f5"/>
      </symbol>
      <symbol id="sm-777">
         <name>LL$$AND</name>
         <value>0xa478</value>
         <object_component_ref idref="oc-1fa"/>
      </symbol>
      <symbol id="sm-778">
         <name>LL$$OR</name>
         <value>0xa480</value>
         <object_component_ref idref="oc-1fa"/>
      </symbol>
      <symbol id="sm-779">
         <name>LL$$XOR</name>
         <value>0xa488</value>
         <object_component_ref idref="oc-1fa"/>
      </symbol>
      <symbol id="sm-787">
         <name>ULL$$CMP</name>
         <value>0xa3fa</value>
         <object_component_ref idref="oc-1ff"/>
      </symbol>
      <symbol id="sm-788">
         <name>LL$$CMP</name>
         <value>0xa3e8</value>
         <object_component_ref idref="oc-1ff"/>
      </symbol>
      <symbol id="sm-7b4">
         <name>ULL$$MOD</name>
         <value>0x877f</value>
         <object_component_ref idref="oc-204"/>
      </symbol>
      <symbol id="sm-7b5">
         <name>ULL$$DIV</name>
         <value>0x8750</value>
         <object_component_ref idref="oc-204"/>
      </symbol>
      <symbol id="sm-7b6">
         <name>LL$$MOD</name>
         <value>0x8716</value>
         <object_component_ref idref="oc-204"/>
      </symbol>
      <symbol id="sm-7b7">
         <name>LL$$DIV</name>
         <value>0x86da</value>
         <object_component_ref idref="oc-204"/>
      </symbol>
      <symbol id="sm-7c7">
         <name>I$$TOFD</name>
         <value>0xa406</value>
         <object_component_ref idref="oc-209"/>
      </symbol>
      <symbol id="sm-7d7">
         <name>L$$TOFD</name>
         <value>0xa45c</value>
         <object_component_ref idref="oc-20e"/>
      </symbol>
      <symbol id="sm-7e7">
         <name>FS$$TOFD</name>
         <value>0xa440</value>
         <object_component_ref idref="oc-213"/>
      </symbol>
      <symbol id="sm-7fe">
         <name>FD$$DIV</name>
         <value>0xa000</value>
         <object_component_ref idref="oc-218"/>
      </symbol>
      <symbol id="sm-80c">
         <name>___TI_ltoa</name>
         <value>0xa2a9</value>
         <object_component_ref idref="oc-275"/>
      </symbol>
      <symbol id="sm-821">
         <name>_atoi</name>
         <value>0xa278</value>
         <object_component_ref idref="oc-26d"/>
      </symbol>
      <symbol id="sm-82a">
         <name>__ctypes_</name>
         <value>0xaca6</value>
         <object_component_ref idref="oc-274"/>
      </symbol>
      <symbol id="sm-839">
         <name>_memccpy</name>
         <value>0xa490</value>
         <object_component_ref idref="oc-272"/>
      </symbol>
      <symbol id="sm-848">
         <name>_memset</name>
         <value>0xa4dd</value>
         <object_component_ref idref="oc-26f"/>
      </symbol>
      <symbol id="sm-858">
         <name>_strchr</name>
         <value>0xa4ae</value>
         <object_component_ref idref="oc-278"/>
      </symbol>
      <symbol id="sm-866">
         <name>_strcpy</name>
         <value>0x8ffa</value>
         <object_component_ref idref="oc-270"/>
      </symbol>
      <symbol id="sm-874">
         <name>_strlen</name>
         <value>0xa4d5</value>
         <object_component_ref idref="oc-26e"/>
      </symbol>
      <symbol id="sm-87f">
         <name>_errno</name>
         <value>0xaca4</value>
         <object_component_ref idref="oc-244"/>
      </symbol>
      <symbol id="sm-88d">
         <name>_wcslen</name>
         <value>0xa4cc</value>
         <object_component_ref idref="oc-273"/>
      </symbol>
      <symbol id="sm-89b">
         <name>_copysignl</name>
         <value>0xa37e</value>
         <object_component_ref idref="oc-279"/>
      </symbol>
      <symbol id="sm-8a8">
         <name>UL$$MOD</name>
         <value>0xa327</value>
         <object_component_ref idref="oc-250"/>
      </symbol>
      <symbol id="sm-8a9">
         <name>L$$MOD</name>
         <value>0xa312</value>
         <object_component_ref idref="oc-250"/>
      </symbol>
      <symbol id="sm-8aa">
         <name>L$$DIV</name>
         <value>0xa303</value>
         <object_component_ref idref="oc-250"/>
      </symbol>
      <symbol id="sm-8ab">
         <name>UL$$DIV</name>
         <value>0xa320</value>
         <object_component_ref idref="oc-250"/>
      </symbol>
   </symbol_table>
   <title>Link successful</title>
</link_info>
